Archive member included to satisfy reference by file (symbol)

C:/Users/nahue/.pico-sdk/toolchain/14_2_Rel1/bin/../lib/gcc/arm-none-eabi/14.2.1/thumb/v8-m.main+fp/softfp\libm.a(libm_a-wf_sqrt.o)
                              CMakeFiles/leds.dir/C_/Users/nahue/.pico-sdk/sdk/2.2.0/src/rp2_common/pico_float/float_math.c.obj (sqrtf)
C:/Users/nahue/.pico-sdk/toolchain/14_2_Rel1/bin/../lib/gcc/arm-none-eabi/14.2.1/thumb/v8-m.main+fp/softfp\libm.a(libm_a-ef_sqrt.o)
                              C:/Users/nahue/.pico-sdk/toolchain/14_2_Rel1/bin/../lib/gcc/arm-none-eabi/14.2.1/thumb/v8-m.main+fp/softfp\libm.a(libm_a-wf_sqrt.o) (__ieee754_sqrtf)
C:/Users/nahue/.pico-sdk/toolchain/14_2_Rel1/bin/../lib/gcc/arm-none-eabi/14.2.1/thumb/v8-m.main+fp/softfp\libgcc.a(_arm_addsubdf3.o)
                              CMakeFiles/leds.dir/C_/Users/nahue/.pico-sdk/sdk/2.2.0/src/rp2_common/pico_float/float_math.c.obj (__aeabi_f2d)
C:/Users/nahue/.pico-sdk/toolchain/14_2_Rel1/bin/../lib/gcc/arm-none-eabi/14.2.1/thumb/v8-m.main+fp/softfp\libgcc.a(_aeabi_ldivmod.o)
                              CMakeFiles/leds.dir/C_/Users/nahue/.pico-sdk/sdk/2.2.0/src/common/pico_time/time.c.obj (__aeabi_ldivmod)
C:/Users/nahue/.pico-sdk/toolchain/14_2_Rel1/bin/../lib/gcc/arm-none-eabi/14.2.1/thumb/v8-m.main+fp/softfp\libgcc.a(_aeabi_uldivmod.o)
                              CMakeFiles/leds.dir/C_/Users/nahue/.pico-sdk/sdk/2.2.0/src/rp2_common/hardware_clocks/clocks.c.obj (__aeabi_uldivmod)
C:/Users/nahue/.pico-sdk/toolchain/14_2_Rel1/bin/../lib/gcc/arm-none-eabi/14.2.1/thumb/v8-m.main+fp/softfp\libgcc.a(_udivmoddi4.o)
                              C:/Users/nahue/.pico-sdk/toolchain/14_2_Rel1/bin/../lib/gcc/arm-none-eabi/14.2.1/thumb/v8-m.main+fp/softfp\libgcc.a(_aeabi_ldivmod.o) (__udivmoddi4)
C:/Users/nahue/.pico-sdk/toolchain/14_2_Rel1/bin/../lib/gcc/arm-none-eabi/14.2.1/thumb/v8-m.main+fp/softfp\libgcc.a(_dvmd_tls.o)
                              C:/Users/nahue/.pico-sdk/toolchain/14_2_Rel1/bin/../lib/gcc/arm-none-eabi/14.2.1/thumb/v8-m.main+fp/softfp\libgcc.a(_aeabi_ldivmod.o) (__aeabi_ldiv0)
C:/Users/nahue/.pico-sdk/toolchain/14_2_Rel1/bin/../lib/gcc/arm-none-eabi/14.2.1/thumb/v8-m.main+fp/softfp\libg.a(libc_a-calloc.o)
                              CMakeFiles/leds.dir/C_/Users/nahue/.pico-sdk/sdk/2.2.0/src/rp2_common/pico_malloc/malloc.c.obj (calloc)
C:/Users/nahue/.pico-sdk/toolchain/14_2_Rel1/bin/../lib/gcc/arm-none-eabi/14.2.1/thumb/v8-m.main+fp/softfp\libg.a(libc_a-callocr.o)
                              C:/Users/nahue/.pico-sdk/toolchain/14_2_Rel1/bin/../lib/gcc/arm-none-eabi/14.2.1/thumb/v8-m.main+fp/softfp\libg.a(libc_a-calloc.o) (_calloc_r)
C:/Users/nahue/.pico-sdk/toolchain/14_2_Rel1/bin/../lib/gcc/arm-none-eabi/14.2.1/thumb/v8-m.main+fp/softfp\libg.a(libc_a-malloc.o)
                              CMakeFiles/leds.dir/C_/Users/nahue/.pico-sdk/sdk/2.2.0/src/rp2_common/pico_malloc/malloc.c.obj (malloc)
C:/Users/nahue/.pico-sdk/toolchain/14_2_Rel1/bin/../lib/gcc/arm-none-eabi/14.2.1/thumb/v8-m.main+fp/softfp\libg.a(libc_a-mallocr.o)
                              C:/Users/nahue/.pico-sdk/toolchain/14_2_Rel1/bin/../lib/gcc/arm-none-eabi/14.2.1/thumb/v8-m.main+fp/softfp\libg.a(libc_a-callocr.o) (_malloc_r)
C:/Users/nahue/.pico-sdk/toolchain/14_2_Rel1/bin/../lib/gcc/arm-none-eabi/14.2.1/thumb/v8-m.main+fp/softfp\libg.a(libc_a-mlock.o)
                              C:/Users/nahue/.pico-sdk/toolchain/14_2_Rel1/bin/../lib/gcc/arm-none-eabi/14.2.1/thumb/v8-m.main+fp/softfp\libg.a(libc_a-mallocr.o) (__malloc_lock)
C:/Users/nahue/.pico-sdk/toolchain/14_2_Rel1/bin/../lib/gcc/arm-none-eabi/14.2.1/thumb/v8-m.main+fp/softfp\libg.a(libc_a-realloc.o)
                              CMakeFiles/leds.dir/C_/Users/nahue/.pico-sdk/sdk/2.2.0/src/rp2_common/pico_malloc/malloc.c.obj (realloc)
C:/Users/nahue/.pico-sdk/toolchain/14_2_Rel1/bin/../lib/gcc/arm-none-eabi/14.2.1/thumb/v8-m.main+fp/softfp\libg.a(libc_a-reallocr.o)
                              C:/Users/nahue/.pico-sdk/toolchain/14_2_Rel1/bin/../lib/gcc/arm-none-eabi/14.2.1/thumb/v8-m.main+fp/softfp\libg.a(libc_a-realloc.o) (_realloc_r)
C:/Users/nahue/.pico-sdk/toolchain/14_2_Rel1/bin/../lib/gcc/arm-none-eabi/14.2.1/thumb/v8-m.main+fp/softfp\libg.a(libc_a-memcmp.o)
                              CMakeFiles/leds.dir/C_/Users/nahue/.pico-sdk/sdk/2.2.0/src/rp2_common/pico_atomic/atomic.c.obj (memcmp)
C:/Users/nahue/.pico-sdk/toolchain/14_2_Rel1/bin/../lib/gcc/arm-none-eabi/14.2.1/thumb/v8-m.main+fp/softfp\libg.a(libc_a-memmove.o)
                              C:/Users/nahue/.pico-sdk/toolchain/14_2_Rel1/bin/../lib/gcc/arm-none-eabi/14.2.1/thumb/v8-m.main+fp/softfp\libg.a(libc_a-reallocr.o) (memmove)
C:/Users/nahue/.pico-sdk/toolchain/14_2_Rel1/bin/../lib/gcc/arm-none-eabi/14.2.1/thumb/v8-m.main+fp/softfp\libg.a(libc_a-memset.o)
                              C:/Users/nahue/.pico-sdk/toolchain/14_2_Rel1/bin/../lib/gcc/arm-none-eabi/14.2.1/thumb/v8-m.main+fp/softfp/crt0.o (memset)
[...]
Memory Configuration

Name             Origin             Length             Attributes
FLASH            0x10000000         0x00400000         xr
RAM              0x20000000         0x00080000         xrw
SCRATCH_X        0x20080000         0x00001000         xrw
SCRATCH_Y        0x20081000         0x00001000         xrw
*default*        0x00000000         0xffffffff

Linker script and memory map

LOAD C:/Users/nahue/.pico-sdk/toolchain/14_2_Rel1/bin/../lib/gcc/arm-none-eabi/14.2.1/thumb/v8-m.main+fp/softfp/crti.o
LOAD C:/Users/nahue/.pico-sdk/toolchain/14_2_Rel1/bin/../lib/gcc/arm-none-eabi/14.2.1/thumb/v8-m.main+fp/softfp/crtbegin.o
LOAD C:/Users/nahue/.pico-sdk/toolchain/14_2_Rel1/bin/../lib/gcc/arm-none-eabi/14.2.1/thumb/v8-m.main+fp/softfp/crt0.o

.flash_begin    0x10000000        0x0
                0x10000000                        __flash_binary_start = .

.text           0x10000000     0x14f4
                0x10000000                        __logical_binary_start = .
 *(.vectors)
 .vectors       0x10000000      0x124 CMakeFiles/leds.dir/C_/Users/nahue/.pico-sdk/sdk/2.2.0/src/rp2_common/pico_crt0/crt0.S.obj
                0x10000000                __VECTOR_TABLE
                0x10000000                __vectors
                0x10000110                __unhandled_user_irq
                0x10000110                isr_irq49
                0x10000110                isr_irq13
                0x10000110                isr_irq43
                0x10000110                isr_irq45
                0x10000110                isr_irq27
                0x10000110                isr_irq32
                0x10000110                isr_irq31
                0x10000110                isr_irq12
                0x10000110                isr_irq5
                0x10000110                isr_irq11
                0x10000110                isr_irq3
                0x10000110                isr_irq23
                0x10000110                isr_usagefault
                0x10000110                isr_irq48
                0x10000110                isr_irq30
                0x10000110                isr_irq18
                0x10000110                isr_irq50
                0x10000110                isr_irq33
                0x10000110                isr_irq40
                0x10000110                isr_irq28
                0x10000110                isr_irq19
                0x10000110                isr_irq36
                0x10000110                isr_irq41
                0x10000110                isr_irq0
                0x10000110                isr_irq6
                0x10000110                isr_irq26
                0x10000110                isr_irq29
                0x10000110                isr_memmanage
                0x10000110                isr_irq37
                0x10000110                isr_irq42
                0x10000110                isr_irq22
                0x10000110                isr_irq35
                0x10000110                isr_irq17
                0x10000110                isr_irq38
                0x10000110                isr_irq14
                0x10000110                __vectors_end
                0x10000110                __default_isrs_start
                0x10000110                isr_irq2
                0x10000110                isr_irq10
                0x10000110                isr_irq8
                0x10000110                isr_debugmonitor
                0x10000110                isr_irq24
                0x10000110                isr_irq46
                0x10000110                isr_irq1
                0x10000110                isr_irq47
                0x10000110                isr_irq51
                0x10000110                isr_irq7
                0x10000110                isr_irq21
                0x10000110                isr_irq39
                0x10000110                isr_irq20
                0x10000110                isr_irq15
                0x10000110                isr_irq25
                0x10000110                isr_irq34
                0x10000110                isr_irq44
                0x10000110                isr_securefault
                0x10000110                isr_irq4
                0x10000110                isr_busfault
                0x10000110                isr_irq16
                0x10000110                isr_irq9
                0x10000116                unhandled_user_irq_num_in_r0
                0x10000118                isr_invalid
                0x1000011a                isr_nmi
                0x1000011c                isr_hardfault
                0x1000011e                isr_svcall
                0x10000120                isr_pendsv
                0x10000122                isr_systick
                0x10000124                __default_isrs_end
 *(.binary_info_header)
 .binary_info_header
                0x10000124       0x14 CMakeFiles/leds.dir/C_/Users/nahue/.pico-sdk/sdk/2.2.0/src/rp2_common/pico_crt0/crt0.S.obj
                0x10000138                        __binary_info_header_end = .
 *(.embedded_block)
 .embedded_block
                0x10000138       0x14 CMakeFiles/leds.dir/C_/Users/nahue/.pico-sdk/sdk/2.2.0/src/rp2_common/pico_crt0/crt0.S.obj
                0x1000014c                        __embedded_block_end = .
 *(.reset)
 .reset         0x1000014c       0x98 CMakeFiles/leds.dir/C_/Users/nahue/.pico-sdk/sdk/2.2.0/src/rp2_common/pico_crt0/crt0.S.obj
                0x1000014c                _entry_point
 *(.init)
 .init          0x100001e4        0x4 C:/Users/nahue/.pico-sdk/toolchain/14_2_Rel1/bin/../lib/gcc/arm-none-eabi/14.2.1/thumb/v8-m.main+fp/softfp/crti.o
                0x100001e4                _init
 SORT_BY_NAME(REVERSE(*libgcc.a:cmse_nonsecure_call.o))()
 *(EXCLUDE_FILE(*libm.a: *libc.a:*lib_a-mem*.o *libgcc.a:) .text*)
 .text.register_tm_clones
                0x100001e8       0x28 C:/Users/nahue/.pico-sdk/toolchain/14_2_Rel1/bin/../lib/gcc/arm-none-eabi/14.2.1/thumb/v8-m.main+fp/softfp/crtbegin.o
 .text.frame_dummy
                0x10000210       0x24 C:/Users/nahue/.pico-sdk/toolchain/14_2_Rel1/bin/../lib/gcc/arm-none-eabi/14.2.1/thumb/v8-m.main+fp/softfp/crtbegin.o
 .text.startup.main
                0x10000234       0x60 CMakeFiles/leds.dir/leds.c.obj
                0x10000234                main
 .text.gpio_init
                0x10000294       0x48 CMakeFiles/leds.dir/C_/Users/nahue/.pico-sdk/sdk/2.2.0/src/rp2_common/hardware_gpio/gpio.c.obj
                0x10000294                gpio_init
 .text.panic    0x100002dc       0x30 CMakeFiles/leds.dir/C_/Users/nahue/.pico-sdk/sdk/2.2.0/src/rp2_common/pico_platform_panic/panic.c.obj
                0x100002dc                panic
 .text.hw_claim_or_assert
                0x1000030c       0x58 CMakeFiles/leds.dir/C_/Users/nahue/.pico-sdk/sdk/2.2.0/src/common/hardware_claim/claim.c.obj
                0x1000030c                hw_claim_or_assert
 .text.next_striped_spin_lock_num
                0x10000364       0x18 CMakeFiles/leds.dir/C_/Users/nahue/.pico-sdk/sdk/2.2.0/src/rp2_common/hardware_sync/sync.c.obj
                0x10000364                next_striped_spin_lock_num
 .text.spinlock_set_extexclall
                0x1000037c       0x10 CMakeFiles/leds.dir/C_/Users/nahue/.pico-sdk/sdk/2.2.0/src/rp2_common/hardware_sync_spin_lock/sync_spin_lock.c.obj
 .text.spin_locks_reset
                0x1000038c       0x18 CMakeFiles/leds.dir/C_/Users/nahue/.pico-sdk/sdk/2.2.0/src/rp2_common/hardware_sync_spin_lock/sync_spin_lock.c.obj
                0x1000038c                spin_locks_reset
 .text.runtime_init_per_core_irq_priorities
                0x100003a4       0x40 CMakeFiles/leds.dir/C_/Users/nahue/.pico-sdk/sdk/2.2.0/src/rp2_common/hardware_irq/irq.c.obj
                0x100003a4                runtime_init_per_core_irq_priorities
 .text.irq_set_enabled
                0x100003e4       0x2c CMakeFiles/leds.dir/C_/Users/nahue/.pico-sdk/sdk/2.2.0/src/rp2_common/hardware_irq/irq.c.obj
                0x100003e4                irq_set_enabled
 .text.irq_set_exclusive_handler
                0x10000410       0x60 CMakeFiles/leds.dir/C_/Users/nahue/.pico-sdk/sdk/2.2.0/src/rp2_common/hardware_irq/irq.c.obj
                0x10000410                irq_set_exclusive_handler
 .text.lock_init
                0x10000470        0xc CMakeFiles/leds.dir/C_/Users/nahue/.pico-sdk/sdk/2.2.0/src/common/pico_sync/lock_core.c.obj
                0x10000470                lock_init
 .text.runtime_init_mutex
                0x1000047c       0x4c CMakeFiles/leds.dir/C_/Users/nahue/.pico-sdk/sdk/2.2.0/src/common/pico_sync/mutex.c.obj
                0x1000047c                runtime_init_mutex
 .text.sleep_until_callback
                0x100004c8       0x3c CMakeFiles/leds.dir/C_/Users/nahue/.pico-sdk/sdk/2.2.0/src/common/pico_time/time.c.obj
 *fill*         0x10000504        0x4 
 .text.alarm_pool_irq_handler
                0x10000508      0x2f0 CMakeFiles/leds.dir/C_/Users/nahue/.pico-sdk/sdk/2.2.0/src/common/pico_time/time.c.obj
 .text.runtime_init_default_alarm_pool
                0x100007f8      0x100 CMakeFiles/leds.dir/C_/Users/nahue/.pico-sdk/sdk/2.2.0/src/common/pico_time/time.c.obj
                0x100007f8                runtime_init_default_alarm_pool
 .text.alarm_pool_add_alarm_at_force_in_context
                0x100008f8       0xc8 CMakeFiles/leds.dir/C_/Users/nahue/.pico-sdk/sdk/2.2.0/src/common/pico_time/time.c.obj
                0x100008f8                alarm_pool_add_alarm_at_force_in_context
 .text.alarm_pool_cancel_alarm
                0x100009c0       0x80 CMakeFiles/leds.dir/C_/Users/nahue/.pico-sdk/sdk/2.2.0/src/common/pico_time/time.c.obj
                0x100009c0                alarm_pool_cancel_alarm
 .text.sleep_ms
                0x10000a40       0xdc CMakeFiles/leds.dir/C_/Users/nahue/.pico-sdk/sdk/2.2.0/src/common/pico_time/time.c.obj
                0x10000a40                sleep_ms
 .text.best_effort_wfe_or_timeout
                0x10000b1c       0xd4 CMakeFiles/leds.dir/C_/Users/nahue/.pico-sdk/sdk/2.2.0/src/common/pico_time/time.c.obj
                0x10000b1c                best_effort_wfe_or_timeout
 .text.timer_hardware_alarm_claim
                0x10000bf0       0x24 CMakeFiles/leds.dir/C_/Users/nahue/.pico-sdk/sdk/2.2.0/src/rp2_common/hardware_timer/timer.c.obj
                0x10000bf0                timer_hardware_alarm_claim
 .text.timer_time_us_64
                0x10000c14       0x10 CMakeFiles/leds.dir/C_/Users/nahue/.pico-sdk/sdk/2.2.0/src/rp2_common/hardware_timer/timer.c.obj
                0x10000c14                timer_time_us_64
 .text.time_us_64
                0x10000c24       0x14 CMakeFiles/leds.dir/C_/Users/nahue/.pico-sdk/sdk/2.2.0/src/rp2_common/hardware_timer/timer.c.obj
                0x10000c24                time_us_64
 .text.busy_wait_until
                0x10000c38       0x24 CMakeFiles/leds.dir/C_/Users/nahue/.pico-sdk/sdk/2.2.0/src/rp2_common/hardware_timer/timer.c.obj
                0x10000c38                busy_wait_until
 .text.clock_configure_undivided
                0x10000c5c       0xd0 CMakeFiles/leds.dir/C_/Users/nahue/.pico-sdk/sdk/2.2.0/src/rp2_common/hardware_clocks/clocks.c.obj
                0x10000c5c                clock_configure_undivided
 .text.clock_get_hz
                0x10000d2c        0xc CMakeFiles/leds.dir/C_/Users/nahue/.pico-sdk/sdk/2.2.0/src/rp2_common/hardware_clocks/clocks.c.obj
                0x10000d2c                clock_get_hz
 .text.pll_init
                0x10000d38       0x8c CMakeFiles/leds.dir/C_/Users/nahue/.pico-sdk/sdk/2.2.0/src/rp2_common/hardware_pll/pll.c.obj
                0x10000d38                pll_init
 .text.tick_start
                0x10000dc4       0x18 CMakeFiles/leds.dir/C_/Users/nahue/.pico-sdk/sdk/2.2.0/src/rp2_common/hardware_ticks/ticks.c.obj
                0x10000dc4                tick_start
 .text.rom_func_lookup
                0x10000ddc       0x18 CMakeFiles/leds.dir/C_/Users/nahue/.pico-sdk/sdk/2.2.0/src/rp2_common/pico_bootrom/bootrom.c.obj
                0x10000ddc                rom_func_lookup
 .text.runtime_init_bootrom_locking_enable
                0x10000df4       0x14 CMakeFiles/leds.dir/C_/Users/nahue/.pico-sdk/sdk/2.2.0/src/rp2_common/pico_bootrom/bootrom_lock.c.obj
                0x10000df4                runtime_init_bootrom_locking_enable
 .text.runtime_init_boot_locks_reset
                0x10000e08       0x1c CMakeFiles/leds.dir/C_/Users/nahue/.pico-sdk/sdk/2.2.0/src/rp2_common/hardware_boot_lock/boot_lock.c.obj
                0x10000e08                runtime_init_boot_locks_reset
 .text.xosc_init
                0x10000e24       0x30 CMakeFiles/leds.dir/C_/Users/nahue/.pico-sdk/sdk/2.2.0/src/rp2_common/hardware_xosc/xosc.c.obj
                0x10000e24                xosc_init
 .text.first_per_core_initializer
                0x10000e54        0x4 CMakeFiles/leds.dir/C_/Users/nahue/.pico-sdk/sdk/2.2.0/src/rp2_common/pico_runtime/runtime.c.obj
 .text.hard_assertion_failure
                0x10000e58        0xc CMakeFiles/leds.dir/C_/Users/nahue/.pico-sdk/sdk/2.2.0/src/rp2_common/pico_runtime/runtime.c.obj
                0x10000e58                hard_assertion_failure
 .text.runtime_run_initializers
                0x10000e64       0x20 CMakeFiles/leds.dir/C_/Users/nahue/.pico-sdk/sdk/2.2.0/src/rp2_common/pico_runtime/runtime.c.obj
                0x10000e64                runtime_run_initializers
 .text.runtime_init_early_resets
                0x10000e84       0x34 CMakeFiles/leds.dir/C_/Users/nahue/.pico-sdk/sdk/2.2.0/src/rp2_common/pico_runtime_init/runtime_init.c.obj
                0x10000e84                runtime_init_early_resets
 .text.runtime_init_usb_power_down
                0x10000eb8       0x1c CMakeFiles/leds.dir/C_/Users/nahue/.pico-sdk/sdk/2.2.0/src/rp2_common/pico_runtime_init/runtime_init.c.obj
                0x10000eb8                runtime_init_usb_power_down
 .text.runtime_init_per_core_enable_coprocessors
                0x10000ed4       0x1c CMakeFiles/leds.dir/C_/Users/nahue/.pico-sdk/sdk/2.2.0/src/rp2_common/pico_runtime_init/runtime_init.c.obj
                0x10000ed4                runtime_init_per_core_enable_coprocessors
 .text.runtime_init_post_clock_resets
                0x10000ef0       0x20 CMakeFiles/leds.dir/C_/Users/nahue/.pico-sdk/sdk/2.2.0/src/rp2_common/pico_runtime_init/runtime_init.c.obj
                0x10000ef0                runtime_init_post_clock_resets
 .text.runtime_init_bootrom_reset
                0x10000f10       0x14 CMakeFiles/leds.dir/C_/Users/nahue/.pico-sdk/sdk/2.2.0/src/rp2_common/pico_runtime_init/runtime_init.c.obj
                0x10000f10                runtime_init_bootrom_reset
 .text.runtime_init_per_core_bootrom_reset
                0x10000f24       0x14 CMakeFiles/leds.dir/C_/Users/nahue/.pico-sdk/sdk/2.2.0/src/rp2_common/pico_runtime_init/runtime_init.c.obj
                0x10000f24                runtime_init_per_core_bootrom_reset
 .text.runtime_init_spin_locks_reset
                0x10000f38        0x4 CMakeFiles/leds.dir/C_/Users/nahue/.pico-sdk/sdk/2.2.0/src/rp2_common/pico_runtime_init/runtime_init.c.obj
                0x10000f38                runtime_init_spin_locks_reset
 .text.runtime_init_install_ram_vector_table
                0x10000f3c       0x68 CMakeFiles/leds.dir/C_/Users/nahue/.pico-sdk/sdk/2.2.0/src/rp2_common/pico_runtime_init/runtime_init.c.obj
                0x10000f3c                runtime_init_install_ram_vector_table
 .text.runtime_init_clocks
                0x10000fa4       0xdc CMakeFiles/leds.dir/C_/Users/nahue/.pico-sdk/sdk/2.2.0/src/rp2_common/pico_runtime_init/runtime_init_clocks.c.obj
                0x10000fa4                runtime_init_clocks
 .text._out_char
                0x10001080        0x8 CMakeFiles/leds.dir/C_/Users/nahue/.pico-sdk/sdk/2.2.0/src/rp2_common/pico_printf/printf.c.obj
 .text.weak_raw_vprintf
                0x10001088       0x30 CMakeFiles/leds.dir/C_/Users/nahue/.pico-sdk/sdk/2.2.0/src/rp2_common/pico_printf/printf.c.obj
                0x10001088                weak_raw_vprintf
 .text._exit    0x100010b8        0x4 CMakeFiles/leds.dir/C_/Users/nahue/.pico-sdk/sdk/2.2.0/src/rp2_common/pico_clib_interface/newlib_interface.c.obj
                0x100010b8                _exit
 .text.exit     0x100010bc        0x8 CMakeFiles/leds.dir/C_/Users/nahue/.pico-sdk/sdk/2.2.0/src/rp2_common/pico_clib_interface/newlib_interface.c.obj
                0x100010bc                exit
 .text.runtime_init
                0x100010c4       0x24 CMakeFiles/leds.dir/C_/Users/nahue/.pico-sdk/sdk/2.2.0/src/rp2_common/pico_clib_interface/newlib_interface.c.obj
                0x100010c4                runtime_init
 .text.stdio_out_chars_no_crlf
                0x100010e8        0x8 CMakeFiles/leds.dir/C_/Users/nahue/.pico-sdk/sdk/2.2.0/src/rp2_common/pico_stdio/stdio.c.obj
 .text.stdio_out_chars_crlf
                0x100010f0       0xb0 CMakeFiles/leds.dir/C_/Users/nahue/.pico-sdk/sdk/2.2.0/src/rp2_common/pico_stdio/stdio.c.obj
 .text.stdio_put_string
                0x100011a0       0xec CMakeFiles/leds.dir/C_/Users/nahue/.pico-sdk/sdk/2.2.0/src/rp2_common/pico_stdio/stdio.c.obj
                0x100011a0                stdio_put_string
 .text.stdio_init_all
                0x1000128c        0x4 CMakeFiles/leds.dir/C_/Users/nahue/.pico-sdk/sdk/2.2.0/src/rp2_common/pico_stdio/stdio.c.obj
                0x1000128c                stdio_init_all
 .text.__wrap_putchar
                0x10001290       0x84 CMakeFiles/leds.dir/C_/Users/nahue/.pico-sdk/sdk/2.2.0/src/rp2_common/pico_stdio/stdio.c.obj
                0x10001290                __wrap_putchar
                0x10001290                stdio_putchar
 .text.__wrap_puts
                0x10001314       0x3c CMakeFiles/leds.dir/C_/Users/nahue/.pico-sdk/sdk/2.2.0/src/rp2_common/pico_stdio/stdio.c.obj
                0x10001314                stdio_puts
                0x10001314                __wrap_puts
 .text          0x10001350       0xec C:/Users/nahue/.pico-sdk/toolchain/14_2_Rel1/bin/../lib/gcc/arm-none-eabi/14.2.1/thumb/v8-m.main+fp/softfp\libg.a(libc_a-memcpy.o)
                0x10001350                memcpy
 .text.strlen   0x1000143c       0x5c C:/Users/nahue/.pico-sdk/toolchain/14_2_Rel1/bin/../lib/gcc/arm-none-eabi/14.2.1/thumb/v8-m.main+fp/softfp\libg.a(libc_a-strlen-stub.o)
                0x1000143c                strlen
 *(.fini)
 .fini          0x10001498        0x4 C:/Users/nahue/.pico-sdk/toolchain/14_2_Rel1/bin/../lib/gcc/arm-none-eabi/14.2.1/thumb/v8-m.main+fp/softfp/crti.o
                0x10001498                _fini
 *fill*         0x1000149c        0x4 
 .fini.__stub   0x100014a0       0x10 linker stubs
 *crtbegin.o(.ctors)
 *crtbegin?.o(.ctors)
 *(EXCLUDE_FILE(*crtend.o *crtend?.o) .ctors)
 *(SORT_BY_NAME(.ctors.*))
 *(.ctors)
 *crtbegin.o(.dtors)
 *crtbegin?.o(.dtors)
 *(EXCLUDE_FILE(*crtend.o *crtend?.o) .dtors)
 *(SORT_BY_NAME(.dtors.*))
 *(.dtors)
                0x100014b0                        . = ALIGN (0x4)
                0x100014b0                        PROVIDE (__preinit_array_start = .)
 *(SORT_BY_NAME(.preinit_array.*))
 .preinit_array.00050
                0x100014b0        0x4 CMakeFiles/leds.dir/C_/Users/nahue/.pico-sdk/sdk/2.2.0/src/rp2_common/pico_runtime_init/runtime_init.c.obj
                0x100014b0                __pre_init_runtime_init_bootrom_reset
 .preinit_array.00100
                0x100014b4        0x4 CMakeFiles/leds.dir/C_/Users/nahue/.pico-sdk/sdk/2.2.0/src/rp2_common/pico_runtime_init/runtime_init.c.obj
                0x100014b4                __pre_init_runtime_init_early_resets
 .preinit_array.00101
                0x100014b8        0x4 CMakeFiles/leds.dir/C_/Users/nahue/.pico-sdk/sdk/2.2.0/src/rp2_common/pico_runtime_init/runtime_init.c.obj
                0x100014b8                __pre_init_runtime_init_usb_power_down
 .preinit_array.00500
                0x100014bc        0x4 CMakeFiles/leds.dir/C_/Users/nahue/.pico-sdk/sdk/2.2.0/src/rp2_common/pico_runtime_init/runtime_init.c.obj
                0x100014bc                __pre_init_runtime_init_clocks
 .preinit_array.00600
                0x100014c0        0x4 CMakeFiles/leds.dir/C_/Users/nahue/.pico-sdk/sdk/2.2.0/src/rp2_common/pico_runtime_init/runtime_init.c.obj
                0x100014c0                __pre_init_runtime_init_post_clock_resets
 .preinit_array.01000
                0x100014c4        0x4 CMakeFiles/leds.dir/C_/Users/nahue/.pico-sdk/sdk/2.2.0/src/rp2_common/hardware_boot_lock/boot_lock.c.obj
                0x100014c4                __pre_init_runtime_init_boot_locks_reset
 .preinit_array.01000
                0x100014c8        0x4 CMakeFiles/leds.dir/C_/Users/nahue/.pico-sdk/sdk/2.2.0/src/rp2_common/pico_runtime_init/runtime_init.c.obj
                0x100014c8                __pre_init_runtime_init_spin_locks_reset
 .preinit_array.01010
                0x100014cc        0x4 CMakeFiles/leds.dir/C_/Users/nahue/.pico-sdk/sdk/2.2.0/src/rp2_common/pico_bootrom/bootrom_lock.c.obj
                0x100014cc                __pre_init_runtime_init_bootrom_locking_enable
 .preinit_array.01100
                0x100014d0        0x4 CMakeFiles/leds.dir/C_/Users/nahue/.pico-sdk/sdk/2.2.0/src/common/pico_sync/mutex.c.obj
                0x100014d0                __pre_init_runtime_init_mutex
 .preinit_array.10080
                0x100014d4        0x4 CMakeFiles/leds.dir/C_/Users/nahue/.pico-sdk/sdk/2.2.0/src/rp2_common/pico_runtime_init/runtime_init.c.obj
                0x100014d4                __pre_init_runtime_init_install_ram_vector_table
 .preinit_array.11000
                0x100014d8        0x4 CMakeFiles/leds.dir/C_/Users/nahue/.pico-sdk/sdk/2.2.0/src/common/pico_time/time.c.obj
                0x100014d8                __pre_init_runtime_init_default_alarm_pool
 .preinit_array.YYYYY
                0x100014dc        0x4 CMakeFiles/leds.dir/C_/Users/nahue/.pico-sdk/sdk/2.2.0/src/rp2_common/pico_runtime/runtime.c.obj
                0x100014dc                __pre_init_first_per_core_initializer
 .preinit_array.ZZZZZ.00051
                0x100014e0        0x4 CMakeFiles/leds.dir/C_/Users/nahue/.pico-sdk/sdk/2.2.0/src/rp2_common/pico_runtime_init/runtime_init.c.obj
                0x100014e0                __pre_init_runtime_init_per_core_bootrom_reset
 .preinit_array.ZZZZZ.00200
                0x100014e4        0x4 CMakeFiles/leds.dir/C_/Users/nahue/.pico-sdk/sdk/2.2.0/src/rp2_common/pico_runtime_init/runtime_init.c.obj
                0x100014e4                __pre_init_runtime_init_per_core_enable_coprocessors
 .preinit_array.ZZZZZ.01000
                0x100014e8        0x4 CMakeFiles/leds.dir/C_/Users/nahue/.pico-sdk/sdk/2.2.0/src/rp2_common/hardware_sync_spin_lock/sync_spin_lock.c.obj
                0x100014e8                __pre_init_spinlock_set_extexclall
 .preinit_array.ZZZZZ.01200
                0x100014ec        0x4 CMakeFiles/leds.dir/C_/Users/nahue/.pico-sdk/sdk/2.2.0/src/rp2_common/hardware_irq/irq.c.obj
                0x100014ec                __pre_init_runtime_init_per_core_irq_priorities
 *(.preinit_array)
                0x100014f0                        PROVIDE (__preinit_array_end = .)
                0x100014f0                        . = ALIGN (0x4)
                0x100014f0                        PROVIDE (__init_array_start = .)
 *(SORT_BY_NAME(.init_array.*))
 *(.init_array)
 .init_array    0x100014f0        0x4 C:/Users/nahue/.pico-sdk/toolchain/14_2_Rel1/bin/../lib/gcc/arm-none-eabi/14.2.1/thumb/v8-m.main+fp/softfp/crtbegin.o
                0x100014f4                        PROVIDE (__init_array_end = .)
                0x100014f4                        . = ALIGN (0x4)
                [!provide]                        PROVIDE (__fini_array_start = .)
 *(SORT_BY_NAME(.fini_array.*))
 *(.fini_array)
                [!provide]                        PROVIDE (__fini_array_end = .)
 *(.eh_frame*)
 .eh_frame      0x100014f4        0x0 C:/Users/nahue/.pico-sdk/toolchain/14_2_Rel1/bin/../lib/gcc/arm-none-eabi/14.2.1/thumb/v8-m.main+fp/softfp/crtbegin.o
                0x100014f4                        . = ALIGN (0x4)

.glue_7         0x100014f4        0x0
 .glue_7        0x100014f4        0x0 linker stubs

.glue_7t        0x100014f4        0x0
 .glue_7t       0x100014f4        0x0 linker stubs

.vfp11_veneer   0x100014f4        0x0
 .vfp11_veneer  0x100014f4        0x0 linker stubs

.v4_bx          0x100014f4        0x0
 .v4_bx         0x100014f4        0x0 linker stubs

.iplt           0x100014f4        0x0
 .iplt          0x100014f4        0x0 C:/Users/nahue/.pico-sdk/toolchain/14_2_Rel1/bin/../lib/gcc/arm-none-eabi/14.2.1/thumb/v8-m.main+fp/softfp/crtbegin.o

.boot2          0x100014f4        0x0
                0x100014f4                        __boot2_start__ = .
 *(.boot2)
                0x100014f4                        __boot2_end__ = .
                0x00000001                        ASSERT (((__boot2_end__ - __boot2_start__) <= 0x100), ERROR: Pico second stage bootloader must be no more than 256 bytes in size)

.rodata         0x100014f4      0x144
 *(EXCLUDE_FILE(*libm.a: *libc.a:*lib_a-mem*.o *libgcc.a:) .rodata*)
 .rodata.main.str1.4
                0x100014f4       0xe0 CMakeFiles/leds.dir/leds.c.obj
                                 0x5a (size before relaxing)
 .rodata.panic.str1.4
                0x100015d4       0x12 CMakeFiles/leds.dir/C_/Users/nahue/.pico-sdk/sdk/2.2.0/src/rp2_common/pico_platform_panic/panic.c.obj
 .rodata.timer_hardware_alarm_claim.str1.4
                0x100015d4       0x22 CMakeFiles/leds.dir/C_/Users/nahue/.pico-sdk/sdk/2.2.0/src/rp2_common/hardware_timer/timer.c.obj
 .rodata.hard_assertion_failure.str1.4
                0x100015d4        0xc CMakeFiles/leds.dir/C_/Users/nahue/.pico-sdk/sdk/2.2.0/src/rp2_common/pico_runtime/runtime.c.obj
 .rodata.str1.4
                0x100015d4       0x40 CMakeFiles/leds.dir/C_/Users/nahue/.pico-sdk/sdk/2.2.0/src/rp2_common/pico_standard_binary_info/standard_binary_info.c.obj
 .rodata.__bi_84
                0x100015d4        0xc CMakeFiles/leds.dir/C_/Users/nahue/.pico-sdk/sdk/2.2.0/src/rp2_common/pico_standard_binary_info/standard_binary_info.c.obj
 .rodata.__bi_78
                0x100015e0        0xc CMakeFiles/leds.dir/C_/Users/nahue/.pico-sdk/sdk/2.2.0/src/rp2_common/pico_standard_binary_info/standard_binary_info.c.obj
 .rodata.__bi_60
                0x100015ec        0xc CMakeFiles/leds.dir/C_/Users/nahue/.pico-sdk/sdk/2.2.0/src/rp2_common/pico_standard_binary_info/standard_binary_info.c.obj
 .rodata.__bi_54
                0x100015f8        0xc CMakeFiles/leds.dir/C_/Users/nahue/.pico-sdk/sdk/2.2.0/src/rp2_common/pico_standard_binary_info/standard_binary_info.c.obj
 .rodata.__bi_48
                0x10001604        0xc CMakeFiles/leds.dir/C_/Users/nahue/.pico-sdk/sdk/2.2.0/src/rp2_common/pico_standard_binary_info/standard_binary_info.c.obj
 .rodata.__bi_42
                0x10001610        0xc CMakeFiles/leds.dir/C_/Users/nahue/.pico-sdk/sdk/2.2.0/src/rp2_common/pico_standard_binary_info/standard_binary_info.c.obj
 .rodata.__bi_34
                0x1000161c        0xc CMakeFiles/leds.dir/C_/Users/nahue/.pico-sdk/sdk/2.2.0/src/rp2_common/pico_standard_binary_info/standard_binary_info.c.obj
 .rodata.__bi_26
                0x10001628        0xc CMakeFiles/leds.dir/C_/Users/nahue/.pico-sdk/sdk/2.2.0/src/rp2_common/pico_standard_binary_info/standard_binary_info.c.obj
 .rodata.crlf_str.0
                0x10001634        0x2 CMakeFiles/leds.dir/C_/Users/nahue/.pico-sdk/sdk/2.2.0/src/rp2_common/pico_stdio/stdio.c.obj
 *(.srodata*)
                0x10001638                        . = ALIGN (0x4)
 *fill*         0x10001636        0x2 
 *(SORT_BY_ALIGNMENT(SORT_BY_NAME(.flashdata*)))
                0x10001638                        . = ALIGN (0x4)

.ARM.extab
 *(.ARM.extab* .gnu.linkonce.armextab.*)
                0x10001638                        __exidx_start = .

.ARM.exidx      0x10001638        0x8
 *(.ARM.exidx* .gnu.linkonce.armexidx.*)
 .ARM.exidx     0x10001638        0x8 C:/Users/nahue/.pico-sdk/toolchain/14_2_Rel1/bin/../lib/gcc/arm-none-eabi/14.2.1/thumb/v8-m.main+fp/softfp\libg.a(libc_a-memcpy.o)
                0x10001640                        __exidx_end = .
                0x10001640                        . = ALIGN (0x4)
                0x10001640                        __binary_info_start = .

.binary_info    0x10001640       0x20
 *(.binary_info.keep.*)
 .binary_info.keep.__bi_ptr84
                0x10001640        0x4 CMakeFiles/leds.dir/C_/Users/nahue/.pico-sdk/sdk/2.2.0/src/rp2_common/pico_standard_binary_info/standard_binary_info.c.obj
 .binary_info.keep.__bi_ptr78
                0x10001644        0x4 CMakeFiles/leds.dir/C_/Users/nahue/.pico-sdk/sdk/2.2.0/src/rp2_common/pico_standard_binary_info/standard_binary_info.c.obj
 .binary_info.keep.__bi_ptr60
                0x10001648        0x4 CMakeFiles/leds.dir/C_/Users/nahue/.pico-sdk/sdk/2.2.0/src/rp2_common/pico_standard_binary_info/standard_binary_info.c.obj
 .binary_info.keep.__bi_ptr54
                0x1000164c        0x4 CMakeFiles/leds.dir/C_/Users/nahue/.pico-sdk/sdk/2.2.0/src/rp2_common/pico_standard_binary_info/standard_binary_info.c.obj
 .binary_info.keep.__bi_ptr48
                0x10001650        0x4 CMakeFiles/leds.dir/C_/Users/nahue/.pico-sdk/sdk/2.2.0/src/rp2_common/pico_standard_binary_info/standard_binary_info.c.obj
 .binary_info.keep.__bi_ptr42
                0x10001654        0x4 CMakeFiles/leds.dir/C_/Users/nahue/.pico-sdk/sdk/2.2.0/src/rp2_common/pico_standard_binary_info/standard_binary_info.c.obj
 .binary_info.keep.__bi_ptr34
                0x10001658        0x4 CMakeFiles/leds.dir/C_/Users/nahue/.pico-sdk/sdk/2.2.0/src/rp2_common/pico_standard_binary_info/standard_binary_info.c.obj
 .binary_info.keep.__bi_ptr26
                0x1000165c        0x4 CMakeFiles/leds.dir/C_/Users/nahue/.pico-sdk/sdk/2.2.0/src/rp2_common/pico_standard_binary_info/standard_binary_info.c.obj
 *(.binary_info.*)
                0x10001660                        __binary_info_end = .
                0x10001660                        . = ALIGN (0x4)

.ram_vector_table
                0x20000000      0x110
 *(.ram_vector_table)
 .ram_vector_table
                0x20000000      0x110 CMakeFiles/leds.dir/C_/Users/nahue/.pico-sdk/sdk/2.2.0/src/rp2_common/pico_runtime_init/runtime_init.c.obj
                0x20000000                ram_vector_table

.uninitialized_data
                0x20000110        0x0
                0x20000110                        . = ALIGN (0x4)
 *(.uninitialized_data*)

.data           0x20000110      0x13c load address 0x10001660
                0x20000110                        __data_start__ = .
 *(vtable)
 *(.time_critical*)
 .time_critical.mutex_enter_block_until
                0x20000110       0x6c CMakeFiles/leds.dir/C_/Users/nahue/.pico-sdk/sdk/2.2.0/src/common/pico_sync/mutex.c.obj
                0x20000110                mutex_enter_block_until
 .time_critical.mutex_try_enter_block_until
                0x2000017c       0x68 CMakeFiles/leds.dir/C_/Users/nahue/.pico-sdk/sdk/2.2.0/src/common/pico_sync/mutex.c.obj
                0x2000017c                mutex_try_enter_block_until
 .time_critical.mutex_exit
                0x200001e4       0x3c CMakeFiles/leds.dir/C_/Users/nahue/.pico-sdk/sdk/2.2.0/src/common/pico_sync/mutex.c.obj
                0x200001e4                mutex_exit
 .time_critical.mutex_exit.__stub
                0x20000220        0x8 linker stubs
 *(.text*)
                0x20000228                        . = ALIGN (0x4)
 *(.rodata*)
                0x20000228                        . = ALIGN (0x4)
 *(.data*)
 .data.striped_spin_lock_num
                0x20000228        0x1 CMakeFiles/leds.dir/C_/Users/nahue/.pico-sdk/sdk/2.2.0/src/rp2_common/hardware_sync/sync.c.obj
 *fill*         0x20000229        0x3 
 .data.default_alarm_pool
                0x2000022c       0x18 CMakeFiles/leds.dir/C_/Users/nahue/.pico-sdk/sdk/2.2.0/src/common/pico_time/time.c.obj
 *(.sdata*)
                0x20000244                        . = ALIGN (0x4)
 *(.after_data.*)
                0x20000244                        . = ALIGN (0x4)
                0x20000244                        PROVIDE (__mutex_array_start = .)
 *(SORT_BY_NAME(.mutex_array.*))
 *(.mutex_array)
 .mutex_array   0x20000244        0x8 CMakeFiles/leds.dir/C_/Users/nahue/.pico-sdk/sdk/2.2.0/src/rp2_common/pico_stdio/stdio.c.obj
                0x2000024c                        PROVIDE (__mutex_array_end = .)
 *(.jcr)
                0x2000024c                        . = ALIGN (0x4)

.tm_clone_table
                0x2000024c        0x0 load address 0x1000179c
 .tm_clone_table
                0x2000024c        0x0 C:/Users/nahue/.pico-sdk/toolchain/14_2_Rel1/bin/../lib/gcc/arm-none-eabi/14.2.1/thumb/v8-m.main+fp/softfp/crtbegin.o
 .tm_clone_table
                0x2000024c        0x0 C:/Users/nahue/.pico-sdk/toolchain/14_2_Rel1/bin/../lib/gcc/arm-none-eabi/14.2.1/thumb/v8-m.main+fp/softfp/crtend.o

.igot.plt       0x2000024c        0x0 load address 0x1000179c
 .igot.plt      0x2000024c        0x0 C:/Users/nahue/.pico-sdk/toolchain/14_2_Rel1/bin/../lib/gcc/arm-none-eabi/14.2.1/thumb/v8-m.main+fp/softfp/crtbegin.o

.tdata          0x2000024c        0x0 load address 0x1000179c
                0x2000024c                        . = ALIGN (0x4)
 *(.tdata .tdata.* .gnu.linkonce.td.*)
                0x2000024c                        __tdata_end = .
                0x2000024c                        PROVIDE (__data_end__ = .)
                0x10001660                        __etext = LOADADDR (.data)

.tbss           0x2000024c        0x0 load address 0x1000179c
                0x2000024c                        . = ALIGN (0x4)
                0x2000024c                        __bss_start__ = .
                0x2000024c                        __tls_base = .
 *(.tbss .tbss.* .gnu.linkonce.tb.*)
 *(.tcommon)
                0x2000024c                        __tls_end = .

.bss            0x20000250      0x214 load address 0x1000179c
                0x20000250                        . = ALIGN (0x4)
                0x20000250                        __tbss_end = .
 *(SORT_BY_ALIGNMENT(SORT_BY_NAME(.bss*)))
 .bss.default_alarm_pool_entries
                0x20000250      0x180 CMakeFiles/leds.dir/C_/Users/nahue/.pico-sdk/sdk/2.2.0/src/common/pico_time/time.c.obj
 .bss._sw_spin_locks
                0x200003d0       0x20 CMakeFiles/leds.dir/C_/Users/nahue/.pico-sdk/sdk/2.2.0/src/rp2_common/hardware_sync_spin_lock/sync_spin_lock.c.obj
                0x200003d0                _sw_spin_locks
 .bss.claimed   0x200003f0        0x2 CMakeFiles/leds.dir/C_/Users/nahue/.pico-sdk/sdk/2.2.0/src/rp2_common/hardware_timer/timer.c.obj
 *fill*         0x200003f2        0x2 
 .bss.configured_freq
                0x200003f4       0x28 CMakeFiles/leds.dir/C_/Users/nahue/.pico-sdk/sdk/2.2.0/src/rp2_common/hardware_clocks/clocks.c.obj
 .bss.drivers   0x2000041c        0x4 CMakeFiles/leds.dir/C_/Users/nahue/.pico-sdk/sdk/2.2.0/src/rp2_common/pico_stdio/stdio.c.obj
 .bss.filter    0x20000420        0x4 CMakeFiles/leds.dir/C_/Users/nahue/.pico-sdk/sdk/2.2.0/src/rp2_common/pico_stdio/stdio.c.obj
 .bss.lazy_vsnprintf
                0x20000424        0x4 CMakeFiles/leds.dir/C_/Users/nahue/.pico-sdk/sdk/2.2.0/src/rp2_common/pico_printf/printf.c.obj
 .bss.object.0  0x20000428       0x18 C:/Users/nahue/.pico-sdk/toolchain/14_2_Rel1/bin/../lib/gcc/arm-none-eabi/14.2.1/thumb/v8-m.main+fp/softfp/crtbegin.o
 .bss.pools     0x20000440       0x20 CMakeFiles/leds.dir/C_/Users/nahue/.pico-sdk/sdk/2.2.0/src/common/pico_time/time.c.obj
 .bss.sleep_notifier
                0x20000460        0x4 CMakeFiles/leds.dir/C_/Users/nahue/.pico-sdk/sdk/2.2.0/src/common/pico_time/time.c.obj
 *(COMMON)
                [!provide]                        PROVIDE (__global_pointer$ = (. + 0x800))
 *(.sbss*)
                0x20000464                        . = ALIGN (0x4)
                0x20000464                        __bss_end__ = .

.heap           0x20000464      0x800 load address 0x1000179c
                0x20000464                        __end__ = .
                0x20000464                        end = __end__
 *(.heap*)
 .heap          0x20000464      0x800 CMakeFiles/leds.dir/C_/Users/nahue/.pico-sdk/sdk/2.2.0/src/rp2_common/pico_crt0/crt0.S.obj
                0x20080000                        __HeapLimit = (ORIGIN (RAM) + LENGTH (RAM))

.scratch_x      0x20080000        0x0 load address 0x1000179c
                0x20080000                        __scratch_x_start__ = .
 *(.scratch_x.*)
                0x20080000                        . = ALIGN (0x4)
                0x20080000                        __scratch_x_end__ = .
                0x1000179c                        __scratch_x_source__ = LOADADDR (.scratch_x)

.scratch_y      0x20081000        0x0 load address 0x1000179c
                0x20081000                        __scratch_y_start__ = .
 *(.scratch_y.*)
                0x20081000                        . = ALIGN (0x4)
                0x20081000                        __scratch_y_end__ = .
                0x1000179c                        __scratch_y_source__ = LOADADDR (.scratch_y)

.stack1_dummy
 *(.stack1*)

.stack_dummy    0x20081000      0x800
 *(.stack*)
 .stack         0x20081000      0x800 CMakeFiles/leds.dir/C_/Users/nahue/.pico-sdk/sdk/2.2.0/src/rp2_common/pico_crt0/crt0.S.obj

.flash_end      0x1000179c       0x14
 *(.embedded_end_block*)
 .embedded_end_block
                0x1000179c       0x14 CMakeFiles/leds.dir/C_/Users/nahue/.pico-sdk/sdk/2.2.0/src/rp2_common/pico_crt0/crt0.S.obj
                0x100017b0                        PROVIDE (__flash_binary_end = .)
                0x20080000                        __StackLimit = (ORIGIN (RAM) + LENGTH (RAM))
                0x20081000                        __StackOneTop = (ORIGIN (SCRATCH_X) + LENGTH (SCRATCH_X))
                0x20082000                        __StackTop = (ORIGIN (SCRATCH_Y) + LENGTH (SCRATCH_Y))
                0x20081000                        __StackOneBottom = (__StackOneTop - SIZEOF (.stack1_dummy))
                0x20081800                        __StackBottom = (__StackTop - SIZEOF (.stack_dummy))
                0x20082000                        PROVIDE (__stack = __StackTop)
                [!provide]                        PROVIDE (__heap_start = __end__)
                [!provide]                        PROVIDE (__heap_end = __HeapLimit)
                [!provide]                        PROVIDE (__tls_align = MAX (ALIGNOF (.tdata), ALIGNOF (.tbss)))
                [!provide]                        PROVIDE (__tls_size_align = (((__tls_size + __tls_align) - 0x1) & ~ ((__tls_align - 0x1))))
                [!provide]                        PROVIDE (__arm32_tls_tcb_offset = MAX (0x8, __tls_align))
                [!provide]                        PROVIDE (_end = __end__)
                [!provide]                        PROVIDE (__llvm_libc_heap_limit = __HeapLimit)
                0x00000001                        ASSERT ((__StackLimit >= __HeapLimit), region RAM overflowed)
                0x00000001                        ASSERT (((__binary_info_header_end - __logical_binary_start) <= 0x400), Binary info must be in first 1024 bytes of the binary)
                0x00000001                        ASSERT (((__embedded_block_end - __logical_binary_start) <= 0x1000), Embedded block must be in first 4096 bytes of the binary)
LOAD CMakeFiles/leds.dir/leds.c.obj
LOAD CMakeFiles/leds.dir/C_/Users/nahue/.pico-sdk/sdk/2.2.0/src/rp2_common/pico_stdlib/stdlib.c.obj
LOAD CMakeFiles/leds.dir/C_/Users/nahue/.pico-sdk/sdk/2.2.0/src/rp2_common/hardware_gpio/gpio.c.obj
LOAD CMakeFiles/leds.dir/C_/Users/nahue/.pico-sdk/sdk/2.2.0/src/rp2350/pico_platform/platform.c.obj
LOAD CMakeFiles/leds.dir/C_/Users/nahue/.pico-sdk/sdk/2.2.0/src/rp2_common/pico_platform_common/common.c.obj
LOAD CMakeFiles/leds.dir/C_/Users/nahue/.pico-sdk/sdk/2.2.0/src/rp2_common/pico_platform_panic/panic.c.obj
LOAD CMakeFiles/leds.dir/C_/Users/nahue/.pico-sdk/sdk/2.2.0/src/common/hardware_claim/claim.c.obj
LOAD CMakeFiles/leds.dir/C_/Users/nahue/.pico-sdk/sdk/2.2.0/src/rp2_common/hardware_sync/sync.c.obj
LOAD CMakeFiles/leds.dir/C_/Users/nahue/.pico-sdk/sdk/2.2.0/src/rp2_common/hardware_sync_spin_lock/sync_spin_lock.c.obj
LOAD CMakeFiles/leds.dir/C_/Users/nahue/.pico-sdk/sdk/2.2.0/src/rp2_common/hardware_irq/irq.c.obj
LOAD CMakeFiles/leds.dir/C_/Users/nahue/.pico-sdk/sdk/2.2.0/src/rp2_common/hardware_irq/irq_handler_chain.S.obj
LOAD CMakeFiles/leds.dir/C_/Users/nahue/.pico-sdk/sdk/2.2.0/src/common/pico_sync/sem.c.obj
LOAD CMakeFiles/leds.dir/C_/Users/nahue/.pico-sdk/sdk/2.2.0/src/common/pico_sync/lock_core.c.obj
LOAD CMakeFiles/leds.dir/C_/Users/nahue/.pico-sdk/sdk/2.2.0/src/common/pico_sync/mutex.c.obj
LOAD CMakeFiles/leds.dir/C_/Users/nahue/.pico-sdk/sdk/2.2.0/src/common/pico_sync/critical_section.c.obj
LOAD CMakeFiles/leds.dir/C_/Users/nahue/.pico-sdk/sdk/2.2.0/src/common/pico_time/time.c.obj
LOAD CMakeFiles/leds.dir/C_/Users/nahue/.pico-sdk/sdk/2.2.0/src/common/pico_time/timeout_helper.c.obj
LOAD CMakeFiles/leds.dir/C_/Users/nahue/.pico-sdk/sdk/2.2.0/src/rp2_common/hardware_timer/timer.c.obj
LOAD CMakeFiles/leds.dir/C_/Users/nahue/.pico-sdk/sdk/2.2.0/src/common/pico_util/datetime.c.obj
LOAD CMakeFiles/leds.dir/C_/Users/nahue/.pico-sdk/sdk/2.2.0/src/common/pico_util/pheap.c.obj
LOAD CMakeFiles/leds.dir/C_/Users/nahue/.pico-sdk/sdk/2.2.0/src/common/pico_util/queue.c.obj
LOAD CMakeFiles/leds.dir/C_/Users/nahue/.pico-sdk/sdk/2.2.0/src/rp2_common/hardware_uart/uart.c.obj
LOAD CMakeFiles/leds.dir/C_/Users/nahue/.pico-sdk/sdk/2.2.0/src/rp2_common/hardware_clocks/clocks.c.obj
LOAD CMakeFiles/leds.dir/C_/Users/nahue/.pico-sdk/sdk/2.2.0/src/rp2_common/hardware_pll/pll.c.obj
LOAD CMakeFiles/leds.dir/C_/Users/nahue/.pico-sdk/sdk/2.2.0/src/rp2_common/hardware_vreg/vreg.c.obj
LOAD CMakeFiles/leds.dir/C_/Users/nahue/.pico-sdk/sdk/2.2.0/src/rp2_common/hardware_watchdog/watchdog.c.obj
LOAD CMakeFiles/leds.dir/C_/Users/nahue/.pico-sdk/sdk/2.2.0/src/rp2_common/hardware_ticks/ticks.c.obj
LOAD CMakeFiles/leds.dir/C_/Users/nahue/.pico-sdk/sdk/2.2.0/src/rp2_common/pico_bootrom/bootrom.c.obj
LOAD CMakeFiles/leds.dir/C_/Users/nahue/.pico-sdk/sdk/2.2.0/src/rp2_common/pico_bootrom/bootrom_lock.c.obj
LOAD CMakeFiles/leds.dir/C_/Users/nahue/.pico-sdk/sdk/2.2.0/src/rp2_common/hardware_boot_lock/boot_lock.c.obj
LOAD CMakeFiles/leds.dir/C_/Users/nahue/.pico-sdk/sdk/2.2.0/src/rp2_common/pico_flash/flash.c.obj
LOAD CMakeFiles/leds.dir/C_/Users/nahue/.pico-sdk/sdk/2.2.0/src/rp2_common/hardware_xosc/xosc.c.obj
LOAD CMakeFiles/leds.dir/C_/Users/nahue/.pico-sdk/sdk/2.2.0/src/rp2_common/hardware_divider/divider.c.obj
LOAD CMakeFiles/leds.dir/C_/Users/nahue/.pico-sdk/sdk/2.2.0/src/rp2_common/pico_runtime/runtime.c.obj
LOAD CMakeFiles/leds.dir/C_/Users/nahue/.pico-sdk/sdk/2.2.0/src/rp2_common/pico_runtime_init/runtime_init.c.obj
LOAD CMakeFiles/leds.dir/C_/Users/nahue/.pico-sdk/sdk/2.2.0/src/rp2_common/pico_runtime_init/runtime_init_clocks.c.obj
LOAD CMakeFiles/leds.dir/C_/Users/nahue/.pico-sdk/sdk/2.2.0/src/rp2_common/pico_runtime_init/runtime_init_stack_guard.c.obj
LOAD CMakeFiles/leds.dir/C_/Users/nahue/.pico-sdk/sdk/2.2.0/src/rp2_common/pico_bit_ops/bit_ops_aeabi.S.obj
LOAD CMakeFiles/leds.dir/C_/Users/nahue/.pico-sdk/sdk/2.2.0/src/rp2_common/pico_divider/divider_compiler.c.obj
LOAD CMakeFiles/leds.dir/C_/Users/nahue/.pico-sdk/sdk/2.2.0/src/rp2_common/pico_double/double_math.c.obj
LOAD CMakeFiles/leds.dir/C_/Users/nahue/.pico-sdk/sdk/2.2.0/src/rp2_common/pico_double/double_aeabi_dcp.S.obj
LOAD CMakeFiles/leds.dir/C_/Users/nahue/.pico-sdk/sdk/2.2.0/src/rp2_common/pico_double/double_fma_dcp.S.obj
LOAD CMakeFiles/leds.dir/C_/Users/nahue/.pico-sdk/sdk/2.2.0/src/rp2_common/pico_double/double_sci_m33.S.obj
LOAD CMakeFiles/leds.dir/C_/Users/nahue/.pico-sdk/sdk/2.2.0/src/rp2_common/pico_double/double_conv_m33.S.obj
LOAD CMakeFiles/leds.dir/C_/Users/nahue/.pico-sdk/sdk/2.2.0/src/rp2_common/pico_float/float_math.c.obj
LOAD CMakeFiles/leds.dir/C_/Users/nahue/.pico-sdk/sdk/2.2.0/src/rp2_common/pico_float/float_conv32_vfp.S.obj
LOAD CMakeFiles/leds.dir/C_/Users/nahue/.pico-sdk/sdk/2.2.0/src/rp2_common/pico_float/float_common_m33.S.obj
LOAD CMakeFiles/leds.dir/C_/Users/nahue/.pico-sdk/sdk/2.2.0/src/rp2_common/pico_float/float_sci_m33_vfp.S.obj
LOAD CMakeFiles/leds.dir/C_/Users/nahue/.pico-sdk/sdk/2.2.0/src/rp2_common/pico_malloc/malloc.c.obj
LOAD CMakeFiles/leds.dir/C_/Users/nahue/.pico-sdk/sdk/2.2.0/src/rp2_common/pico_atomic/atomic.c.obj
LOAD CMakeFiles/leds.dir/C_/Users/nahue/.pico-sdk/sdk/2.2.0/src/rp2_common/pico_cxx_options/new_delete.cpp.obj
LOAD CMakeFiles/leds.dir/C_/Users/nahue/.pico-sdk/sdk/2.2.0/src/rp2_common/pico_standard_binary_info/standard_binary_info.c.obj
LOAD CMakeFiles/leds.dir/C_/Users/nahue/.pico-sdk/sdk/2.2.0/src/rp2_common/pico_printf/printf.c.obj
LOAD CMakeFiles/leds.dir/C_/Users/nahue/.pico-sdk/sdk/2.2.0/src/rp2_common/pico_crt0/crt0.S.obj
LOAD CMakeFiles/leds.dir/C_/Users/nahue/.pico-sdk/sdk/2.2.0/src/rp2_common/pico_clib_interface/newlib_interface.c.obj
LOAD CMakeFiles/leds.dir/C_/Users/nahue/.pico-sdk/sdk/2.2.0/src/rp2_common/pico_stdio/stdio.c.obj
LOAD pico-sdk/src/rp2350/boot_stage2/CMakeFiles/bs2_default_library.dir/./bs2_default_padded_checksummed.S.obj
LOAD C:/Users/nahue/.pico-sdk/toolchain/14_2_Rel1/bin/../lib/gcc/arm-none-eabi/14.2.1/thumb/v8-m.main+fp/softfp\libstdc++.a
LOAD C:/Users/nahue/.pico-sdk/toolchain/14_2_Rel1/bin/../lib/gcc/arm-none-eabi/14.2.1/thumb/v8-m.main+fp/softfp\libm.a
START GROUP
LOAD C:/Users/nahue/.pico-sdk/toolchain/14_2_Rel1/bin/../lib/gcc/arm-none-eabi/14.2.1/thumb/v8-m.main+fp/softfp\libgcc.a
LOAD C:/Users/nahue/.pico-sdk/toolchain/14_2_Rel1/bin/../lib/gcc/arm-none-eabi/14.2.1/thumb/v8-m.main+fp/softfp\libg.a
LOAD C:/Users/nahue/.pico-sdk/toolchain/14_2_Rel1/bin/../lib/gcc/arm-none-eabi/14.2.1/thumb/v8-m.main+fp/softfp\libc.a
END GROUP
START GROUP
LOAD C:/Users/nahue/.pico-sdk/toolchain/14_2_Rel1/bin/../lib/gcc/arm-none-eabi/14.2.1/thumb/v8-m.main+fp/softfp\libgcc.a
LOAD C:/Users/nahue/.pico-sdk/toolchain/14_2_Rel1/bin/../lib/gcc/arm-none-eabi/14.2.1/thumb/v8-m.main+fp/softfp\libc.a
LOAD C:/Users/nahue/.pico-sdk/toolchain/14_2_Rel1/bin/../lib/gcc/arm-none-eabi/14.2.1/thumb/v8-m.main+fp/softfp\libnosys.a
END GROUP
LOAD C:/Users/nahue/.pico-sdk/toolchain/14_2_Rel1/bin/../lib/gcc/arm-none-eabi/14.2.1/thumb/v8-m.main+fp/softfp/crtend.o
LOAD C:/Users/nahue/.pico-sdk/toolchain/14_2_Rel1/bin/../lib/gcc/arm-none-eabi/14.2.1/thumb/v8-m.main+fp/softfp/crtn.o
OUTPUT(leds.elf elf32-littlearm)
LOAD linker stubs

.rel.dyn        0x100017b0        0x0
 .rel.iplt      0x100017b0        0x0 C:/Users/nahue/.pico-sdk/toolchain/14_2_Rel1/bin/../lib/gcc/arm-none-eabi/14.2.1/thumb/v8-m.main+fp/softfp/crtbegin.o

.ARM.attributes
                0x00000000       0x34
 .ARM.attributes
                0x00000000       0x26 C:/Users/nahue/.pico-sdk/toolchain/14_2_Rel1/bin/../lib/gcc/arm-none-eabi/14.2.1/thumb/v8-m.main+fp/softfp/crti.o
 .ARM.attributes
                0x00000026       0x36 C:/Users/nahue/.pico-sdk/toolchain/14_2_Rel1/bin/../lib/gcc/arm-none-eabi/14.2.1/thumb/v8-m.main+fp/softfp/crtbegin.o
 .ARM.attributes
                0x0000005c       0x38 CMakeFiles/leds.dir/leds.c.obj
 .ARM.attributes
                0x00000094       0x38 CMakeFiles/leds.dir/C_/Users/nahue/.pico-sdk/sdk/2.2.0/src/rp2_common/hardware_gpio/gpio.c.obj
 .ARM.attributes
                0x000000cc       0x38 CMakeFiles/leds.dir/C_/Users/nahue/.pico-sdk/sdk/2.2.0/src/rp2_common/pico_platform_panic/panic.c.obj
 .ARM.attributes
                0x00000104       0x38 CMakeFiles/leds.dir/C_/Users/nahue/.pico-sdk/sdk/2.2.0/src/common/hardware_claim/claim.c.obj
 .ARM.attributes
                0x0000013c       0x38 CMakeFiles/leds.dir/C_/Users/nahue/.pico-sdk/sdk/2.2.0/src/rp2_common/hardware_sync/sync.c.obj
 .ARM.attributes
                0x00000174       0x38 CMakeFiles/leds.dir/C_/Users/nahue/.pico-sdk/sdk/2.2.0/src/rp2_common/hardware_sync_spin_lock/sync_spin_lock.c.obj
 .ARM.attributes
                0x000001ac       0x38 CMakeFiles/leds.dir/C_/Users/nahue/.pico-sdk/sdk/2.2.0/src/rp2_common/hardware_irq/irq.c.obj
 .ARM.attributes
                0x000001e4       0x38 CMakeFiles/leds.dir/C_/Users/nahue/.pico-sdk/sdk/2.2.0/src/common/pico_sync/lock_core.c.obj
 .ARM.attributes
                0x0000021c       0x38 CMakeFiles/leds.dir/C_/Users/nahue/.pico-sdk/sdk/2.2.0/src/common/pico_sync/mutex.c.obj
 .ARM.attributes
                0x00000254       0x38 CMakeFiles/leds.dir/C_/Users/nahue/.pico-sdk/sdk/2.2.0/src/common/pico_time/time.c.obj
 .ARM.attributes
                0x0000028c       0x38 CMakeFiles/leds.dir/C_/Users/nahue/.pico-sdk/sdk/2.2.0/src/rp2_common/hardware_timer/timer.c.obj
 .ARM.attributes
                0x000002c4       0x38 CMakeFiles/leds.dir/C_/Users/nahue/.pico-sdk/sdk/2.2.0/src/rp2_common/hardware_clocks/clocks.c.obj
 .ARM.attributes
                0x000002fc       0x38 CMakeFiles/leds.dir/C_/Users/nahue/.pico-sdk/sdk/2.2.0/src/rp2_common/hardware_pll/pll.c.obj
 .ARM.attributes
                0x00000334       0x38 CMakeFiles/leds.dir/C_/Users/nahue/.pico-sdk/sdk/2.2.0/src/rp2_common/hardware_ticks/ticks.c.obj
 .ARM.attributes
                0x0000036c       0x38 CMakeFiles/leds.dir/C_/Users/nahue/.pico-sdk/sdk/2.2.0/src/rp2_common/pico_bootrom/bootrom.c.obj
 .ARM.attributes
                0x000003a4       0x38 CMakeFiles/leds.dir/C_/Users/nahue/.pico-sdk/sdk/2.2.0/src/rp2_common/pico_bootrom/bootrom_lock.c.obj
 .ARM.attributes
                0x000003dc       0x38 CMakeFiles/leds.dir/C_/Users/nahue/.pico-sdk/sdk/2.2.0/src/rp2_common/hardware_boot_lock/boot_lock.c.obj
 .ARM.attributes
                0x00000414       0x38 CMakeFiles/leds.dir/C_/Users/nahue/.pico-sdk/sdk/2.2.0/src/rp2_common/hardware_xosc/xosc.c.obj
 .ARM.attributes
                0x0000044c       0x38 CMakeFiles/leds.dir/C_/Users/nahue/.pico-sdk/sdk/2.2.0/src/rp2_common/pico_runtime/runtime.c.obj
 .ARM.attributes
                0x00000484       0x38 CMakeFiles/leds.dir/C_/Users/nahue/.pico-sdk/sdk/2.2.0/src/rp2_common/pico_runtime_init/runtime_init.c.obj
 .ARM.attributes
                0x000004bc       0x38 CMakeFiles/leds.dir/C_/Users/nahue/.pico-sdk/sdk/2.2.0/src/rp2_common/pico_runtime_init/runtime_init_clocks.c.obj
 .ARM.attributes
                0x000004f4       0x38 CMakeFiles/leds.dir/C_/Users/nahue/.pico-sdk/sdk/2.2.0/src/rp2_common/pico_standard_binary_info/standard_binary_info.c.obj
 .ARM.attributes
                0x0000052c       0x38 CMakeFiles/leds.dir/C_/Users/nahue/.pico-sdk/sdk/2.2.0/src/rp2_common/pico_printf/printf.c.obj
 .ARM.attributes
                0x00000564       0x28 CMakeFiles/leds.dir/C_/Users/nahue/.pico-sdk/sdk/2.2.0/src/rp2_common/pico_crt0/crt0.S.obj
 .ARM.attributes
                0x0000058c       0x38 CMakeFiles/leds.dir/C_/Users/nahue/.pico-sdk/sdk/2.2.0/src/rp2_common/pico_clib_interface/newlib_interface.c.obj
 .ARM.attributes
                0x000005c4       0x38 CMakeFiles/leds.dir/C_/Users/nahue/.pico-sdk/sdk/2.2.0/src/rp2_common/pico_stdio/stdio.c.obj
 .ARM.attributes
                0x000005fc       0x24 C:/Users/nahue/.pico-sdk/toolchain/14_2_Rel1/bin/../lib/gcc/arm-none-eabi/14.2.1/thumb/v8-m.main+fp/softfp\libg.a(libc_a-memcpy.o)
 .ARM.attributes
                0x00000620       0x36 C:/Users/nahue/.pico-sdk/toolchain/14_2_Rel1/bin/../lib/gcc/arm-none-eabi/14.2.1/thumb/v8-m.main+fp/softfp\libg.a(libc_a-strlen-stub.o)
 .ARM.attributes
                0x00000656       0x36 C:/Users/nahue/.pico-sdk/toolchain/14_2_Rel1/bin/../lib/gcc/arm-none-eabi/14.2.1/thumb/v8-m.main+fp/softfp/crtend.o

.comment        0x00000000       0x45
 .comment       0x00000000       0x45 CMakeFiles/leds.dir/leds.c.obj
                                 0x46 (size before relaxing)
 .comment       0x00000045       0x46 CMakeFiles/leds.dir/C_/Users/nahue/.pico-sdk/sdk/2.2.0/src/rp2_common/hardware_gpio/gpio.c.obj
 .comment       0x00000045       0x46 CMakeFiles/leds.dir/C_/Users/nahue/.pico-sdk/sdk/2.2.0/src/rp2_common/pico_platform_panic/panic.c.obj
 .comment       0x00000045       0x46 CMakeFiles/leds.dir/C_/Users/nahue/.pico-sdk/sdk/2.2.0/src/common/hardware_claim/claim.c.obj
 .comment       0x00000045       0x46 CMakeFiles/leds.dir/C_/Users/nahue/.pico-sdk/sdk/2.2.0/src/rp2_common/hardware_sync/sync.c.obj
 .comment       0x00000045       0x46 CMakeFiles/leds.dir/C_/Users/nahue/.pico-sdk/sdk/2.2.0/src/rp2_common/hardware_sync_spin_lock/sync_spin_lock.c.obj
 .comment       0x00000045       0x46 CMakeFiles/leds.dir/C_/Users/nahue/.pico-sdk/sdk/2.2.0/src/rp2_common/hardware_irq/irq.c.obj
 .comment       0x00000045       0x46 CMakeFiles/leds.dir/C_/Users/nahue/.pico-sdk/sdk/2.2.0/src/common/pico_sync/lock_core.c.obj
 .comment       0x00000045       0x46 CMakeFiles/leds.dir/C_/Users/nahue/.pico-sdk/sdk/2.2.0/src/common/pico_sync/mutex.c.obj
 .comment       0x00000045       0x46 CMakeFiles/leds.dir/C_/Users/nahue/.pico-sdk/sdk/2.2.0/src/common/pico_time/time.c.obj
 .comment       0x00000045       0x46 CMakeFiles/leds.dir/C_/Users/nahue/.pico-sdk/sdk/2.2.0/src/rp2_common/hardware_timer/timer.c.obj
 .comment       0x00000045       0x46 CMakeFiles/leds.dir/C_/Users/nahue/.pico-sdk/sdk/2.2.0/src/rp2_common/hardware_clocks/clocks.c.obj
 .comment       0x00000045       0x46 CMakeFiles/leds.dir/C_/Users/nahue/.pico-sdk/sdk/2.2.0/src/rp2_common/hardware_pll/pll.c.obj
 .comment       0x00000045       0x46 CMakeFiles/leds.dir/C_/Users/nahue/.pico-sdk/sdk/2.2.0/src/rp2_common/hardware_ticks/ticks.c.obj
 .comment       0x00000045       0x46 CMakeFiles/leds.dir/C_/Users/nahue/.pico-sdk/sdk/2.2.0/src/rp2_common/pico_bootrom/bootrom.c.obj
 .comment       0x00000045       0x46 CMakeFiles/leds.dir/C_/Users/nahue/.pico-sdk/sdk/2.2.0/src/rp2_common/pico_bootrom/bootrom_lock.c.obj
 .comment       0x00000045       0x46 CMakeFiles/leds.dir/C_/Users/nahue/.pico-sdk/sdk/2.2.0/src/rp2_common/hardware_boot_lock/boot_lock.c.obj
 .comment       0x00000045       0x46 CMakeFiles/leds.dir/C_/Users/nahue/.pico-sdk/sdk/2.2.0/src/rp2_common/hardware_xosc/xosc.c.obj
 .comment       0x00000045       0x46 CMakeFiles/leds.dir/C_/Users/nahue/.pico-sdk/sdk/2.2.0/src/rp2_common/pico_runtime/runtime.c.obj
 .comment       0x00000045       0x46 CMakeFiles/leds.dir/C_/Users/nahue/.pico-sdk/sdk/2.2.0/src/rp2_common/pico_runtime_init/runtime_init.c.obj
 .comment       0x00000045       0x46 CMakeFiles/leds.dir/C_/Users/nahue/.pico-sdk/sdk/2.2.0/src/rp2_common/pico_runtime_init/runtime_init_clocks.c.obj
 .comment       0x00000045       0x46 CMakeFiles/leds.dir/C_/Users/nahue/.pico-sdk/sdk/2.2.0/src/rp2_common/pico_standard_binary_info/standard_binary_info.c.obj
 .comment       0x00000045       0x46 CMakeFiles/leds.dir/C_/Users/nahue/.pico-sdk/sdk/2.2.0/src/rp2_common/pico_printf/printf.c.obj
 .comment       0x00000045       0x46 CMakeFiles/leds.dir/C_/Users/nahue/.pico-sdk/sdk/2.2.0/src/rp2_common/pico_clib_interface/newlib_interface.c.obj
 .comment       0x00000045       0x46 CMakeFiles/leds.dir/C_/Users/nahue/.pico-sdk/sdk/2.2.0/src/rp2_common/pico_stdio/stdio.c.obj

.debug_info     0x00000000    0x1d4da
 .debug_info    0x00000000      0x36a CMakeFiles/leds.dir/leds.c.obj
 .debug_info    0x0000036a     0x2416 CMakeFiles/leds.dir/C_/Users/nahue/.pico-sdk/sdk/2.2.0/src/rp2_common/hardware_gpio/gpio.c.obj
 .debug_info    0x00002780      0x1be CMakeFiles/leds.dir/C_/Users/nahue/.pico-sdk/sdk/2.2.0/src/rp2_common/pico_platform_panic/panic.c.obj
 .debug_info    0x0000293e      0xb78 CMakeFiles/leds.dir/C_/Users/nahue/.pico-sdk/sdk/2.2.0/src/common/hardware_claim/claim.c.obj
 .debug_info    0x000034b6      0x46f CMakeFiles/leds.dir/C_/Users/nahue/.pico-sdk/sdk/2.2.0/src/rp2_common/hardware_sync/sync.c.obj
 .debug_info    0x00003925     0x145e CMakeFiles/leds.dir/C_/Users/nahue/.pico-sdk/sdk/2.2.0/src/rp2_common/hardware_sync_spin_lock/sync_spin_lock.c.obj
 .debug_info    0x00004d83     0x262d CMakeFiles/leds.dir/C_/Users/nahue/.pico-sdk/sdk/2.2.0/src/rp2_common/hardware_irq/irq.c.obj
 .debug_info    0x000073b0      0x187 CMakeFiles/leds.dir/C_/Users/nahue/.pico-sdk/sdk/2.2.0/src/common/pico_sync/lock_core.c.obj
 .debug_info    0x00007537     0x1e7c CMakeFiles/leds.dir/C_/Users/nahue/.pico-sdk/sdk/2.2.0/src/common/pico_sync/mutex.c.obj
 .debug_info    0x000093b3     0x5492 CMakeFiles/leds.dir/C_/Users/nahue/.pico-sdk/sdk/2.2.0/src/common/pico_time/time.c.obj
 .debug_info    0x0000e845     0x30c6 CMakeFiles/leds.dir/C_/Users/nahue/.pico-sdk/sdk/2.2.0/src/rp2_common/hardware_timer/timer.c.obj
 .debug_info    0x0001190b     0x28c2 CMakeFiles/leds.dir/C_/Users/nahue/.pico-sdk/sdk/2.2.0/src/rp2_common/hardware_clocks/clocks.c.obj
 .debug_info    0x000141cd      0x507 CMakeFiles/leds.dir/C_/Users/nahue/.pico-sdk/sdk/2.2.0/src/rp2_common/hardware_pll/pll.c.obj
 .debug_info    0x000146d4      0x26c CMakeFiles/leds.dir/C_/Users/nahue/.pico-sdk/sdk/2.2.0/src/rp2_common/hardware_ticks/ticks.c.obj
 .debug_info    0x00014940     0x10ab CMakeFiles/leds.dir/C_/Users/nahue/.pico-sdk/sdk/2.2.0/src/rp2_common/pico_bootrom/bootrom.c.obj
 .debug_info    0x000159eb      0x1c4 CMakeFiles/leds.dir/C_/Users/nahue/.pico-sdk/sdk/2.2.0/src/rp2_common/pico_bootrom/bootrom_lock.c.obj
 .debug_info    0x00015baf      0x316 CMakeFiles/leds.dir/C_/Users/nahue/.pico-sdk/sdk/2.2.0/src/rp2_common/hardware_boot_lock/boot_lock.c.obj
 .debug_info    0x00015ec5      0x1b1 CMakeFiles/leds.dir/C_/Users/nahue/.pico-sdk/sdk/2.2.0/src/rp2_common/hardware_xosc/xosc.c.obj
 .debug_info    0x00016076      0x21a CMakeFiles/leds.dir/C_/Users/nahue/.pico-sdk/sdk/2.2.0/src/rp2_common/pico_runtime/runtime.c.obj
 .debug_info    0x00016290     0x1c34 CMakeFiles/leds.dir/C_/Users/nahue/.pico-sdk/sdk/2.2.0/src/rp2_common/pico_runtime_init/runtime_init.c.obj
 .debug_info    0x00017ec4      0x7c9 CMakeFiles/leds.dir/C_/Users/nahue/.pico-sdk/sdk/2.2.0/src/rp2_common/pico_runtime_init/runtime_init_clocks.c.obj
 .debug_info    0x0001868d      0x2e2 CMakeFiles/leds.dir/C_/Users/nahue/.pico-sdk/sdk/2.2.0/src/rp2_common/pico_standard_binary_info/standard_binary_info.c.obj
 .debug_info    0x0001896f     0x22ff CMakeFiles/leds.dir/C_/Users/nahue/.pico-sdk/sdk/2.2.0/src/rp2_common/pico_printf/printf.c.obj
 .debug_info    0x0001ac6e       0x23 CMakeFiles/leds.dir/C_/Users/nahue/.pico-sdk/sdk/2.2.0/src/rp2_common/pico_crt0/crt0.S.obj
 .debug_info    0x0001ac91      0xc25 CMakeFiles/leds.dir/C_/Users/nahue/.pico-sdk/sdk/2.2.0/src/rp2_common/pico_clib_interface/newlib_interface.c.obj
 .debug_info    0x0001b8b6     0x1c24 CMakeFiles/leds.dir/C_/Users/nahue/.pico-sdk/sdk/2.2.0/src/rp2_common/pico_stdio/stdio.c.obj

.debug_abbrev   0x00000000     0x4dec
 .debug_abbrev  0x00000000      0x173 CMakeFiles/leds.dir/leds.c.obj
 .debug_abbrev  0x00000173      0x558 CMakeFiles/leds.dir/C_/Users/nahue/.pico-sdk/sdk/2.2.0/src/rp2_common/hardware_gpio/gpio.c.obj
 .debug_abbrev  0x000006cb      0x12b CMakeFiles/leds.dir/C_/Users/nahue/.pico-sdk/sdk/2.2.0/src/rp2_common/pico_platform_panic/panic.c.obj
 .debug_abbrev  0x000007f6      0x35e CMakeFiles/leds.dir/C_/Users/nahue/.pico-sdk/sdk/2.2.0/src/common/hardware_claim/claim.c.obj
 .debug_abbrev  0x00000b54      0x22f CMakeFiles/leds.dir/C_/Users/nahue/.pico-sdk/sdk/2.2.0/src/rp2_common/hardware_sync/sync.c.obj
 .debug_abbrev  0x00000d83      0x26e CMakeFiles/leds.dir/C_/Users/nahue/.pico-sdk/sdk/2.2.0/src/rp2_common/hardware_sync_spin_lock/sync_spin_lock.c.obj
 .debug_abbrev  0x00000ff1      0x63b CMakeFiles/leds.dir/C_/Users/nahue/.pico-sdk/sdk/2.2.0/src/rp2_common/hardware_irq/irq.c.obj
 .debug_abbrev  0x0000162c      0x11e CMakeFiles/leds.dir/C_/Users/nahue/.pico-sdk/sdk/2.2.0/src/common/pico_sync/lock_core.c.obj
 .debug_abbrev  0x0000174a      0x49b CMakeFiles/leds.dir/C_/Users/nahue/.pico-sdk/sdk/2.2.0/src/common/pico_sync/mutex.c.obj
 .debug_abbrev  0x00001be5      0x644 CMakeFiles/leds.dir/C_/Users/nahue/.pico-sdk/sdk/2.2.0/src/common/pico_time/time.c.obj
 .debug_abbrev  0x00002229      0x4f9 CMakeFiles/leds.dir/C_/Users/nahue/.pico-sdk/sdk/2.2.0/src/rp2_common/hardware_timer/timer.c.obj
 .debug_abbrev  0x00002722      0x517 CMakeFiles/leds.dir/C_/Users/nahue/.pico-sdk/sdk/2.2.0/src/rp2_common/hardware_clocks/clocks.c.obj
 .debug_abbrev  0x00002c39      0x1a8 CMakeFiles/leds.dir/C_/Users/nahue/.pico-sdk/sdk/2.2.0/src/rp2_common/hardware_pll/pll.c.obj
 .debug_abbrev  0x00002de1      0x146 CMakeFiles/leds.dir/C_/Users/nahue/.pico-sdk/sdk/2.2.0/src/rp2_common/hardware_ticks/ticks.c.obj
 .debug_abbrev  0x00002f27      0x458 CMakeFiles/leds.dir/C_/Users/nahue/.pico-sdk/sdk/2.2.0/src/rp2_common/pico_bootrom/bootrom.c.obj
 .debug_abbrev  0x0000337f       0xfb CMakeFiles/leds.dir/C_/Users/nahue/.pico-sdk/sdk/2.2.0/src/rp2_common/pico_bootrom/bootrom_lock.c.obj
 .debug_abbrev  0x0000347a      0x1de CMakeFiles/leds.dir/C_/Users/nahue/.pico-sdk/sdk/2.2.0/src/rp2_common/hardware_boot_lock/boot_lock.c.obj
 .debug_abbrev  0x00003658      0x109 CMakeFiles/leds.dir/C_/Users/nahue/.pico-sdk/sdk/2.2.0/src/rp2_common/hardware_xosc/xosc.c.obj
 .debug_abbrev  0x00003761      0x182 CMakeFiles/leds.dir/C_/Users/nahue/.pico-sdk/sdk/2.2.0/src/rp2_common/pico_runtime/runtime.c.obj
 .debug_abbrev  0x000038e3      0x310 CMakeFiles/leds.dir/C_/Users/nahue/.pico-sdk/sdk/2.2.0/src/rp2_common/pico_runtime_init/runtime_init.c.obj
 .debug_abbrev  0x00003bf3      0x2b8 CMakeFiles/leds.dir/C_/Users/nahue/.pico-sdk/sdk/2.2.0/src/rp2_common/pico_runtime_init/runtime_init_clocks.c.obj
 .debug_abbrev  0x00003eab       0xb8 CMakeFiles/leds.dir/C_/Users/nahue/.pico-sdk/sdk/2.2.0/src/rp2_common/pico_standard_binary_info/standard_binary_info.c.obj
 .debug_abbrev  0x00003f63      0x505 CMakeFiles/leds.dir/C_/Users/nahue/.pico-sdk/sdk/2.2.0/src/rp2_common/pico_printf/printf.c.obj
 .debug_abbrev  0x00004468       0x12 CMakeFiles/leds.dir/C_/Users/nahue/.pico-sdk/sdk/2.2.0/src/rp2_common/pico_crt0/crt0.S.obj
 .debug_abbrev  0x0000447a      0x375 CMakeFiles/leds.dir/C_/Users/nahue/.pico-sdk/sdk/2.2.0/src/rp2_common/pico_clib_interface/newlib_interface.c.obj
 .debug_abbrev  0x000047ef      0x5fd CMakeFiles/leds.dir/C_/Users/nahue/.pico-sdk/sdk/2.2.0/src/rp2_common/pico_stdio/stdio.c.obj

.debug_loclists
                0x00000000     0xeb36
 .debug_loclists
                0x00000000       0x9c CMakeFiles/leds.dir/leds.c.obj
 .debug_loclists
                0x0000009c     0x17d5 CMakeFiles/leds.dir/C_/Users/nahue/.pico-sdk/sdk/2.2.0/src/rp2_common/hardware_gpio/gpio.c.obj
 .debug_loclists
                0x00001871      0x42d CMakeFiles/leds.dir/C_/Users/nahue/.pico-sdk/sdk/2.2.0/src/common/hardware_claim/claim.c.obj
 .debug_loclists
                0x00001c9e      0x132 CMakeFiles/leds.dir/C_/Users/nahue/.pico-sdk/sdk/2.2.0/src/rp2_common/hardware_sync/sync.c.obj
 .debug_loclists
                0x00001dd0       0xa2 CMakeFiles/leds.dir/C_/Users/nahue/.pico-sdk/sdk/2.2.0/src/rp2_common/hardware_sync_spin_lock/sync_spin_lock.c.obj
 .debug_loclists
                0x00001e72     0x1034 CMakeFiles/leds.dir/C_/Users/nahue/.pico-sdk/sdk/2.2.0/src/rp2_common/hardware_irq/irq.c.obj
 .debug_loclists
                0x00002ea6       0x17 CMakeFiles/leds.dir/C_/Users/nahue/.pico-sdk/sdk/2.2.0/src/common/pico_sync/lock_core.c.obj
 .debug_loclists
                0x00002ebd      0xae7 CMakeFiles/leds.dir/C_/Users/nahue/.pico-sdk/sdk/2.2.0/src/common/pico_sync/mutex.c.obj
 .debug_loclists
                0x000039a4     0x2c58 CMakeFiles/leds.dir/C_/Users/nahue/.pico-sdk/sdk/2.2.0/src/common/pico_time/time.c.obj
 .debug_loclists
                0x000065fc     0x1a3f CMakeFiles/leds.dir/C_/Users/nahue/.pico-sdk/sdk/2.2.0/src/rp2_common/hardware_timer/timer.c.obj
 .debug_loclists
                0x0000803b     0x2038 CMakeFiles/leds.dir/C_/Users/nahue/.pico-sdk/sdk/2.2.0/src/rp2_common/hardware_clocks/clocks.c.obj
 .debug_loclists
                0x0000a073      0x1b7 CMakeFiles/leds.dir/C_/Users/nahue/.pico-sdk/sdk/2.2.0/src/rp2_common/hardware_pll/pll.c.obj
 .debug_loclists
                0x0000a22a       0x8b CMakeFiles/leds.dir/C_/Users/nahue/.pico-sdk/sdk/2.2.0/src/rp2_common/hardware_ticks/ticks.c.obj
 .debug_loclists
                0x0000a2b5      0x812 CMakeFiles/leds.dir/C_/Users/nahue/.pico-sdk/sdk/2.2.0/src/rp2_common/pico_bootrom/bootrom.c.obj
 .debug_loclists
                0x0000aac7       0x28 CMakeFiles/leds.dir/C_/Users/nahue/.pico-sdk/sdk/2.2.0/src/rp2_common/pico_bootrom/bootrom_lock.c.obj
 .debug_loclists
                0x0000aaef       0x78 CMakeFiles/leds.dir/C_/Users/nahue/.pico-sdk/sdk/2.2.0/src/rp2_common/hardware_boot_lock/boot_lock.c.obj
 .debug_loclists
                0x0000ab67       0x48 CMakeFiles/leds.dir/C_/Users/nahue/.pico-sdk/sdk/2.2.0/src/rp2_common/hardware_xosc/xosc.c.obj
 .debug_loclists
                0x0000abaf       0x7e CMakeFiles/leds.dir/C_/Users/nahue/.pico-sdk/sdk/2.2.0/src/rp2_common/pico_runtime/runtime.c.obj
 .debug_loclists
                0x0000ac2d      0x129 CMakeFiles/leds.dir/C_/Users/nahue/.pico-sdk/sdk/2.2.0/src/rp2_common/pico_runtime_init/runtime_init.c.obj
 .debug_loclists
                0x0000ad56       0x74 CMakeFiles/leds.dir/C_/Users/nahue/.pico-sdk/sdk/2.2.0/src/rp2_common/pico_runtime_init/runtime_init_clocks.c.obj
 .debug_loclists
                0x0000adca     0x2e21 CMakeFiles/leds.dir/C_/Users/nahue/.pico-sdk/sdk/2.2.0/src/rp2_common/pico_printf/printf.c.obj
 .debug_loclists
                0x0000dbeb      0x425 CMakeFiles/leds.dir/C_/Users/nahue/.pico-sdk/sdk/2.2.0/src/rp2_common/pico_clib_interface/newlib_interface.c.obj
 .debug_loclists
                0x0000e010      0xb26 CMakeFiles/leds.dir/C_/Users/nahue/.pico-sdk/sdk/2.2.0/src/rp2_common/pico_stdio/stdio.c.obj

.debug_aranges  0x00000000      0xa18
 .debug_aranges
                0x00000000       0x20 CMakeFiles/leds.dir/leds.c.obj
 .debug_aranges
                0x00000020      0x118 CMakeFiles/leds.dir/C_/Users/nahue/.pico-sdk/sdk/2.2.0/src/rp2_common/hardware_gpio/gpio.c.obj
 .debug_aranges
                0x00000138       0x28 CMakeFiles/leds.dir/C_/Users/nahue/.pico-sdk/sdk/2.2.0/src/rp2_common/pico_platform_panic/panic.c.obj
 .debug_aranges
                0x00000160       0x48 CMakeFiles/leds.dir/C_/Users/nahue/.pico-sdk/sdk/2.2.0/src/common/hardware_claim/claim.c.obj
 .debug_aranges
                0x000001a8       0x48 CMakeFiles/leds.dir/C_/Users/nahue/.pico-sdk/sdk/2.2.0/src/rp2_common/hardware_sync/sync.c.obj
 .debug_aranges
                0x000001f0       0x30 CMakeFiles/leds.dir/C_/Users/nahue/.pico-sdk/sdk/2.2.0/src/rp2_common/hardware_sync_spin_lock/sync_spin_lock.c.obj
 .debug_aranges
                0x00000220       0xb8 CMakeFiles/leds.dir/C_/Users/nahue/.pico-sdk/sdk/2.2.0/src/rp2_common/hardware_irq/irq.c.obj
 .debug_aranges
                0x000002d8       0x20 CMakeFiles/leds.dir/C_/Users/nahue/.pico-sdk/sdk/2.2.0/src/common/pico_sync/lock_core.c.obj
 .debug_aranges
                0x000002f8       0x98 CMakeFiles/leds.dir/C_/Users/nahue/.pico-sdk/sdk/2.2.0/src/common/pico_sync/mutex.c.obj
 .debug_aranges
                0x00000390       0xe0 CMakeFiles/leds.dir/C_/Users/nahue/.pico-sdk/sdk/2.2.0/src/common/pico_time/time.c.obj
 .debug_aranges
                0x00000470       0xf0 CMakeFiles/leds.dir/C_/Users/nahue/.pico-sdk/sdk/2.2.0/src/rp2_common/hardware_timer/timer.c.obj
 .debug_aranges
                0x00000560       0x90 CMakeFiles/leds.dir/C_/Users/nahue/.pico-sdk/sdk/2.2.0/src/rp2_common/hardware_clocks/clocks.c.obj
 .debug_aranges
                0x000005f0       0x28 CMakeFiles/leds.dir/C_/Users/nahue/.pico-sdk/sdk/2.2.0/src/rp2_common/hardware_pll/pll.c.obj
 .debug_aranges
                0x00000618       0x30 CMakeFiles/leds.dir/C_/Users/nahue/.pico-sdk/sdk/2.2.0/src/rp2_common/hardware_ticks/ticks.c.obj
 .debug_aranges
                0x00000648       0x60 CMakeFiles/leds.dir/C_/Users/nahue/.pico-sdk/sdk/2.2.0/src/rp2_common/pico_bootrom/bootrom.c.obj
 .debug_aranges
                0x000006a8       0x20 CMakeFiles/leds.dir/C_/Users/nahue/.pico-sdk/sdk/2.2.0/src/rp2_common/pico_bootrom/bootrom_lock.c.obj
 .debug_aranges
                0x000006c8       0x30 CMakeFiles/leds.dir/C_/Users/nahue/.pico-sdk/sdk/2.2.0/src/rp2_common/hardware_boot_lock/boot_lock.c.obj
 .debug_aranges
                0x000006f8       0x30 CMakeFiles/leds.dir/C_/Users/nahue/.pico-sdk/sdk/2.2.0/src/rp2_common/hardware_xosc/xosc.c.obj
 .debug_aranges
                0x00000728       0x38 CMakeFiles/leds.dir/C_/Users/nahue/.pico-sdk/sdk/2.2.0/src/rp2_common/pico_runtime/runtime.c.obj
 .debug_aranges
                0x00000760       0x58 CMakeFiles/leds.dir/C_/Users/nahue/.pico-sdk/sdk/2.2.0/src/rp2_common/pico_runtime_init/runtime_init.c.obj
 .debug_aranges
                0x000007b8       0x20 CMakeFiles/leds.dir/C_/Users/nahue/.pico-sdk/sdk/2.2.0/src/rp2_common/pico_runtime_init/runtime_init_clocks.c.obj
 .debug_aranges
                0x000007d8       0x18 CMakeFiles/leds.dir/C_/Users/nahue/.pico-sdk/sdk/2.2.0/src/rp2_common/pico_standard_binary_info/standard_binary_info.c.obj
 .debug_aranges
                0x000007f0       0x90 CMakeFiles/leds.dir/C_/Users/nahue/.pico-sdk/sdk/2.2.0/src/rp2_common/pico_printf/printf.c.obj
 .debug_aranges
                0x00000880       0x28 CMakeFiles/leds.dir/C_/Users/nahue/.pico-sdk/sdk/2.2.0/src/rp2_common/pico_crt0/crt0.S.obj
 .debug_aranges
                0x000008a8       0xa8 CMakeFiles/leds.dir/C_/Users/nahue/.pico-sdk/sdk/2.2.0/src/rp2_common/pico_clib_interface/newlib_interface.c.obj
 .debug_aranges
                0x00000950       0xc8 CMakeFiles/leds.dir/C_/Users/nahue/.pico-sdk/sdk/2.2.0/src/rp2_common/pico_stdio/stdio.c.obj

.debug_rnglists
                0x00000000     0x2b53
 .debug_rnglists
                0x00000000       0x13 CMakeFiles/leds.dir/leds.c.obj
 .debug_rnglists
                0x00000013      0x626 CMakeFiles/leds.dir/C_/Users/nahue/.pico-sdk/sdk/2.2.0/src/rp2_common/hardware_gpio/gpio.c.obj
 .debug_rnglists
                0x00000639       0x19 CMakeFiles/leds.dir/C_/Users/nahue/.pico-sdk/sdk/2.2.0/src/rp2_common/pico_platform_panic/panic.c.obj
 .debug_rnglists
                0x00000652       0xf2 CMakeFiles/leds.dir/C_/Users/nahue/.pico-sdk/sdk/2.2.0/src/common/hardware_claim/claim.c.obj
 .debug_rnglists
                0x00000744       0x5b CMakeFiles/leds.dir/C_/Users/nahue/.pico-sdk/sdk/2.2.0/src/rp2_common/hardware_sync/sync.c.obj
 .debug_rnglists
                0x0000079f       0x43 CMakeFiles/leds.dir/C_/Users/nahue/.pico-sdk/sdk/2.2.0/src/rp2_common/hardware_sync_spin_lock/sync_spin_lock.c.obj
 .debug_rnglists
                0x000007e2      0x3e4 CMakeFiles/leds.dir/C_/Users/nahue/.pico-sdk/sdk/2.2.0/src/rp2_common/hardware_irq/irq.c.obj
 .debug_rnglists
                0x00000bc6       0x13 CMakeFiles/leds.dir/C_/Users/nahue/.pico-sdk/sdk/2.2.0/src/common/pico_sync/lock_core.c.obj
 .debug_rnglists
                0x00000bd9      0x2ac CMakeFiles/leds.dir/C_/Users/nahue/.pico-sdk/sdk/2.2.0/src/common/pico_sync/mutex.c.obj
 .debug_rnglists
                0x00000e85      0x847 CMakeFiles/leds.dir/C_/Users/nahue/.pico-sdk/sdk/2.2.0/src/common/pico_time/time.c.obj
 .debug_rnglists
                0x000016cc      0x481 CMakeFiles/leds.dir/C_/Users/nahue/.pico-sdk/sdk/2.2.0/src/rp2_common/hardware_timer/timer.c.obj
 .debug_rnglists
                0x00001b4d      0x610 CMakeFiles/leds.dir/C_/Users/nahue/.pico-sdk/sdk/2.2.0/src/rp2_common/hardware_clocks/clocks.c.obj
 .debug_rnglists
                0x0000215d       0x59 CMakeFiles/leds.dir/C_/Users/nahue/.pico-sdk/sdk/2.2.0/src/rp2_common/hardware_pll/pll.c.obj
 .debug_rnglists
                0x000021b6       0x2b CMakeFiles/leds.dir/C_/Users/nahue/.pico-sdk/sdk/2.2.0/src/rp2_common/hardware_ticks/ticks.c.obj
 .debug_rnglists
                0x000021e1      0x131 CMakeFiles/leds.dir/C_/Users/nahue/.pico-sdk/sdk/2.2.0/src/rp2_common/pico_bootrom/bootrom.c.obj
 .debug_rnglists
                0x00002312       0x13 CMakeFiles/leds.dir/C_/Users/nahue/.pico-sdk/sdk/2.2.0/src/rp2_common/pico_bootrom/bootrom_lock.c.obj
 .debug_rnglists
                0x00002325       0x4f CMakeFiles/leds.dir/C_/Users/nahue/.pico-sdk/sdk/2.2.0/src/rp2_common/hardware_boot_lock/boot_lock.c.obj
 .debug_rnglists
                0x00002374       0x2b CMakeFiles/leds.dir/C_/Users/nahue/.pico-sdk/sdk/2.2.0/src/rp2_common/hardware_xosc/xosc.c.obj
 .debug_rnglists
                0x0000239f       0x3d CMakeFiles/leds.dir/C_/Users/nahue/.pico-sdk/sdk/2.2.0/src/rp2_common/pico_runtime/runtime.c.obj
 .debug_rnglists
                0x000023dc       0x7c CMakeFiles/leds.dir/C_/Users/nahue/.pico-sdk/sdk/2.2.0/src/rp2_common/pico_runtime_init/runtime_init.c.obj
 .debug_rnglists
                0x00002458       0x2c CMakeFiles/leds.dir/C_/Users/nahue/.pico-sdk/sdk/2.2.0/src/rp2_common/pico_runtime_init/runtime_init_clocks.c.obj
 .debug_rnglists
                0x00002484      0x2fd CMakeFiles/leds.dir/C_/Users/nahue/.pico-sdk/sdk/2.2.0/src/rp2_common/pico_printf/printf.c.obj
 .debug_rnglists
                0x00002781       0x1b CMakeFiles/leds.dir/C_/Users/nahue/.pico-sdk/sdk/2.2.0/src/rp2_common/pico_crt0/crt0.S.obj
 .debug_rnglists
                0x0000279c       0xb5 CMakeFiles/leds.dir/C_/Users/nahue/.pico-sdk/sdk/2.2.0/src/rp2_common/pico_clib_interface/newlib_interface.c.obj
 .debug_rnglists
                0x00002851      0x302 CMakeFiles/leds.dir/C_/Users/nahue/.pico-sdk/sdk/2.2.0/src/rp2_common/pico_stdio/stdio.c.obj

.debug_line     0x00000000    0x135b0
 .debug_line    0x00000000      0x33c CMakeFiles/leds.dir/leds.c.obj
 .debug_line    0x0000033c     0x1bb9 CMakeFiles/leds.dir/C_/Users/nahue/.pico-sdk/sdk/2.2.0/src/rp2_common/hardware_gpio/gpio.c.obj
 .debug_line    0x00001ef5      0x285 CMakeFiles/leds.dir/C_/Users/nahue/.pico-sdk/sdk/2.2.0/src/rp2_common/pico_platform_panic/panic.c.obj
 .debug_line    0x0000217a      0x810 CMakeFiles/leds.dir/C_/Users/nahue/.pico-sdk/sdk/2.2.0/src/common/hardware_claim/claim.c.obj
 .debug_line    0x0000298a      0x424 CMakeFiles/leds.dir/C_/Users/nahue/.pico-sdk/sdk/2.2.0/src/rp2_common/hardware_sync/sync.c.obj
 .debug_line    0x00002dae      0x3a4 CMakeFiles/leds.dir/C_/Users/nahue/.pico-sdk/sdk/2.2.0/src/rp2_common/hardware_sync_spin_lock/sync_spin_lock.c.obj
 .debug_line    0x00003152     0x1719 CMakeFiles/leds.dir/C_/Users/nahue/.pico-sdk/sdk/2.2.0/src/rp2_common/hardware_irq/irq.c.obj
 .debug_line    0x0000486b      0x270 CMakeFiles/leds.dir/C_/Users/nahue/.pico-sdk/sdk/2.2.0/src/common/pico_sync/lock_core.c.obj
 .debug_line    0x00004adb     0x127a CMakeFiles/leds.dir/C_/Users/nahue/.pico-sdk/sdk/2.2.0/src/common/pico_sync/mutex.c.obj
 .debug_line    0x00005d55     0x31d4 CMakeFiles/leds.dir/C_/Users/nahue/.pico-sdk/sdk/2.2.0/src/common/pico_time/time.c.obj
 .debug_line    0x00008f29     0x1dd1 CMakeFiles/leds.dir/C_/Users/nahue/.pico-sdk/sdk/2.2.0/src/rp2_common/hardware_timer/timer.c.obj
 .debug_line    0x0000acfa     0x1ecf CMakeFiles/leds.dir/C_/Users/nahue/.pico-sdk/sdk/2.2.0/src/rp2_common/hardware_clocks/clocks.c.obj
 .debug_line    0x0000cbc9      0x4eb CMakeFiles/leds.dir/C_/Users/nahue/.pico-sdk/sdk/2.2.0/src/rp2_common/hardware_pll/pll.c.obj
 .debug_line    0x0000d0b4      0x33a CMakeFiles/leds.dir/C_/Users/nahue/.pico-sdk/sdk/2.2.0/src/rp2_common/hardware_ticks/ticks.c.obj
 .debug_line    0x0000d3ee      0xb25 CMakeFiles/leds.dir/C_/Users/nahue/.pico-sdk/sdk/2.2.0/src/rp2_common/pico_bootrom/bootrom.c.obj
 .debug_line    0x0000df13      0x3bf CMakeFiles/leds.dir/C_/Users/nahue/.pico-sdk/sdk/2.2.0/src/rp2_common/pico_bootrom/bootrom_lock.c.obj
 .debug_line    0x0000e2d2      0x427 CMakeFiles/leds.dir/C_/Users/nahue/.pico-sdk/sdk/2.2.0/src/rp2_common/hardware_boot_lock/boot_lock.c.obj
 .debug_line    0x0000e6f9      0x36e CMakeFiles/leds.dir/C_/Users/nahue/.pico-sdk/sdk/2.2.0/src/rp2_common/hardware_xosc/xosc.c.obj
 .debug_line    0x0000ea67      0x319 CMakeFiles/leds.dir/C_/Users/nahue/.pico-sdk/sdk/2.2.0/src/rp2_common/pico_runtime/runtime.c.obj
 .debug_line    0x0000ed80      0x6e5 CMakeFiles/leds.dir/C_/Users/nahue/.pico-sdk/sdk/2.2.0/src/rp2_common/pico_runtime_init/runtime_init.c.obj
 .debug_line    0x0000f465      0x592 CMakeFiles/leds.dir/C_/Users/nahue/.pico-sdk/sdk/2.2.0/src/rp2_common/pico_runtime_init/runtime_init_clocks.c.obj
 .debug_line    0x0000f9f7      0x1f5 CMakeFiles/leds.dir/C_/Users/nahue/.pico-sdk/sdk/2.2.0/src/rp2_common/pico_standard_binary_info/standard_binary_info.c.obj
 .debug_line    0x0000fbec     0x1bb6 CMakeFiles/leds.dir/C_/Users/nahue/.pico-sdk/sdk/2.2.0/src/rp2_common/pico_printf/printf.c.obj
 .debug_line    0x000117a2       0x9e CMakeFiles/leds.dir/C_/Users/nahue/.pico-sdk/sdk/2.2.0/src/rp2_common/pico_crt0/crt0.S.obj
 .debug_line    0x00011840      0x8a8 CMakeFiles/leds.dir/C_/Users/nahue/.pico-sdk/sdk/2.2.0/src/rp2_common/pico_clib_interface/newlib_interface.c.obj
 .debug_line    0x000120e8     0x14c8 CMakeFiles/leds.dir/C_/Users/nahue/.pico-sdk/sdk/2.2.0/src/rp2_common/pico_stdio/stdio.c.obj

.debug_str      0x00000000     0x4cb5
 .debug_str     0x00000000     0x4cb5 CMakeFiles/leds.dir/leds.c.obj
                                0x2b2 (size before relaxing)
 .debug_str     0x00004cb5      0xd6f CMakeFiles/leds.dir/C_/Users/nahue/.pico-sdk/sdk/2.2.0/src/rp2_common/hardware_gpio/gpio.c.obj
 .debug_str     0x00004cb5      0x248 CMakeFiles/leds.dir/C_/Users/nahue/.pico-sdk/sdk/2.2.0/src/rp2_common/pico_platform_panic/panic.c.obj
 .debug_str     0x00004cb5      0x3ba CMakeFiles/leds.dir/C_/Users/nahue/.pico-sdk/sdk/2.2.0/src/common/hardware_claim/claim.c.obj
 .debug_str     0x00004cb5      0x365 CMakeFiles/leds.dir/C_/Users/nahue/.pico-sdk/sdk/2.2.0/src/rp2_common/hardware_sync/sync.c.obj
 .debug_str     0x00004cb5      0xc12 CMakeFiles/leds.dir/C_/Users/nahue/.pico-sdk/sdk/2.2.0/src/rp2_common/hardware_sync_spin_lock/sync_spin_lock.c.obj
 .debug_str     0x00004cb5      0xc91 CMakeFiles/leds.dir/C_/Users/nahue/.pico-sdk/sdk/2.2.0/src/rp2_common/hardware_irq/irq.c.obj
 .debug_str     0x00004cb5      0x257 CMakeFiles/leds.dir/C_/Users/nahue/.pico-sdk/sdk/2.2.0/src/common/pico_sync/lock_core.c.obj
 .debug_str     0x00004cb5      0x92b CMakeFiles/leds.dir/C_/Users/nahue/.pico-sdk/sdk/2.2.0/src/common/pico_sync/mutex.c.obj
 .debug_str     0x00004cb5     0x134d CMakeFiles/leds.dir/C_/Users/nahue/.pico-sdk/sdk/2.2.0/src/common/pico_time/time.c.obj
 .debug_str     0x00004cb5      0xbe5 CMakeFiles/leds.dir/C_/Users/nahue/.pico-sdk/sdk/2.2.0/src/rp2_common/hardware_timer/timer.c.obj
 .debug_str     0x00004cb5      0xbd4 CMakeFiles/leds.dir/C_/Users/nahue/.pico-sdk/sdk/2.2.0/src/rp2_common/hardware_clocks/clocks.c.obj
 .debug_str     0x00004cb5      0x4de CMakeFiles/leds.dir/C_/Users/nahue/.pico-sdk/sdk/2.2.0/src/rp2_common/hardware_pll/pll.c.obj
 .debug_str     0x00004cb5      0x30b CMakeFiles/leds.dir/C_/Users/nahue/.pico-sdk/sdk/2.2.0/src/rp2_common/hardware_ticks/ticks.c.obj
 .debug_str     0x00004cb5      0x9a7 CMakeFiles/leds.dir/C_/Users/nahue/.pico-sdk/sdk/2.2.0/src/rp2_common/pico_bootrom/bootrom.c.obj
 .debug_str     0x00004cb5      0x2f3 CMakeFiles/leds.dir/C_/Users/nahue/.pico-sdk/sdk/2.2.0/src/rp2_common/pico_bootrom/bootrom_lock.c.obj
 .debug_str     0x00004cb5      0x2d1 CMakeFiles/leds.dir/C_/Users/nahue/.pico-sdk/sdk/2.2.0/src/rp2_common/hardware_boot_lock/boot_lock.c.obj
 .debug_str     0x00004cb5      0x284 CMakeFiles/leds.dir/C_/Users/nahue/.pico-sdk/sdk/2.2.0/src/rp2_common/hardware_xosc/xosc.c.obj
 .debug_str     0x00004cb5      0x2da CMakeFiles/leds.dir/C_/Users/nahue/.pico-sdk/sdk/2.2.0/src/rp2_common/pico_runtime/runtime.c.obj
 .debug_str     0x00004cb5     0x125e CMakeFiles/leds.dir/C_/Users/nahue/.pico-sdk/sdk/2.2.0/src/rp2_common/pico_runtime_init/runtime_init.c.obj
 .debug_str     0x00004cb5      0x526 CMakeFiles/leds.dir/C_/Users/nahue/.pico-sdk/sdk/2.2.0/src/rp2_common/pico_runtime_init/runtime_init_clocks.c.obj
 .debug_str     0x00004cb5      0x483 CMakeFiles/leds.dir/C_/Users/nahue/.pico-sdk/sdk/2.2.0/src/rp2_common/pico_standard_binary_info/standard_binary_info.c.obj
 .debug_str     0x00004cb5      0x4f0 CMakeFiles/leds.dir/C_/Users/nahue/.pico-sdk/sdk/2.2.0/src/rp2_common/pico_printf/printf.c.obj
 .debug_str     0x00004cb5       0xb5 CMakeFiles/leds.dir/C_/Users/nahue/.pico-sdk/sdk/2.2.0/src/rp2_common/pico_crt0/crt0.S.obj
 .debug_str     0x00004cb5      0x8d9 CMakeFiles/leds.dir/C_/Users/nahue/.pico-sdk/sdk/2.2.0/src/rp2_common/pico_clib_interface/newlib_interface.c.obj
 .debug_str     0x00004cb5      0xc6e CMakeFiles/leds.dir/C_/Users/nahue/.pico-sdk/sdk/2.2.0/src/rp2_common/pico_stdio/stdio.c.obj

.debug_frame    0x00000000     0x1c60
 .debug_frame   0x00000000       0x28 CMakeFiles/leds.dir/leds.c.obj
 .debug_frame   0x00000028      0x374 CMakeFiles/leds.dir/C_/Users/nahue/.pico-sdk/sdk/2.2.0/src/rp2_common/hardware_gpio/gpio.c.obj
 .debug_frame   0x0000039c       0x4c CMakeFiles/leds.dir/C_/Users/nahue/.pico-sdk/sdk/2.2.0/src/rp2_common/pico_platform_panic/panic.c.obj
 .debug_frame   0x000003e8       0x94 CMakeFiles/leds.dir/C_/Users/nahue/.pico-sdk/sdk/2.2.0/src/common/hardware_claim/claim.c.obj
 .debug_frame   0x0000047c       0x94 CMakeFiles/leds.dir/C_/Users/nahue/.pico-sdk/sdk/2.2.0/src/rp2_common/hardware_sync/sync.c.obj
 .debug_frame   0x00000510       0x40 CMakeFiles/leds.dir/C_/Users/nahue/.pico-sdk/sdk/2.2.0/src/rp2_common/hardware_sync_spin_lock/sync_spin_lock.c.obj
 .debug_frame   0x00000550      0x1cc CMakeFiles/leds.dir/C_/Users/nahue/.pico-sdk/sdk/2.2.0/src/rp2_common/hardware_irq/irq.c.obj
 .debug_frame   0x0000071c       0x20 CMakeFiles/leds.dir/C_/Users/nahue/.pico-sdk/sdk/2.2.0/src/common/pico_sync/lock_core.c.obj
 .debug_frame   0x0000073c      0x1d0 CMakeFiles/leds.dir/C_/Users/nahue/.pico-sdk/sdk/2.2.0/src/common/pico_sync/mutex.c.obj
 .debug_frame   0x0000090c      0x378 CMakeFiles/leds.dir/C_/Users/nahue/.pico-sdk/sdk/2.2.0/src/common/pico_time/time.c.obj
 .debug_frame   0x00000c84      0x2d8 CMakeFiles/leds.dir/C_/Users/nahue/.pico-sdk/sdk/2.2.0/src/rp2_common/hardware_timer/timer.c.obj
 .debug_frame   0x00000f5c      0x1f0 CMakeFiles/leds.dir/C_/Users/nahue/.pico-sdk/sdk/2.2.0/src/rp2_common/hardware_clocks/clocks.c.obj
 .debug_frame   0x0000114c       0x44 CMakeFiles/leds.dir/C_/Users/nahue/.pico-sdk/sdk/2.2.0/src/rp2_common/hardware_pll/pll.c.obj
 .debug_frame   0x00001190       0x40 CMakeFiles/leds.dir/C_/Users/nahue/.pico-sdk/sdk/2.2.0/src/rp2_common/hardware_ticks/ticks.c.obj
 .debug_frame   0x000011d0      0x12c CMakeFiles/leds.dir/C_/Users/nahue/.pico-sdk/sdk/2.2.0/src/rp2_common/pico_bootrom/bootrom.c.obj
 .debug_frame   0x000012fc       0x20 CMakeFiles/leds.dir/C_/Users/nahue/.pico-sdk/sdk/2.2.0/src/rp2_common/pico_bootrom/bootrom_lock.c.obj
 .debug_frame   0x0000131c       0x40 CMakeFiles/leds.dir/C_/Users/nahue/.pico-sdk/sdk/2.2.0/src/rp2_common/hardware_boot_lock/boot_lock.c.obj
 .debug_frame   0x0000135c       0x4c CMakeFiles/leds.dir/C_/Users/nahue/.pico-sdk/sdk/2.2.0/src/rp2_common/hardware_xosc/xosc.c.obj
 .debug_frame   0x000013a8       0x70 CMakeFiles/leds.dir/C_/Users/nahue/.pico-sdk/sdk/2.2.0/src/rp2_common/pico_runtime/runtime.c.obj
 .debug_frame   0x00001418       0xc0 CMakeFiles/leds.dir/C_/Users/nahue/.pico-sdk/sdk/2.2.0/src/rp2_common/pico_runtime_init/runtime_init.c.obj
 .debug_frame   0x000014d8       0x34 CMakeFiles/leds.dir/C_/Users/nahue/.pico-sdk/sdk/2.2.0/src/rp2_common/pico_runtime_init/runtime_init_clocks.c.obj
 .debug_frame   0x0000150c      0x2a4 CMakeFiles/leds.dir/C_/Users/nahue/.pico-sdk/sdk/2.2.0/src/rp2_common/pico_printf/printf.c.obj
 .debug_frame   0x000017b0      0x190 CMakeFiles/leds.dir/C_/Users/nahue/.pico-sdk/sdk/2.2.0/src/rp2_common/pico_clib_interface/newlib_interface.c.obj
 .debug_frame   0x00001940      0x2d8 CMakeFiles/leds.dir/C_/Users/nahue/.pico-sdk/sdk/2.2.0/src/rp2_common/pico_stdio/stdio.c.obj
 .debug_frame   0x00001c18       0x28 C:/Users/nahue/.pico-sdk/toolchain/14_2_Rel1/bin/../lib/gcc/arm-none-eabi/14.2.1/thumb/v8-m.main+fp/softfp\libg.a(libc_a-memcpy.o)
 .debug_frame   0x00001c40       0x20 C:/Users/nahue/.pico-sdk/toolchain/14_2_Rel1/bin/../lib/gcc/arm-none-eabi/14.2.1/thumb/v8-m.main+fp/softfp\libg.a(libc_a-strlen-stub.o)

.debug_line_str
                0x00000000      0x190
 .debug_line_str
                0x00000000      0x190 CMakeFiles/leds.dir/C_/Users/nahue/.pico-sdk/sdk/2.2.0/src/rp2_common/pico_crt0/crt0.S.obj
                                 0xa7 (size before relaxing)
 .debug_line_str
                0x00000190       0xe9 C:/Users/nahue/.pico-sdk/toolchain/14_2_Rel1/bin/../lib/gcc/arm-none-eabi/14.2.1/thumb/v8-m.main+fp/softfp\libg.a(libc_a-memcpy.o)
