Archive member included to satisfy reference by file (symbol)

one_wire/libone_wire.a(OneWire.c.obj)
                              CMakeFiles/Test_4.dir/Test_4.c.obj (OneWire_Init)
ds18b20/libds18b20.a(ds18b20.c.obj)
                              CMakeFiles/Test_4.dir/Test_4.c.obj (DS18B20_Read_Temperature)
C:/Users/nahue/.pico-sdk/toolchain/14_2_Rel1/bin/../lib/gcc/arm-none-eabi/14.2.1/thumb/v8-m.main+fp/softfp\libm.a(libm_a-wf_sqrt.o)
                              CMakeFiles/Test_4.dir/C_/Users/nahue/.pico-sdk/sdk/2.2.0/src/rp2_common/pico_float/float_math.c.obj (sqrtf)
C:/Users/nahue/.pico-sdk/toolchain/14_2_Rel1/bin/../lib/gcc/arm-none-eabi/14.2.1/thumb/v8-m.main+fp/softfp\libm.a(libm_a-ef_sqrt.o)
                              C:/Users/nahue/.pico-sdk/toolchain/14_2_Rel1/bin/../lib/gcc/arm-none-eabi/14.2.1/thumb/v8-m.main+fp/softfp\libm.a(libm_a-wf_sqrt.o) (__ieee754_sqrtf)
C:/Users/nahue/.pico-sdk/toolchain/14_2_Rel1/bin/../lib/gcc/arm-none-eabi/14.2.1/thumb/v8-m.main+fp/softfp\libgcc.a(_arm_addsubdf3.o)
                              CMakeFiles/Test_4.dir/Test_4.c.obj (__aeabi_f2d)
C:/Users/nahue/.pico-sdk/toolchain/14_2_Rel1/bin/../lib/gcc/arm-none-eabi/14.2.1/thumb/v8-m.main+fp/softfp\libgcc.a(_aeabi_ldivmod.o)
                              CMakeFiles/Test_4.dir/C_/Users/nahue/.pico-sdk/sdk/2.2.0/src/common/pico_time/time.c.obj (__aeabi_ldivmod)
C:/Users/nahue/.pico-sdk/toolchain/14_2_Rel1/bin/../lib/gcc/arm-none-eabi/14.2.1/thumb/v8-m.main+fp/softfp\libgcc.a(_aeabi_uldivmod.o)
                              CMakeFiles/Test_4.dir/C_/Users/nahue/.pico-sdk/sdk/2.2.0/src/rp2_common/hardware_clocks/clocks.c.obj (__aeabi_uldivmod)
C:/Users/nahue/.pico-sdk/toolchain/14_2_Rel1/bin/../lib/gcc/arm-none-eabi/14.2.1/thumb/v8-m.main+fp/softfp\libgcc.a(_udivmoddi4.o)
                              C:/Users/nahue/.pico-sdk/toolchain/14_2_Rel1/bin/../lib/gcc/arm-none-eabi/14.2.1/thumb/v8-m.main+fp/softfp\libgcc.a(_aeabi_ldivmod.o) (__udivmoddi4)
C:/Users/nahue/.pico-sdk/toolchain/14_2_Rel1/bin/../lib/gcc/arm-none-eabi/14.2.1/thumb/v8-m.main+fp/softfp\libgcc.a(_dvmd_tls.o)
                              C:/Users/nahue/.pico-sdk/toolchain/14_2_Rel1/bin/../lib/gcc/arm-none-eabi/14.2.1/thumb/v8-m.main+fp/softfp\libgcc.a(_aeabi_ldivmod.o) (__aeabi_ldiv0)
C:/Users/nahue/.pico-sdk/toolchain/14_2_Rel1/bin/../lib/gcc/arm-none-eabi/14.2.1/thumb/v8-m.main+fp/softfp\libg.a(libc_a-calloc.o)
                              CMakeFiles/Test_4.dir/C_/Users/nahue/.pico-sdk/sdk/2.2.0/src/rp2_common/pico_malloc/malloc.c.obj (calloc)
C:/Users/nahue/.pico-sdk/toolchain/14_2_Rel1/bin/../lib/gcc/arm-none-eabi/14.2.1/thumb/v8-m.main+fp/softfp\libg.a(libc_a-callocr.o)
                              C:/Users/nahue/.pico-sdk/toolchain/14_2_Rel1/bin/../lib/gcc/arm-none-eabi/14.2.1/thumb/v8-m.main+fp/softfp\libg.a(libc_a-calloc.o) (_calloc_r)
C:/Users/nahue/.pico-sdk/toolchain/14_2_Rel1/bin/../lib/gcc/arm-none-eabi/14.2.1/thumb/v8-m.main+fp/softfp\libg.a(libc_a-malloc.o)
                              CMakeFiles/Test_4.dir/C_/Users/nahue/.pico-sdk/sdk/2.2.0/src/rp2_common/pico_malloc/malloc.c.obj (malloc)
C:/Users/nahue/.pico-sdk/toolchain/14_2_Rel1/bin/../lib/gcc/arm-none-eabi/14.2.1/thumb/v8-m.main+fp/softfp\libg.a(libc_a-mallocr.o)
                              C:/Users/nahue/.pico-sdk/toolchain/14_2_Rel1/bin/../lib/gcc/arm-none-eabi/14.2.1/thumb/v8-m.main+fp/softfp\libg.a(libc_a-callocr.o) (_malloc_r)
C:/Users/nahue/.pico-sdk/toolchain/14_2_Rel1/bin/../lib/gcc/arm-none-eabi/14.2.1/thumb/v8-m.main+fp/softfp\libg.a(libc_a-mlock.o)
                              C:/Users/nahue/.pico-sdk/toolchain/14_2_Rel1/bin/../lib/gcc/arm-none-eabi/14.2.1/thumb/v8-m.main+fp/softfp\libg.a(libc_a-mallocr.o) (__malloc_lock)
C:/Users/nahue/.pico-sdk/toolchain/14_2_Rel1/bin/../lib/gcc/arm-none-eabi/14.2.1/thumb/v8-m.main+fp/softfp\libg.a(libc_a-realloc.o)
                              CMakeFiles/Test_4.dir/C_/Users/nahue/.pico-sdk/sdk/2.2.0/src/rp2_common/pico_malloc/malloc.c.obj (realloc)
C:/Users/nahue/.pico-sdk/toolchain/14_2_Rel1/bin/../lib/gcc/arm-none-eabi/14.2.1/thumb/v8-m.main+fp/softfp\libg.a(libc_a-reallocr.o)
                              C:/Users/nahue/.pico-sdk/toolchain/14_2_Rel1/bin/../lib/gcc/arm-none-eabi/14.2.1/thumb/v8-m.main+fp/softfp\libg.a(libc_a-realloc.o) (_realloc_r)
C:/Users/nahue/.pico-sdk/toolchain/14_2_Rel1/bin/../lib/gcc/arm-none-eabi/14.2.1/thumb/v8-m.main+fp/softfp\libg.a(libc_a-memcmp.o)
                              CMakeFiles/Test_4.dir/C_/Users/nahue/.pico-sdk/sdk/2.2.0/src/rp2_common/pico_atomic/atomic.c.obj (memcmp)
C:/Users/nahue/.pico-sdk/toolchain/14_2_Rel1/bin/../lib/gcc/arm-none-eabi/14.2.1/thumb/v8-m.main+fp/softfp\libg.a(libc_a-memmove.o)
                              C:/Users/nahue/.pico-sdk/toolchain/14_2_Rel1/bin/../lib/gcc/arm-none-eabi/14.2.1/thumb/v8-m.main+fp/softfp\libg.a(libc_a-reallocr.o) (memmove)
[...]
Memory Configuration

Name             Origin             Length             Attributes
FLASH            0x10000000         0x00400000         xr
RAM              0x20000000         0x00080000         xrw
SCRATCH_X        0x20080000         0x00001000         xrw
SCRATCH_Y        0x20081000         0x00001000         xrw
*default*        0x00000000         0xffffffff

Linker script and memory map

LOAD C:/Users/nahue/.pico-sdk/toolchain/14_2_Rel1/bin/../lib/gcc/arm-none-eabi/14.2.1/thumb/v8-m.main+fp/softfp/crti.o
LOAD C:/Users/nahue/.pico-sdk/toolchain/14_2_Rel1/bin/../lib/gcc/arm-none-eabi/14.2.1/thumb/v8-m.main+fp/softfp/crtbegin.o
LOAD C:/Users/nahue/.pico-sdk/toolchain/14_2_Rel1/bin/../lib/gcc/arm-none-eabi/14.2.1/thumb/v8-m.main+fp/softfp/crt0.o

.flash_begin    0x10000000        0x0
                0x10000000                        __flash_binary_start = .

.text           0x10000000     0x6ec8
                0x10000000                        __logical_binary_start = .
 *(.vectors)
 .vectors       0x10000000      0x124 CMakeFiles/Test_4.dir/C_/Users/nahue/.pico-sdk/sdk/2.2.0/src/rp2_common/pico_crt0/crt0.S.obj
                0x10000000                __VECTOR_TABLE
                0x10000000                __vectors
                0x10000110                __unhandled_user_irq
                0x10000110                isr_irq49
                0x10000110                isr_irq13
                0x10000110                isr_irq43
                0x10000110                isr_irq45
                0x10000110                isr_irq27
                0x10000110                isr_irq32
                0x10000110                isr_irq31
                0x10000110                isr_irq12
                0x10000110                isr_irq5
                0x10000110                isr_irq11
                0x10000110                isr_irq3
                0x10000110                isr_irq23
                0x10000110                isr_usagefault
                0x10000110                isr_irq48
                0x10000110                isr_irq30
                0x10000110                isr_irq18
                0x10000110                isr_irq50
                0x10000110                isr_irq33
                0x10000110                isr_irq40
                0x10000110                isr_irq28
                0x10000110                isr_irq19
                0x10000110                isr_irq36
                0x10000110                isr_irq41
                0x10000110                isr_irq0
                0x10000110                isr_irq6
                0x10000110                isr_irq26
                0x10000110                isr_irq29
                0x10000110                isr_memmanage
                0x10000110                isr_irq37
                0x10000110                isr_irq42
                0x10000110                isr_irq22
                0x10000110                isr_irq35
                0x10000110                isr_irq17
                0x10000110                isr_irq38
                0x10000110                isr_irq14
                0x10000110                __vectors_end
                0x10000110                __default_isrs_start
                0x10000110                isr_irq2
                0x10000110                isr_irq10
                0x10000110                isr_irq8
                0x10000110                isr_debugmonitor
                0x10000110                isr_irq24
                0x10000110                isr_irq46
                0x10000110                isr_irq1
                0x10000110                isr_irq47
                0x10000110                isr_irq51
                0x10000110                isr_irq7
                0x10000110                isr_irq21
                0x10000110                isr_irq39
                0x10000110                isr_irq20
                0x10000110                isr_irq15
                0x10000110                isr_irq25
                0x10000110                isr_irq34
                0x10000110                isr_irq44
                0x10000110                isr_securefault
                0x10000110                isr_irq4
                0x10000110                isr_busfault
                0x10000110                isr_irq16
                0x10000110                isr_irq9
                0x10000116                unhandled_user_irq_num_in_r0
                0x10000118                isr_invalid
                0x1000011a                isr_nmi
                0x1000011c                isr_hardfault
                0x1000011e                isr_svcall
                0x10000120                isr_pendsv
                0x10000122                isr_systick
                0x10000124                __default_isrs_end
 *(.binary_info_header)
 .binary_info_header
                0x10000124       0x14 CMakeFiles/Test_4.dir/C_/Users/nahue/.pico-sdk/sdk/2.2.0/src/rp2_common/pico_crt0/crt0.S.obj
                0x10000138                        __binary_info_header_end = .
 *(.embedded_block)
 .embedded_block
                0x10000138       0x14 CMakeFiles/Test_4.dir/C_/Users/nahue/.pico-sdk/sdk/2.2.0/src/rp2_common/pico_crt0/crt0.S.obj
                0x1000014c                        __embedded_block_end = .
 *(.reset)
 .reset         0x1000014c       0x98 CMakeFiles/Test_4.dir/C_/Users/nahue/.pico-sdk/sdk/2.2.0/src/rp2_common/pico_crt0/crt0.S.obj
                0x1000014c                _entry_point
 *(.init)
 .init          0x100001e4        0x4 C:/Users/nahue/.pico-sdk/toolchain/14_2_Rel1/bin/../lib/gcc/arm-none-eabi/14.2.1/thumb/v8-m.main+fp/softfp/crti.o
                0x100001e4                _init
 SORT_BY_NAME(REVERSE(*libgcc.a:cmse_nonsecure_call.o))()
 *(EXCLUDE_FILE(*libm.a: *libc.a:*lib_a-mem*.o *libgcc.a:) .text*)
 .text.register_tm_clones
                0x100001e8       0x28 C:/Users/nahue/.pico-sdk/toolchain/14_2_Rel1/bin/../lib/gcc/arm-none-eabi/14.2.1/thumb/v8-m.main+fp/softfp/crtbegin.o
 .text.frame_dummy
                0x10000210       0x24 C:/Users/nahue/.pico-sdk/toolchain/14_2_Rel1/bin/../lib/gcc/arm-none-eabi/14.2.1/thumb/v8-m.main+fp/softfp/crtbegin.o
 .text.pin_mode_output
                0x10000234        0xc CMakeFiles/Test_4.dir/Test_4.c.obj
 .text.pin_mode_input
                0x10000240        0xc CMakeFiles/Test_4.dir/Test_4.c.obj
 .text.pin_write_high
                0x1000024c        0xc CMakeFiles/Test_4.dir/Test_4.c.obj
 .text.pin_write_low
                0x10000258        0xc CMakeFiles/Test_4.dir/Test_4.c.obj
 .text.pin_read
                0x10000264        0xc CMakeFiles/Test_4.dir/Test_4.c.obj
 .text.delay_us
                0x10000270        0x8 CMakeFiles/Test_4.dir/Test_4.c.obj
 .text.mostrar_scratchpad
                0x10000278      0x120 CMakeFiles/Test_4.dir/Test_4.c.obj
                0x10000278                mostrar_scratchpad
 .text.leer_y_mostrar_temperatura
                0x10000398       0xe0 CMakeFiles/Test_4.dir/Test_4.c.obj
                0x10000398                leer_y_mostrar_temperatura
 .text.startup.main
                0x10000478      0x394 CMakeFiles/Test_4.dir/Test_4.c.obj
                0x10000478                main
 .text.gpio_set_function
                0x1000080c       0x3c CMakeFiles/Test_4.dir/C_/Users/nahue/.pico-sdk/sdk/2.2.0/src/rp2_common/hardware_gpio/gpio.c.obj
                0x1000080c                gpio_set_function
 .text.gpio_init
                0x10000848       0x48 CMakeFiles/Test_4.dir/C_/Users/nahue/.pico-sdk/sdk/2.2.0/src/rp2_common/hardware_gpio/gpio.c.obj
                0x10000848                gpio_init
 .text.panic    0x10000890       0x30 CMakeFiles/Test_4.dir/C_/Users/nahue/.pico-sdk/sdk/2.2.0/src/rp2_common/pico_platform_panic/panic.c.obj
                0x10000890                panic
 .text.hw_claim_or_assert
                0x100008c0       0x58 CMakeFiles/Test_4.dir/C_/Users/nahue/.pico-sdk/sdk/2.2.0/src/common/hardware_claim/claim.c.obj
                0x100008c0                hw_claim_or_assert
 .text.hw_claim_unused_from_range
                0x10000918       0x80 CMakeFiles/Test_4.dir/C_/Users/nahue/.pico-sdk/sdk/2.2.0/src/common/hardware_claim/claim.c.obj
                0x10000918                hw_claim_unused_from_range
 .text.next_striped_spin_lock_num
                0x10000998       0x18 CMakeFiles/Test_4.dir/C_/Users/nahue/.pico-sdk/sdk/2.2.0/src/rp2_common/hardware_sync/sync.c.obj
                0x10000998                next_striped_spin_lock_num
 .text.spin_lock_claim_unused
                0x100009b0       0x20 CMakeFiles/Test_4.dir/C_/Users/nahue/.pico-sdk/sdk/2.2.0/src/rp2_common/hardware_sync/sync.c.obj
                0x100009b0                spin_lock_claim_unused
 .text.spinlock_set_extexclall
                0x100009d0       0x10 CMakeFiles/Test_4.dir/C_/Users/nahue/.pico-sdk/sdk/2.2.0/src/rp2_common/hardware_sync_spin_lock/sync_spin_lock.c.obj
 .text.spin_locks_reset
                0x100009e0       0x18 CMakeFiles/Test_4.dir/C_/Users/nahue/.pico-sdk/sdk/2.2.0/src/rp2_common/hardware_sync_spin_lock/sync_spin_lock.c.obj
                0x100009e0                spin_locks_reset
 .text.runtime_init_per_core_irq_priorities
                0x100009f8       0x40 CMakeFiles/Test_4.dir/C_/Users/nahue/.pico-sdk/sdk/2.2.0/src/rp2_common/hardware_irq/irq.c.obj
                0x100009f8                runtime_init_per_core_irq_priorities
 .text.irq_set_enabled
                0x10000a38       0x2c CMakeFiles/Test_4.dir/C_/Users/nahue/.pico-sdk/sdk/2.2.0/src/rp2_common/hardware_irq/irq.c.obj
                0x10000a38                irq_set_enabled
 .text.irq_is_enabled
                0x10000a64       0x20 CMakeFiles/Test_4.dir/C_/Users/nahue/.pico-sdk/sdk/2.2.0/src/rp2_common/hardware_irq/irq.c.obj
                0x10000a64                irq_is_enabled
 .text.irq_set_pending
                0x10000a84       0x18 CMakeFiles/Test_4.dir/C_/Users/nahue/.pico-sdk/sdk/2.2.0/src/rp2_common/hardware_irq/irq.c.obj
                0x10000a84                irq_set_pending
 .text.irq_has_shared_handler
                0x10000a9c       0x20 CMakeFiles/Test_4.dir/C_/Users/nahue/.pico-sdk/sdk/2.2.0/src/rp2_common/hardware_irq/irq.c.obj
                0x10000a9c                irq_has_shared_handler
 .text.irq_set_exclusive_handler
                0x10000abc       0x60 CMakeFiles/Test_4.dir/C_/Users/nahue/.pico-sdk/sdk/2.2.0/src/rp2_common/hardware_irq/irq.c.obj
                0x10000abc                irq_set_exclusive_handler
 .text.irq_add_shared_handler
                0x10000b1c      0x1e8 CMakeFiles/Test_4.dir/C_/Users/nahue/.pico-sdk/sdk/2.2.0/src/rp2_common/hardware_irq/irq.c.obj
                0x10000b1c                irq_add_shared_handler
 .text.irq_remove_handler
                0x10000d04      0x1f4 CMakeFiles/Test_4.dir/C_/Users/nahue/.pico-sdk/sdk/2.2.0/src/rp2_common/hardware_irq/irq.c.obj
                0x10000d04                irq_remove_handler
 .text.irq_add_tail_to_free_list
                0x10000ef8       0xbc CMakeFiles/Test_4.dir/C_/Users/nahue/.pico-sdk/sdk/2.2.0/src/rp2_common/hardware_irq/irq.c.obj
                0x10000ef8                irq_add_tail_to_free_list
 .text.user_irq_claim_unused
                0x10000fb4       0x28 CMakeFiles/Test_4.dir/C_/Users/nahue/.pico-sdk/sdk/2.2.0/src/rp2_common/hardware_irq/irq.c.obj
                0x10000fb4                user_irq_claim_unused
 .text.lock_init
                0x10000fdc        0xc CMakeFiles/Test_4.dir/C_/Users/nahue/.pico-sdk/sdk/2.2.0/src/common/pico_sync/lock_core.c.obj
                0x10000fdc                lock_init
 .text.runtime_init_mutex
                0x10000fe8       0x4c CMakeFiles/Test_4.dir/C_/Users/nahue/.pico-sdk/sdk/2.2.0/src/common/pico_sync/mutex.c.obj
                0x10000fe8                runtime_init_mutex
 .text.mutex_init
                0x10001034       0x1c CMakeFiles/Test_4.dir/C_/Users/nahue/.pico-sdk/sdk/2.2.0/src/common/pico_sync/mutex.c.obj
                0x10001034                mutex_init
 .text.critical_section_init
                0x10001050       0x1c CMakeFiles/Test_4.dir/C_/Users/nahue/.pico-sdk/sdk/2.2.0/src/common/pico_sync/critical_section.c.obj
                0x10001050                critical_section_init
 .text.critical_section_init_with_lock_num
                0x1000106c       0x10 CMakeFiles/Test_4.dir/C_/Users/nahue/.pico-sdk/sdk/2.2.0/src/common/pico_sync/critical_section.c.obj
                0x1000106c                critical_section_init_with_lock_num
 .text.sleep_until_callback
                0x1000107c       0x3c CMakeFiles/Test_4.dir/C_/Users/nahue/.pico-sdk/sdk/2.2.0/src/common/pico_time/time.c.obj
 .text.alarm_pool_irq_handler
                0x100010b8      0x2f0 CMakeFiles/Test_4.dir/C_/Users/nahue/.pico-sdk/sdk/2.2.0/src/common/pico_time/time.c.obj
 .text.runtime_init_default_alarm_pool
                0x100013a8      0x100 CMakeFiles/Test_4.dir/C_/Users/nahue/.pico-sdk/sdk/2.2.0/src/common/pico_time/time.c.obj
                0x100013a8                runtime_init_default_alarm_pool
 .text.alarm_pool_get_default
                0x100014a8        0x8 CMakeFiles/Test_4.dir/C_/Users/nahue/.pico-sdk/sdk/2.2.0/src/common/pico_time/time.c.obj
                0x100014a8                alarm_pool_get_default
 .text.alarm_pool_add_alarm_at
                0x100014b0       0xdc CMakeFiles/Test_4.dir/C_/Users/nahue/.pico-sdk/sdk/2.2.0/src/common/pico_time/time.c.obj
                0x100014b0                alarm_pool_add_alarm_at
 .text.alarm_pool_add_alarm_at_force_in_context
                0x1000158c       0xc8 CMakeFiles/Test_4.dir/C_/Users/nahue/.pico-sdk/sdk/2.2.0/src/common/pico_time/time.c.obj
                0x1000158c                alarm_pool_add_alarm_at_force_in_context
 .text.alarm_pool_cancel_alarm
                0x10001654       0x80 CMakeFiles/Test_4.dir/C_/Users/nahue/.pico-sdk/sdk/2.2.0/src/common/pico_time/time.c.obj
                0x10001654                alarm_pool_cancel_alarm
 .text.alarm_pool_core_num
                0x100016d4        0x4 CMakeFiles/Test_4.dir/C_/Users/nahue/.pico-sdk/sdk/2.2.0/src/common/pico_time/time.c.obj
                0x100016d4                alarm_pool_core_num
 .text.sleep_us
                0x100016d8       0xd8 CMakeFiles/Test_4.dir/C_/Users/nahue/.pico-sdk/sdk/2.2.0/src/common/pico_time/time.c.obj
                0x100016d8                sleep_us
 .text.sleep_ms
                0x100017b0       0xdc CMakeFiles/Test_4.dir/C_/Users/nahue/.pico-sdk/sdk/2.2.0/src/common/pico_time/time.c.obj
                0x100017b0                sleep_ms
 .text.best_effort_wfe_or_timeout
                0x1000188c       0xd4 CMakeFiles/Test_4.dir/C_/Users/nahue/.pico-sdk/sdk/2.2.0/src/common/pico_time/time.c.obj
                0x1000188c                best_effort_wfe_or_timeout
 .text.timer_hardware_alarm_claim
                0x10001960       0x24 CMakeFiles/Test_4.dir/C_/Users/nahue/.pico-sdk/sdk/2.2.0/src/rp2_common/hardware_timer/timer.c.obj
                0x10001960                timer_hardware_alarm_claim
 .text.timer_time_us_64
                0x10001984       0x10 CMakeFiles/Test_4.dir/C_/Users/nahue/.pico-sdk/sdk/2.2.0/src/rp2_common/hardware_timer/timer.c.obj
                0x10001984                timer_time_us_64
 .text.time_us_64
                0x10001994       0x14 CMakeFiles/Test_4.dir/C_/Users/nahue/.pico-sdk/sdk/2.2.0/src/rp2_common/hardware_timer/timer.c.obj
                0x10001994                time_us_64
 .text.busy_wait_us
                0x100019a8       0x5c CMakeFiles/Test_4.dir/C_/Users/nahue/.pico-sdk/sdk/2.2.0/src/rp2_common/hardware_timer/timer.c.obj
                0x100019a8                busy_wait_us
 .text.busy_wait_until
                0x10001a04       0x24 CMakeFiles/Test_4.dir/C_/Users/nahue/.pico-sdk/sdk/2.2.0/src/rp2_common/hardware_timer/timer.c.obj
                0x10001a04                busy_wait_until
 .text.uart_init
                0x10001a28      0x104 CMakeFiles/Test_4.dir/C_/Users/nahue/.pico-sdk/sdk/2.2.0/src/rp2_common/hardware_uart/uart.c.obj
                0x10001a28                uart_init
 .text.clock_configure_undivided
                0x10001b2c       0xd0 CMakeFiles/Test_4.dir/C_/Users/nahue/.pico-sdk/sdk/2.2.0/src/rp2_common/hardware_clocks/clocks.c.obj
                0x10001b2c                clock_configure_undivided
 .text.clock_get_hz
                0x10001bfc        0xc CMakeFiles/Test_4.dir/C_/Users/nahue/.pico-sdk/sdk/2.2.0/src/rp2_common/hardware_clocks/clocks.c.obj
                0x10001bfc                clock_get_hz
 .text.pll_init
                0x10001c08       0x8c CMakeFiles/Test_4.dir/C_/Users/nahue/.pico-sdk/sdk/2.2.0/src/rp2_common/hardware_pll/pll.c.obj
                0x10001c08                pll_init
 .text.watchdog_reboot
                0x10001c94       0x98 CMakeFiles/Test_4.dir/C_/Users/nahue/.pico-sdk/sdk/2.2.0/src/rp2_common/hardware_watchdog/watchdog.c.obj
                0x10001c94                watchdog_reboot
 .text.tick_start
                0x10001d2c       0x18 CMakeFiles/Test_4.dir/C_/Users/nahue/.pico-sdk/sdk/2.2.0/src/rp2_common/hardware_ticks/ticks.c.obj
                0x10001d2c                tick_start
 .text.rom_reboot.constprop.0.isra.0
                0x10001d44       0x34 CMakeFiles/Test_4.dir/C_/Users/nahue/.pico-sdk/sdk/2.2.0/src/rp2_common/pico_bootrom/bootrom.c.obj
 .text.rom_func_lookup
                0x10001d78       0x18 CMakeFiles/Test_4.dir/C_/Users/nahue/.pico-sdk/sdk/2.2.0/src/rp2_common/pico_bootrom/bootrom.c.obj
                0x10001d78                rom_func_lookup
 .text.rom_reset_usb_boot_extra
                0x10001d90       0x1c CMakeFiles/Test_4.dir/C_/Users/nahue/.pico-sdk/sdk/2.2.0/src/rp2_common/pico_bootrom/bootrom.c.obj
                0x10001d90                rom_reset_usb_boot_extra
 .text.runtime_init_bootrom_locking_enable
                0x10001dac       0x14 CMakeFiles/Test_4.dir/C_/Users/nahue/.pico-sdk/sdk/2.2.0/src/rp2_common/pico_bootrom/bootrom_lock.c.obj
                0x10001dac                runtime_init_bootrom_locking_enable
 .text.runtime_init_boot_locks_reset
                0x10001dc0       0x1c CMakeFiles/Test_4.dir/C_/Users/nahue/.pico-sdk/sdk/2.2.0/src/rp2_common/hardware_boot_lock/boot_lock.c.obj
                0x10001dc0                runtime_init_boot_locks_reset
 .text.xosc_init
                0x10001ddc       0x30 CMakeFiles/Test_4.dir/C_/Users/nahue/.pico-sdk/sdk/2.2.0/src/rp2_common/hardware_xosc/xosc.c.obj
                0x10001ddc                xosc_init
 .text.first_per_core_initializer
                0x10001e0c        0x4 CMakeFiles/Test_4.dir/C_/Users/nahue/.pico-sdk/sdk/2.2.0/src/rp2_common/pico_runtime/runtime.c.obj
 .text.hard_assertion_failure
                0x10001e10        0xc CMakeFiles/Test_4.dir/C_/Users/nahue/.pico-sdk/sdk/2.2.0/src/rp2_common/pico_runtime/runtime.c.obj
                0x10001e10                hard_assertion_failure
 .text.runtime_run_initializers
                0x10001e1c       0x20 CMakeFiles/Test_4.dir/C_/Users/nahue/.pico-sdk/sdk/2.2.0/src/rp2_common/pico_runtime/runtime.c.obj
                0x10001e1c                runtime_run_initializers
 .text.runtime_init_early_resets
                0x10001e3c       0x34 CMakeFiles/Test_4.dir/C_/Users/nahue/.pico-sdk/sdk/2.2.0/src/rp2_common/pico_runtime_init/runtime_init.c.obj
                0x10001e3c                runtime_init_early_resets
 .text.runtime_init_usb_power_down
                0x10001e70       0x1c CMakeFiles/Test_4.dir/C_/Users/nahue/.pico-sdk/sdk/2.2.0/src/rp2_common/pico_runtime_init/runtime_init.c.obj
                0x10001e70                runtime_init_usb_power_down
 .text.runtime_init_per_core_enable_coprocessors
                0x10001e8c       0x1c CMakeFiles/Test_4.dir/C_/Users/nahue/.pico-sdk/sdk/2.2.0/src/rp2_common/pico_runtime_init/runtime_init.c.obj
                0x10001e8c                runtime_init_per_core_enable_coprocessors
 .text.runtime_init_post_clock_resets
                0x10001ea8       0x20 CMakeFiles/Test_4.dir/C_/Users/nahue/.pico-sdk/sdk/2.2.0/src/rp2_common/pico_runtime_init/runtime_init.c.obj
                0x10001ea8                runtime_init_post_clock_resets
 .text.runtime_init_bootrom_reset
                0x10001ec8       0x14 CMakeFiles/Test_4.dir/C_/Users/nahue/.pico-sdk/sdk/2.2.0/src/rp2_common/pico_runtime_init/runtime_init.c.obj
                0x10001ec8                runtime_init_bootrom_reset
 .text.runtime_init_per_core_bootrom_reset
                0x10001edc       0x14 CMakeFiles/Test_4.dir/C_/Users/nahue/.pico-sdk/sdk/2.2.0/src/rp2_common/pico_runtime_init/runtime_init.c.obj
                0x10001edc                runtime_init_per_core_bootrom_reset
 .text.runtime_init_spin_locks_reset
                0x10001ef0        0x4 CMakeFiles/Test_4.dir/C_/Users/nahue/.pico-sdk/sdk/2.2.0/src/rp2_common/pico_runtime_init/runtime_init.c.obj
                0x10001ef0                runtime_init_spin_locks_reset
 .text.runtime_init_install_ram_vector_table
                0x10001ef4       0x68 CMakeFiles/Test_4.dir/C_/Users/nahue/.pico-sdk/sdk/2.2.0/src/rp2_common/pico_runtime_init/runtime_init.c.obj
                0x10001ef4                runtime_init_install_ram_vector_table
 .text.runtime_init_clocks
                0x10001f5c       0xdc CMakeFiles/Test_4.dir/C_/Users/nahue/.pico-sdk/sdk/2.2.0/src/rp2_common/pico_runtime_init/runtime_init_clocks.c.obj
                0x10001f5c                runtime_init_clocks
 .text.__rp2350_dcp_engaged_state_save_restore
                0x10002038       0x3a CMakeFiles/Test_4.dir/C_/Users/nahue/.pico-sdk/sdk/2.2.0/src/rp2_common/pico_double/double_aeabi_dcp.S.obj
 *fill*         0x10002072        0x2 
 .text.__wrap___aeabi_dadd
                0x10002074       0x28 CMakeFiles/Test_4.dir/C_/Users/nahue/.pico-sdk/sdk/2.2.0/src/rp2_common/pico_double/double_aeabi_dcp.S.obj
                0x1000207c                __wrap___aeabi_dadd
 .text.__wrap___aeabi_dsub
                0x1000209c       0x28 CMakeFiles/Test_4.dir/C_/Users/nahue/.pico-sdk/sdk/2.2.0/src/rp2_common/pico_double/double_aeabi_dcp.S.obj
                0x100020a4                __wrap___aeabi_dsub
 .text.__wrap___aeabi_dmul
                0x100020c4       0x4c CMakeFiles/Test_4.dir/C_/Users/nahue/.pico-sdk/sdk/2.2.0/src/rp2_common/pico_double/double_aeabi_dcp.S.obj
                0x100020cc                __wrap___aeabi_dmul
 .text.__wrap___aeabi_ddiv
                0x10002110       0x9c CMakeFiles/Test_4.dir/C_/Users/nahue/.pico-sdk/sdk/2.2.0/src/rp2_common/pico_double/double_aeabi_dcp.S.obj
                0x10002118                __wrap___aeabi_ddiv
 .text.__wrap___aeabi_i2d
                0x100021ac       0x24 CMakeFiles/Test_4.dir/C_/Users/nahue/.pico-sdk/sdk/2.2.0/src/rp2_common/pico_double/double_aeabi_dcp.S.obj
                0x100021b4                int2double
                0x100021b4                __wrap___aeabi_i2d
 .text.__wrap___aeabi_ui2d
                0x100021d0       0x24 CMakeFiles/Test_4.dir/C_/Users/nahue/.pico-sdk/sdk/2.2.0/src/rp2_common/pico_double/double_aeabi_dcp.S.obj
                0x100021d8                uint2double
                0x100021d8                __wrap___aeabi_ui2d
 .text.__wrap___aeabi_d2iz
                0x100021f4       0x24 CMakeFiles/Test_4.dir/C_/Users/nahue/.pico-sdk/sdk/2.2.0/src/rp2_common/pico_double/double_aeabi_dcp.S.obj
                0x100021fc                double2int_z
                0x100021fc                __wrap___aeabi_d2iz
 .text.__wrap___aeabi_d2uiz
                0x10002218       0x24 CMakeFiles/Test_4.dir/C_/Users/nahue/.pico-sdk/sdk/2.2.0/src/rp2_common/pico_double/double_aeabi_dcp.S.obj
                0x10002220                double2uint
                0x10002220                __wrap___aeabi_d2uiz
                0x10002220                double2uint_z
 .text.__wrap___aeabi_dcmpun
                0x1000223c       0x24 CMakeFiles/Test_4.dir/C_/Users/nahue/.pico-sdk/sdk/2.2.0/src/rp2_common/pico_double/double_aeabi_dcp.S.obj
                0x10002244                __wrap___aeabi_dcmpun
 .text.__wrap___aeabi_dcmplt
                0x10002260       0x28 CMakeFiles/Test_4.dir/C_/Users/nahue/.pico-sdk/sdk/2.2.0/src/rp2_common/pico_double/double_aeabi_dcp.S.obj
                0x10002268                __wrap___aeabi_dcmplt
 .text.__wrap___aeabi_dcmple
                0x10002288       0x28 CMakeFiles/Test_4.dir/C_/Users/nahue/.pico-sdk/sdk/2.2.0/src/rp2_common/pico_double/double_aeabi_dcp.S.obj
                0x10002290                __wrap___aeabi_dcmple
 .text.__wrap___aeabi_dcmpge
                0x100022b0       0x28 CMakeFiles/Test_4.dir/C_/Users/nahue/.pico-sdk/sdk/2.2.0/src/rp2_common/pico_double/double_aeabi_dcp.S.obj
                0x100022b8                __wrap___aeabi_dcmpge
 .text.__wrap___aeabi_dcmpgt
                0x100022d8       0x28 CMakeFiles/Test_4.dir/C_/Users/nahue/.pico-sdk/sdk/2.2.0/src/rp2_common/pico_double/double_aeabi_dcp.S.obj
                0x100022e0                __wrap___aeabi_dcmpgt
 .text._out_null
                0x10002300        0x4 CMakeFiles/Test_4.dir/C_/Users/nahue/.pico-sdk/sdk/2.2.0/src/rp2_common/pico_printf/printf.c.obj
 .text._out_rev
                0x10002304       0x9c CMakeFiles/Test_4.dir/C_/Users/nahue/.pico-sdk/sdk/2.2.0/src/rp2_common/pico_printf/printf.c.obj
 .text._ntoa_format
                0x100023a0      0x1d4 CMakeFiles/Test_4.dir/C_/Users/nahue/.pico-sdk/sdk/2.2.0/src/rp2_common/pico_printf/printf.c.obj
 .text._out_char
                0x10002574        0x8 CMakeFiles/Test_4.dir/C_/Users/nahue/.pico-sdk/sdk/2.2.0/src/rp2_common/pico_printf/printf.c.obj
 .text._out_fct
                0x1000257c        0xc CMakeFiles/Test_4.dir/C_/Users/nahue/.pico-sdk/sdk/2.2.0/src/rp2_common/pico_printf/printf.c.obj
 .text._ftoa    0x10002588      0x4bc CMakeFiles/Test_4.dir/C_/Users/nahue/.pico-sdk/sdk/2.2.0/src/rp2_common/pico_printf/printf.c.obj
 *fill*         0x10002a44        0x4 
 .text._etoa    0x10002a48      0x574 CMakeFiles/Test_4.dir/C_/Users/nahue/.pico-sdk/sdk/2.2.0/src/rp2_common/pico_printf/printf.c.obj
 .text._vsnprintf
                0x10002fbc      0x9e4 CMakeFiles/Test_4.dir/C_/Users/nahue/.pico-sdk/sdk/2.2.0/src/rp2_common/pico_printf/printf.c.obj
 .text.vfctprintf
                0x100039a0       0x28 CMakeFiles/Test_4.dir/C_/Users/nahue/.pico-sdk/sdk/2.2.0/src/rp2_common/pico_printf/printf.c.obj
                0x100039a0                vfctprintf
 .text.weak_raw_vprintf
                0x100039c8       0x30 CMakeFiles/Test_4.dir/C_/Users/nahue/.pico-sdk/sdk/2.2.0/src/rp2_common/pico_printf/printf.c.obj
                0x100039c8                weak_raw_vprintf
 .text._exit    0x100039f8        0x4 CMakeFiles/Test_4.dir/C_/Users/nahue/.pico-sdk/sdk/2.2.0/src/rp2_common/pico_clib_interface/newlib_interface.c.obj
                0x100039f8                _exit
 .text.exit     0x100039fc        0x8 CMakeFiles/Test_4.dir/C_/Users/nahue/.pico-sdk/sdk/2.2.0/src/rp2_common/pico_clib_interface/newlib_interface.c.obj
                0x100039fc                exit
 .text.runtime_init
                0x10003a04       0x24 CMakeFiles/Test_4.dir/C_/Users/nahue/.pico-sdk/sdk/2.2.0/src/rp2_common/pico_clib_interface/newlib_interface.c.obj
                0x10003a04                runtime_init
 .text.stdio_out_chars_no_crlf
                0x10003a28        0x8 CMakeFiles/Test_4.dir/C_/Users/nahue/.pico-sdk/sdk/2.2.0/src/rp2_common/pico_stdio/stdio.c.obj
 .text.stdio_out_chars_crlf
                0x10003a30       0xb0 CMakeFiles/Test_4.dir/C_/Users/nahue/.pico-sdk/sdk/2.2.0/src/rp2_common/pico_stdio/stdio.c.obj
 .text.stdio_buffered_printer
                0x10003ae0       0x60 CMakeFiles/Test_4.dir/C_/Users/nahue/.pico-sdk/sdk/2.2.0/src/rp2_common/pico_stdio/stdio.c.obj
 .text.stdio_put_string
                0x10003b40       0xec CMakeFiles/Test_4.dir/C_/Users/nahue/.pico-sdk/sdk/2.2.0/src/rp2_common/pico_stdio/stdio.c.obj
                0x10003b40                stdio_put_string
 .text.stdio_set_driver_enabled
                0x10003c2c       0x28 CMakeFiles/Test_4.dir/C_/Users/nahue/.pico-sdk/sdk/2.2.0/src/rp2_common/pico_stdio/stdio.c.obj
                0x10003c2c                stdio_set_driver_enabled
 .text.stdio_init_all
                0x10003c54       0x10 CMakeFiles/Test_4.dir/C_/Users/nahue/.pico-sdk/sdk/2.2.0/src/rp2_common/pico_stdio/stdio.c.obj
                0x10003c54                stdio_init_all
 .text.__wrap_getchar
                0x10003c64       0x70 CMakeFiles/Test_4.dir/C_/Users/nahue/.pico-sdk/sdk/2.2.0/src/rp2_common/pico_stdio/stdio.c.obj
                0x10003c64                stdio_getchar
                0x10003c64                __wrap_getchar
 .text.__wrap_putchar
                0x10003cd4       0x84 CMakeFiles/Test_4.dir/C_/Users/nahue/.pico-sdk/sdk/2.2.0/src/rp2_common/pico_stdio/stdio.c.obj
                0x10003cd4                __wrap_putchar
                0x10003cd4                stdio_putchar
 .text.__wrap_puts
                0x10003d58       0x3c CMakeFiles/Test_4.dir/C_/Users/nahue/.pico-sdk/sdk/2.2.0/src/rp2_common/pico_stdio/stdio.c.obj
                0x10003d58                stdio_puts
                0x10003d58                __wrap_puts
 .text.__wrap_vprintf
                0x10003d94       0xc4 CMakeFiles/Test_4.dir/C_/Users/nahue/.pico-sdk/sdk/2.2.0/src/rp2_common/pico_stdio/stdio.c.obj
                0x10003d94                stdio_vprintf
                0x10003d94                __wrap_vprintf
 .text.__wrap_printf
                0x10003e58       0x1c CMakeFiles/Test_4.dir/C_/Users/nahue/.pico-sdk/sdk/2.2.0/src/rp2_common/pico_stdio/stdio.c.obj
                0x10003e58                __wrap_printf
                0x10003e58                stdio_printf
 .text.stdio_uart_out_chars
                0x10003e74       0x50 CMakeFiles/Test_4.dir/C_/Users/nahue/.pico-sdk/sdk/2.2.0/src/rp2_common/pico_stdio_uart/stdio_uart.c.obj
 .text.stdio_uart_in_chars
                0x10003ec4       0x94 CMakeFiles/Test_4.dir/C_/Users/nahue/.pico-sdk/sdk/2.2.0/src/rp2_common/pico_stdio_uart/stdio_uart.c.obj
                0x10003ec4                stdio_uart_in_chars
 .text.on_uart_rx
                0x10003f58       0x24 CMakeFiles/Test_4.dir/C_/Users/nahue/.pico-sdk/sdk/2.2.0/src/rp2_common/pico_stdio_uart/stdio_uart.c.obj
 .text.stdio_uart_out_flush
                0x10003f7c       0x10 CMakeFiles/Test_4.dir/C_/Users/nahue/.pico-sdk/sdk/2.2.0/src/rp2_common/pico_stdio_uart/stdio_uart.c.obj
 .text.stdio_uart_set_chars_available_callback
                0x10003f8c       0x88 CMakeFiles/Test_4.dir/C_/Users/nahue/.pico-sdk/sdk/2.2.0/src/rp2_common/pico_stdio_uart/stdio_uart.c.obj
 .text.stdio_uart_init
                0x10004014       0x54 CMakeFiles/Test_4.dir/C_/Users/nahue/.pico-sdk/sdk/2.2.0/src/rp2_common/pico_stdio_uart/stdio_uart.c.obj
                0x10004014                stdio_uart_init
 .text.resetd_init
                0x10004068        0x4 CMakeFiles/Test_4.dir/C_/Users/nahue/.pico-sdk/sdk/2.2.0/src/rp2_common/pico_stdio_usb/reset_interface.c.obj
 .text.resetd_reset
                0x1000406c        0xc CMakeFiles/Test_4.dir/C_/Users/nahue/.pico-sdk/sdk/2.2.0/src/rp2_common/pico_stdio_usb/reset_interface.c.obj
 .text.resetd_open
                0x10004078       0x28 CMakeFiles/Test_4.dir/C_/Users/nahue/.pico-sdk/sdk/2.2.0/src/rp2_common/pico_stdio_usb/reset_interface.c.obj
 .text.resetd_xfer_cb
                0x100040a0        0x4 CMakeFiles/Test_4.dir/C_/Users/nahue/.pico-sdk/sdk/2.2.0/src/rp2_common/pico_stdio_usb/reset_interface.c.obj
 .text.resetd_control_xfer_cb
                0x100040a4       0x50 CMakeFiles/Test_4.dir/C_/Users/nahue/.pico-sdk/sdk/2.2.0/src/rp2_common/pico_stdio_usb/reset_interface.c.obj
 .text.tud_descriptor_bos_cb
                0x100040f4        0x8 CMakeFiles/Test_4.dir/C_/Users/nahue/.pico-sdk/sdk/2.2.0/src/rp2_common/pico_stdio_usb/reset_interface.c.obj
                0x100040f4                tud_descriptor_bos_cb
 .text.tud_vendor_control_xfer_cb
                0x100040fc       0x28 CMakeFiles/Test_4.dir/C_/Users/nahue/.pico-sdk/sdk/2.2.0/src/rp2_common/pico_stdio_usb/reset_interface.c.obj
                0x100040fc                tud_vendor_control_xfer_cb
 .text.usbd_app_driver_get_cb
                0x10004124       0x10 CMakeFiles/Test_4.dir/C_/Users/nahue/.pico-sdk/sdk/2.2.0/src/rp2_common/pico_stdio_usb/reset_interface.c.obj
                0x10004124                usbd_app_driver_get_cb
 .text.tud_cdc_line_coding_cb
                0x10004134       0x18 CMakeFiles/Test_4.dir/C_/Users/nahue/.pico-sdk/sdk/2.2.0/src/rp2_common/pico_stdio_usb/reset_interface.c.obj
                0x10004134                tud_cdc_line_coding_cb
 .text.stdio_usb_set_chars_available_callback
                0x1000414c       0x14 CMakeFiles/Test_4.dir/C_/Users/nahue/.pico-sdk/sdk/2.2.0/src/rp2_common/pico_stdio_usb/stdio_usb.c.obj
                0x1000414c                stdio_usb_set_chars_available_callback
 .text.timer_task
                0x10004160       0x70 CMakeFiles/Test_4.dir/C_/Users/nahue/.pico-sdk/sdk/2.2.0/src/rp2_common/pico_stdio_usb/stdio_usb.c.obj
 .text.usb_irq  0x100041d0        0xc CMakeFiles/Test_4.dir/C_/Users/nahue/.pico-sdk/sdk/2.2.0/src/rp2_common/pico_stdio_usb/stdio_usb.c.obj
 .text.stdio_usb_in_chars
                0x100041dc       0x88 CMakeFiles/Test_4.dir/C_/Users/nahue/.pico-sdk/sdk/2.2.0/src/rp2_common/pico_stdio_usb/stdio_usb.c.obj
                0x100041dc                stdio_usb_in_chars
 .text.stdio_usb_out_flush
                0x10004264       0x54 CMakeFiles/Test_4.dir/C_/Users/nahue/.pico-sdk/sdk/2.2.0/src/rp2_common/pico_stdio_usb/stdio_usb.c.obj
 .text.stdio_usb_out_chars
                0x100042b8       0xf4 CMakeFiles/Test_4.dir/C_/Users/nahue/.pico-sdk/sdk/2.2.0/src/rp2_common/pico_stdio_usb/stdio_usb.c.obj
 .text.low_priority_worker_irq
                0x100043ac       0xd8 CMakeFiles/Test_4.dir/C_/Users/nahue/.pico-sdk/sdk/2.2.0/src/rp2_common/pico_stdio_usb/stdio_usb.c.obj
 .text.stdio_usb_init
                0x10004484       0xe8 CMakeFiles/Test_4.dir/C_/Users/nahue/.pico-sdk/sdk/2.2.0/src/rp2_common/pico_stdio_usb/stdio_usb.c.obj
                0x10004484                stdio_usb_init
 .text.tud_descriptor_device_cb
                0x1000456c        0x8 CMakeFiles/Test_4.dir/C_/Users/nahue/.pico-sdk/sdk/2.2.0/src/rp2_common/pico_stdio_usb/stdio_usb_descriptors.c.obj
                0x1000456c                tud_descriptor_device_cb
 .text.tud_descriptor_configuration_cb
                0x10004574        0x8 CMakeFiles/Test_4.dir/C_/Users/nahue/.pico-sdk/sdk/2.2.0/src/rp2_common/pico_stdio_usb/stdio_usb_descriptors.c.obj
                0x10004574                tud_descriptor_configuration_cb
 .text.tud_descriptor_string_cb
                0x1000457c       0x70 CMakeFiles/Test_4.dir/C_/Users/nahue/.pico-sdk/sdk/2.2.0/src/rp2_common/pico_stdio_usb/stdio_usb_descriptors.c.obj
                0x1000457c                tud_descriptor_string_cb
 .text.startup._retrieve_unique_id_on_boot
                0x100045ec       0x30 CMakeFiles/Test_4.dir/C_/Users/nahue/.pico-sdk/sdk/2.2.0/src/rp2_common/pico_unique_id/unique_id.c.obj
 .text.pico_get_unique_board_id_string
                0x1000461c      0x184 CMakeFiles/Test_4.dir/C_/Users/nahue/.pico-sdk/sdk/2.2.0/src/rp2_common/pico_unique_id/unique_id.c.obj
                0x1000461c                pico_get_unique_board_id_string
 .text.dcd_init
                0x100047a0       0x8c CMakeFiles/Test_4.dir/C_/Users/nahue/.pico-sdk/sdk/2.2.0/lib/tinyusb/src/portable/raspberrypi/rp2040/dcd_rp2040.c.obj
                0x100047a0                dcd_init
 .text.dcd_int_enable
                0x1000482c        0x8 CMakeFiles/Test_4.dir/C_/Users/nahue/.pico-sdk/sdk/2.2.0/lib/tinyusb/src/portable/raspberrypi/rp2040/dcd_rp2040.c.obj
                0x1000482c                dcd_int_enable
 .text.dcd_set_address
                0x10004834       0x10 CMakeFiles/Test_4.dir/C_/Users/nahue/.pico-sdk/sdk/2.2.0/lib/tinyusb/src/portable/raspberrypi/rp2040/dcd_rp2040.c.obj
                0x10004834                dcd_set_address
 .text.dcd_sof_enable
                0x10004844       0x1c CMakeFiles/Test_4.dir/C_/Users/nahue/.pico-sdk/sdk/2.2.0/lib/tinyusb/src/portable/raspberrypi/rp2040/dcd_rp2040.c.obj
                0x10004844                dcd_sof_enable
 .text.dcd_edpt0_status_complete
                0x10004860       0x1c CMakeFiles/Test_4.dir/C_/Users/nahue/.pico-sdk/sdk/2.2.0/lib/tinyusb/src/portable/raspberrypi/rp2040/dcd_rp2040.c.obj
                0x10004860                dcd_edpt0_status_complete
 .text.dcd_edpt_open
                0x1000487c      0x104 CMakeFiles/Test_4.dir/C_/Users/nahue/.pico-sdk/sdk/2.2.0/lib/tinyusb/src/portable/raspberrypi/rp2040/dcd_rp2040.c.obj
                0x1000487c                dcd_edpt_open
 .text.dcd_edpt_close_all
                0x10004980        0x4 CMakeFiles/Test_4.dir/C_/Users/nahue/.pico-sdk/sdk/2.2.0/lib/tinyusb/src/portable/raspberrypi/rp2040/dcd_rp2040.c.obj
                0x10004980                dcd_edpt_close_all
 .text.dcd_edpt_xfer
                0x10004984       0x28 CMakeFiles/Test_4.dir/C_/Users/nahue/.pico-sdk/sdk/2.2.0/lib/tinyusb/src/portable/raspberrypi/rp2040/dcd_rp2040.c.obj
                0x10004984                dcd_edpt_xfer
 .text.dcd_edpt_stall
                0x100049ac       0x30 CMakeFiles/Test_4.dir/C_/Users/nahue/.pico-sdk/sdk/2.2.0/lib/tinyusb/src/portable/raspberrypi/rp2040/dcd_rp2040.c.obj
                0x100049ac                dcd_edpt_stall
 .text.dcd_edpt_clear_stall
                0x100049dc       0x24 CMakeFiles/Test_4.dir/C_/Users/nahue/.pico-sdk/sdk/2.2.0/lib/tinyusb/src/portable/raspberrypi/rp2040/dcd_rp2040.c.obj
                0x100049dc                dcd_edpt_clear_stall
 .text.rp2040_usb_init
                0x10004a00       0x40 CMakeFiles/Test_4.dir/C_/Users/nahue/.pico-sdk/sdk/2.2.0/lib/tinyusb/src/portable/raspberrypi/rp2040/rp2040_usb.c.obj
                0x10004a00                rp2040_usb_init
 .text.hw_endpoint_xfer_start
                0x10004a40       0x40 CMakeFiles/Test_4.dir/C_/Users/nahue/.pico-sdk/sdk/2.2.0/lib/tinyusb/src/portable/raspberrypi/rp2040/rp2040_usb.c.obj
                0x10004a40                hw_endpoint_xfer_start
 .text.configuration_reset
                0x10004a80       0x8c CMakeFiles/Test_4.dir/C_/Users/nahue/.pico-sdk/sdk/2.2.0/lib/tinyusb/src/device/usbd.c.obj
 .text.tud_event_hook_cb
                0x10004b0c        0x4 CMakeFiles/Test_4.dir/C_/Users/nahue/.pico-sdk/sdk/2.2.0/lib/tinyusb/src/device/usbd.c.obj
                0x10004b0c                tud_event_hook_cb
 .text.tud_sof_cb
                0x10004b10        0x4 CMakeFiles/Test_4.dir/C_/Users/nahue/.pico-sdk/sdk/2.2.0/lib/tinyusb/src/device/usbd.c.obj
                0x10004b10                tud_sof_cb
 .text.tud_descriptor_device_qualifier_cb
                0x10004b14        0x4 CMakeFiles/Test_4.dir/C_/Users/nahue/.pico-sdk/sdk/2.2.0/lib/tinyusb/src/device/usbd.c.obj
                0x10004b14                tud_descriptor_device_qualifier_cb
 .text.tud_descriptor_other_speed_configuration_cb
                0x10004b18        0x4 CMakeFiles/Test_4.dir/C_/Users/nahue/.pico-sdk/sdk/2.2.0/lib/tinyusb/src/device/usbd.c.obj
                0x10004b18                tud_descriptor_other_speed_configuration_cb
 .text.tud_mount_cb
                0x10004b1c        0x4 CMakeFiles/Test_4.dir/C_/Users/nahue/.pico-sdk/sdk/2.2.0/lib/tinyusb/src/device/usbd.c.obj
                0x10004b1c                tud_mount_cb
 .text.tud_umount_cb
                0x10004b20        0x4 CMakeFiles/Test_4.dir/C_/Users/nahue/.pico-sdk/sdk/2.2.0/lib/tinyusb/src/device/usbd.c.obj
                0x10004b20                tud_umount_cb
 .text.tud_suspend_cb
                0x10004b24        0x4 CMakeFiles/Test_4.dir/C_/Users/nahue/.pico-sdk/sdk/2.2.0/lib/tinyusb/src/device/usbd.c.obj
                0x10004b24                tud_suspend_cb
 .text.tud_resume_cb
                0x10004b28        0x4 CMakeFiles/Test_4.dir/C_/Users/nahue/.pico-sdk/sdk/2.2.0/lib/tinyusb/src/device/usbd.c.obj
                0x10004b28                tud_resume_cb
 .text.tud_mounted
                0x10004b2c       0x10 CMakeFiles/Test_4.dir/C_/Users/nahue/.pico-sdk/sdk/2.2.0/lib/tinyusb/src/device/usbd.c.obj
                0x10004b2c                tud_mounted
 .text.tud_suspended
                0x10004b3c       0x10 CMakeFiles/Test_4.dir/C_/Users/nahue/.pico-sdk/sdk/2.2.0/lib/tinyusb/src/device/usbd.c.obj
                0x10004b3c                tud_suspended
 .text.tud_rhport_init
                0x10004b4c       0xf4 CMakeFiles/Test_4.dir/C_/Users/nahue/.pico-sdk/sdk/2.2.0/lib/tinyusb/src/device/usbd.c.obj
                0x10004b4c                tud_rhport_init
 .text.tud_task_ext
                0x10004c40      0x784 CMakeFiles/Test_4.dir/C_/Users/nahue/.pico-sdk/sdk/2.2.0/lib/tinyusb/src/device/usbd.c.obj
                0x10004c40                tud_task_ext
 .text.usbd_open_edpt_pair
                0x100053c4       0x9c CMakeFiles/Test_4.dir/C_/Users/nahue/.pico-sdk/sdk/2.2.0/lib/tinyusb/src/device/usbd.c.obj
                0x100053c4                usbd_open_edpt_pair
 .text.usbd_edpt_open
                0x10005460       0x44 CMakeFiles/Test_4.dir/C_/Users/nahue/.pico-sdk/sdk/2.2.0/lib/tinyusb/src/device/usbd.c.obj
                0x10005460                usbd_edpt_open
 .text.usbd_edpt_claim
                0x100054a4       0x24 CMakeFiles/Test_4.dir/C_/Users/nahue/.pico-sdk/sdk/2.2.0/lib/tinyusb/src/device/usbd.c.obj
                0x100054a4                usbd_edpt_claim
 .text.usbd_edpt_release
                0x100054c8       0x24 CMakeFiles/Test_4.dir/C_/Users/nahue/.pico-sdk/sdk/2.2.0/lib/tinyusb/src/device/usbd.c.obj
                0x100054c8                usbd_edpt_release
 .text.usbd_edpt_xfer
                0x100054ec       0x70 CMakeFiles/Test_4.dir/C_/Users/nahue/.pico-sdk/sdk/2.2.0/lib/tinyusb/src/device/usbd.c.obj
                0x100054ec                usbd_edpt_xfer
 .text.tud_control_status
                0x1000555c       0x34 CMakeFiles/Test_4.dir/C_/Users/nahue/.pico-sdk/sdk/2.2.0/lib/tinyusb/src/device/usbd_control.c.obj
                0x1000555c                tud_control_status
 .text.tud_control_xfer
                0x10005590       0xb0 CMakeFiles/Test_4.dir/C_/Users/nahue/.pico-sdk/sdk/2.2.0/lib/tinyusb/src/device/usbd_control.c.obj
                0x10005590                tud_control_xfer
 .text.usbd_control_reset
                0x10005640       0x14 CMakeFiles/Test_4.dir/C_/Users/nahue/.pico-sdk/sdk/2.2.0/lib/tinyusb/src/device/usbd_control.c.obj
                0x10005640                usbd_control_reset
 .text.usbd_control_set_complete_callback
                0x10005654        0xc CMakeFiles/Test_4.dir/C_/Users/nahue/.pico-sdk/sdk/2.2.0/lib/tinyusb/src/device/usbd_control.c.obj
                0x10005654                usbd_control_set_complete_callback
 .text.usbd_control_set_request
                0x10005660       0x1c CMakeFiles/Test_4.dir/C_/Users/nahue/.pico-sdk/sdk/2.2.0/lib/tinyusb/src/device/usbd_control.c.obj
                0x10005660                usbd_control_set_request
 .text.usbd_control_xfer_cb
                0x1000567c      0x100 CMakeFiles/Test_4.dir/C_/Users/nahue/.pico-sdk/sdk/2.2.0/lib/tinyusb/src/device/usbd_control.c.obj
                0x1000567c                usbd_control_xfer_cb
 .text._prep_out_transaction.isra.0
                0x1000577c       0x74 CMakeFiles/Test_4.dir/C_/Users/nahue/.pico-sdk/sdk/2.2.0/lib/tinyusb/src/class/cdc/cdc_device.c.obj
 .text.tud_cdc_n_connected
                0x100057f0       0x2c CMakeFiles/Test_4.dir/C_/Users/nahue/.pico-sdk/sdk/2.2.0/lib/tinyusb/src/class/cdc/cdc_device.c.obj
                0x100057f0                tud_cdc_n_connected
 .text.tud_cdc_n_available
                0x1000581c       0x14 CMakeFiles/Test_4.dir/C_/Users/nahue/.pico-sdk/sdk/2.2.0/lib/tinyusb/src/class/cdc/cdc_device.c.obj
                0x1000581c                tud_cdc_n_available
 .text.tud_cdc_n_read
                0x10005830       0x90 CMakeFiles/Test_4.dir/C_/Users/nahue/.pico-sdk/sdk/2.2.0/lib/tinyusb/src/class/cdc/cdc_device.c.obj
                0x10005830                tud_cdc_n_read
 .text.tud_cdc_n_write_flush
                0x100058c0       0x8c CMakeFiles/Test_4.dir/C_/Users/nahue/.pico-sdk/sdk/2.2.0/lib/tinyusb/src/class/cdc/cdc_device.c.obj
                0x100058c0                tud_cdc_n_write_flush
 .text.tud_cdc_n_write
                0x1000594c       0x40 CMakeFiles/Test_4.dir/C_/Users/nahue/.pico-sdk/sdk/2.2.0/lib/tinyusb/src/class/cdc/cdc_device.c.obj
                0x1000594c                tud_cdc_n_write
 .text.tud_cdc_n_write_available
                0x1000598c       0x14 CMakeFiles/Test_4.dir/C_/Users/nahue/.pico-sdk/sdk/2.2.0/lib/tinyusb/src/class/cdc/cdc_device.c.obj
                0x1000598c                tud_cdc_n_write_available
 .text.cdcd_init
                0x100059a0       0x70 CMakeFiles/Test_4.dir/C_/Users/nahue/.pico-sdk/sdk/2.2.0/lib/tinyusb/src/class/cdc/cdc_device.c.obj
                0x100059a0                cdcd_init
 .text.cdcd_deinit
                0x10005a10       0x30 CMakeFiles/Test_4.dir/C_/Users/nahue/.pico-sdk/sdk/2.2.0/lib/tinyusb/src/class/cdc/cdc_device.c.obj
                0x10005a10                cdcd_deinit
 .text.cdcd_reset
                0x10005a40       0x4c CMakeFiles/Test_4.dir/C_/Users/nahue/.pico-sdk/sdk/2.2.0/lib/tinyusb/src/class/cdc/cdc_device.c.obj
                0x10005a40                cdcd_reset
 .text.cdcd_open
                0x10005a8c       0xc0 CMakeFiles/Test_4.dir/C_/Users/nahue/.pico-sdk/sdk/2.2.0/lib/tinyusb/src/class/cdc/cdc_device.c.obj
                0x10005a8c                cdcd_open
 .text.cdcd_control_xfer_cb
                0x10005b4c       0xc0 CMakeFiles/Test_4.dir/C_/Users/nahue/.pico-sdk/sdk/2.2.0/lib/tinyusb/src/class/cdc/cdc_device.c.obj
                0x10005b4c                cdcd_control_xfer_cb
 .text.cdcd_xfer_cb
                0x10005c0c       0xf8 CMakeFiles/Test_4.dir/C_/Users/nahue/.pico-sdk/sdk/2.2.0/lib/tinyusb/src/class/cdc/cdc_device.c.obj
                0x10005c0c                cdcd_xfer_cb
 .text.vendord_init
                0x10005d04       0x5c CMakeFiles/Test_4.dir/C_/Users/nahue/.pico-sdk/sdk/2.2.0/lib/tinyusb/src/class/vendor/vendor_device.c.obj
                0x10005d04                vendord_init
 .text.vendord_deinit
                0x10005d60       0x1c CMakeFiles/Test_4.dir/C_/Users/nahue/.pico-sdk/sdk/2.2.0/lib/tinyusb/src/class/vendor/vendor_device.c.obj
                0x10005d60                vendord_deinit
 .text.vendord_reset
                0x10005d7c       0x24 CMakeFiles/Test_4.dir/C_/Users/nahue/.pico-sdk/sdk/2.2.0/lib/tinyusb/src/class/vendor/vendor_device.c.obj
                0x10005d7c                vendord_reset
 .text.vendord_open
                0x10005da0       0xf4 CMakeFiles/Test_4.dir/C_/Users/nahue/.pico-sdk/sdk/2.2.0/lib/tinyusb/src/class/vendor/vendor_device.c.obj
                0x10005da0                vendord_open
 .text.vendord_xfer_cb
                0x10005e94       0x88 CMakeFiles/Test_4.dir/C_/Users/nahue/.pico-sdk/sdk/2.2.0/lib/tinyusb/src/class/vendor/vendor_device.c.obj
                0x10005e94                vendord_xfer_cb
 .text.tusb_rhport_init
                0x10005f1c       0x64 CMakeFiles/Test_4.dir/C_/Users/nahue/.pico-sdk/sdk/2.2.0/lib/tinyusb/src/tusb.c.obj
                0x10005f1c                tusb_rhport_init
 .text.tu_edpt_claim
                0x10005f80       0x54 CMakeFiles/Test_4.dir/C_/Users/nahue/.pico-sdk/sdk/2.2.0/lib/tinyusb/src/tusb.c.obj
                0x10005f80                tu_edpt_claim
 .text.tu_edpt_release
                0x10005fd4       0x38 CMakeFiles/Test_4.dir/C_/Users/nahue/.pico-sdk/sdk/2.2.0/lib/tinyusb/src/tusb.c.obj
                0x10005fd4                tu_edpt_release
 .text.tu_edpt_validate
                0x1000600c       0x60 CMakeFiles/Test_4.dir/C_/Users/nahue/.pico-sdk/sdk/2.2.0/lib/tinyusb/src/tusb.c.obj
                0x1000600c                tu_edpt_validate
 .text.tu_edpt_bind_driver
                0x1000606c       0x58 CMakeFiles/Test_4.dir/C_/Users/nahue/.pico-sdk/sdk/2.2.0/lib/tinyusb/src/tusb.c.obj
                0x1000606c                tu_edpt_bind_driver
 .text.tu_edpt_stream_init
                0x100060c4       0x58 CMakeFiles/Test_4.dir/C_/Users/nahue/.pico-sdk/sdk/2.2.0/lib/tinyusb/src/tusb.c.obj
                0x100060c4                tu_edpt_stream_init
 .text.tu_edpt_stream_deinit
                0x1000611c        0x4 CMakeFiles/Test_4.dir/C_/Users/nahue/.pico-sdk/sdk/2.2.0/lib/tinyusb/src/tusb.c.obj
                0x1000611c                tu_edpt_stream_deinit
 .text.tu_edpt_stream_write_zlp_if_needed
                0x10006120       0x68 CMakeFiles/Test_4.dir/C_/Users/nahue/.pico-sdk/sdk/2.2.0/lib/tinyusb/src/tusb.c.obj
                0x10006120                tu_edpt_stream_write_zlp_if_needed
 .text.tu_edpt_stream_write_xfer
                0x10006188       0x70 CMakeFiles/Test_4.dir/C_/Users/nahue/.pico-sdk/sdk/2.2.0/lib/tinyusb/src/tusb.c.obj
                0x10006188                tu_edpt_stream_write_xfer
 .text.tu_edpt_stream_read_xfer
                0x100061f8       0xc8 CMakeFiles/Test_4.dir/C_/Users/nahue/.pico-sdk/sdk/2.2.0/lib/tinyusb/src/tusb.c.obj
                0x100061f8                tu_edpt_stream_read_xfer
 .text.tu_fifo_config
                0x100062c0       0x60 CMakeFiles/Test_4.dir/C_/Users/nahue/.pico-sdk/sdk/2.2.0/lib/tinyusb/src/common/tusb_fifo.c.obj
                0x100062c0                tu_fifo_config
 .text.tu_fifo_count
                0x10006320       0x20 CMakeFiles/Test_4.dir/C_/Users/nahue/.pico-sdk/sdk/2.2.0/lib/tinyusb/src/common/tusb_fifo.c.obj
                0x10006320                tu_fifo_count
 .text.tu_fifo_empty
                0x10006340       0x14 CMakeFiles/Test_4.dir/C_/Users/nahue/.pico-sdk/sdk/2.2.0/lib/tinyusb/src/common/tusb_fifo.c.obj
                0x10006340                tu_fifo_empty
 .text.tu_fifo_remaining
                0x10006354       0x24 CMakeFiles/Test_4.dir/C_/Users/nahue/.pico-sdk/sdk/2.2.0/lib/tinyusb/src/common/tusb_fifo.c.obj
                0x10006354                tu_fifo_remaining
 .text.tu_fifo_read
                0x10006378       0x94 CMakeFiles/Test_4.dir/C_/Users/nahue/.pico-sdk/sdk/2.2.0/lib/tinyusb/src/common/tusb_fifo.c.obj
                0x10006378                tu_fifo_read
 .text.tu_fifo_read_n
                0x1000640c       0xd8 CMakeFiles/Test_4.dir/C_/Users/nahue/.pico-sdk/sdk/2.2.0/lib/tinyusb/src/common/tusb_fifo.c.obj
                0x1000640c                tu_fifo_read_n
 .text.tu_fifo_write
                0x100064e4       0xa4 CMakeFiles/Test_4.dir/C_/Users/nahue/.pico-sdk/sdk/2.2.0/lib/tinyusb/src/common/tusb_fifo.c.obj
                0x100064e4                tu_fifo_write
 .text.tu_fifo_write_n
                0x10006588      0x15c CMakeFiles/Test_4.dir/C_/Users/nahue/.pico-sdk/sdk/2.2.0/lib/tinyusb/src/common/tusb_fifo.c.obj
                0x10006588                tu_fifo_write_n
 .text.tu_fifo_clear
                0x100066e4       0x38 CMakeFiles/Test_4.dir/C_/Users/nahue/.pico-sdk/sdk/2.2.0/lib/tinyusb/src/common/tusb_fifo.c.obj
                0x100066e4                tu_fifo_clear
 .text.tu_fifo_set_overwritable
                0x1000671c       0x3c CMakeFiles/Test_4.dir/C_/Users/nahue/.pico-sdk/sdk/2.2.0/lib/tinyusb/src/common/tusb_fifo.c.obj
                0x1000671c                tu_fifo_set_overwritable
 .text.OneWire_Init
                0x10006758       0x30 one_wire/libone_wire.a(OneWire.c.obj)
                0x10006758                OneWire_Init
 .text.OneWire_Reset
                0x10006788       0x44 one_wire/libone_wire.a(OneWire.c.obj)
                0x10006788                OneWire_Reset
 .text.OneWire_Write_Bit
                0x100067cc       0x4c one_wire/libone_wire.a(OneWire.c.obj)
                0x100067cc                OneWire_Write_Bit
 .text.OneWire_Write_Byte
                0x10006818       0x6c one_wire/libone_wire.a(OneWire.c.obj)
                0x10006818                OneWire_Write_Byte
 .text.OneWire_Read_Byte
                0x10006884       0x74 one_wire/libone_wire.a(OneWire.c.obj)
                0x10006884                OneWire_Read_Byte
 .text.OneWire_Command_ROM_SKIP
                0x100068f8       0x68 one_wire/libone_wire.a(OneWire.c.obj)
                0x100068f8                OneWire_Command_ROM_SKIP
 .text.OneWire_Command_ROM_MATCH
                0x10006960       0x9c one_wire/libone_wire.a(OneWire.c.obj)
                0x10006960                OneWire_Command_ROM_MATCH
 .text.DS18B20_Read_Temperature
                0x100069fc       0xc4 ds18b20/libds18b20.a(ds18b20.c.obj)
                0x100069fc                DS18B20_Read_Temperature
 .text.DS18B20_Read_Memory_Scratchpad
                0x10006ac0       0x50 ds18b20/libds18b20.a(ds18b20.c.obj)
                0x10006ac0                DS18B20_Read_Memory_Scratchpad
 .text.DS18B20_Save_Config
                0x10006b10       0x40 ds18b20/libds18b20.a(ds18b20.c.obj)
                0x10006b10                DS18B20_Save_Config
 .text.DS18B20_Set_Config
                0x10006b50       0xec ds18b20/libds18b20.a(ds18b20.c.obj)
                0x10006b50                DS18B20_Set_Config
 .text.memset   0x10006c3c       0x9c C:/Users/nahue/.pico-sdk/toolchain/14_2_Rel1/bin/../lib/gcc/arm-none-eabi/14.2.1/thumb/v8-m.main+fp/softfp\libg.a(libc_a-memset.o)
                0x10006c3c                memset
 .text          0x10006cd8       0xec C:/Users/nahue/.pico-sdk/toolchain/14_2_Rel1/bin/../lib/gcc/arm-none-eabi/14.2.1/thumb/v8-m.main+fp/softfp\libg.a(libc_a-memcpy.o)
                0x10006cd8                memcpy
 .text.strlen   0x10006dc4       0x5c C:/Users/nahue/.pico-sdk/toolchain/14_2_Rel1/bin/../lib/gcc/arm-none-eabi/14.2.1/thumb/v8-m.main+fp/softfp\libg.a(libc_a-strlen-stub.o)
                0x10006dc4                strlen
 *(.fini)
 .fini          0x10006e20        0x4 C:/Users/nahue/.pico-sdk/toolchain/14_2_Rel1/bin/../lib/gcc/arm-none-eabi/14.2.1/thumb/v8-m.main+fp/softfp/crti.o
                0x10006e20                _fini
 *fill*         0x10006e24        0x4 
 .fini.__stub   0x10006e28       0x58 linker stubs
 *crtbegin.o(.ctors)
 *crtbegin?.o(.ctors)
 *(EXCLUDE_FILE(*crtend.o *crtend?.o) .ctors)
 *(SORT_BY_NAME(.ctors.*))
 *(.ctors)
 *crtbegin.o(.dtors)
 *crtbegin?.o(.dtors)
 *(EXCLUDE_FILE(*crtend.o *crtend?.o) .dtors)
 *(SORT_BY_NAME(.dtors.*))
 *(.dtors)
                0x10006e80                        . = ALIGN (0x4)
                0x10006e80                        PROVIDE (__preinit_array_start = .)
 *(SORT_BY_NAME(.preinit_array.*))
 .preinit_array.00050
                0x10006e80        0x4 CMakeFiles/Test_4.dir/C_/Users/nahue/.pico-sdk/sdk/2.2.0/src/rp2_common/pico_runtime_init/runtime_init.c.obj
                0x10006e80                __pre_init_runtime_init_bootrom_reset
 .preinit_array.00100
                0x10006e84        0x4 CMakeFiles/Test_4.dir/C_/Users/nahue/.pico-sdk/sdk/2.2.0/src/rp2_common/pico_runtime_init/runtime_init.c.obj
                0x10006e84                __pre_init_runtime_init_early_resets
 .preinit_array.00101
                0x10006e88        0x4 CMakeFiles/Test_4.dir/C_/Users/nahue/.pico-sdk/sdk/2.2.0/src/rp2_common/pico_runtime_init/runtime_init.c.obj
                0x10006e88                __pre_init_runtime_init_usb_power_down
 .preinit_array.00500
                0x10006e8c        0x4 CMakeFiles/Test_4.dir/C_/Users/nahue/.pico-sdk/sdk/2.2.0/src/rp2_common/pico_runtime_init/runtime_init.c.obj
                0x10006e8c                __pre_init_runtime_init_clocks
 .preinit_array.00600
                0x10006e90        0x4 CMakeFiles/Test_4.dir/C_/Users/nahue/.pico-sdk/sdk/2.2.0/src/rp2_common/pico_runtime_init/runtime_init.c.obj
                0x10006e90                __pre_init_runtime_init_post_clock_resets
 .preinit_array.01000
                0x10006e94        0x4 CMakeFiles/Test_4.dir/C_/Users/nahue/.pico-sdk/sdk/2.2.0/src/rp2_common/hardware_boot_lock/boot_lock.c.obj
                0x10006e94                __pre_init_runtime_init_boot_locks_reset
 .preinit_array.01000
                0x10006e98        0x4 CMakeFiles/Test_4.dir/C_/Users/nahue/.pico-sdk/sdk/2.2.0/src/rp2_common/pico_runtime_init/runtime_init.c.obj
                0x10006e98                __pre_init_runtime_init_spin_locks_reset
 .preinit_array.01010
                0x10006e9c        0x4 CMakeFiles/Test_4.dir/C_/Users/nahue/.pico-sdk/sdk/2.2.0/src/rp2_common/pico_bootrom/bootrom_lock.c.obj
                0x10006e9c                __pre_init_runtime_init_bootrom_locking_enable
 .preinit_array.01100
                0x10006ea0        0x4 CMakeFiles/Test_4.dir/C_/Users/nahue/.pico-sdk/sdk/2.2.0/src/common/pico_sync/mutex.c.obj
                0x10006ea0                __pre_init_runtime_init_mutex
 .preinit_array.10080
                0x10006ea4        0x4 CMakeFiles/Test_4.dir/C_/Users/nahue/.pico-sdk/sdk/2.2.0/src/rp2_common/pico_runtime_init/runtime_init.c.obj
                0x10006ea4                __pre_init_runtime_init_install_ram_vector_table
 .preinit_array.11000
                0x10006ea8        0x4 CMakeFiles/Test_4.dir/C_/Users/nahue/.pico-sdk/sdk/2.2.0/src/common/pico_time/time.c.obj
                0x10006ea8                __pre_init_runtime_init_default_alarm_pool
 .preinit_array.YYYYY
                0x10006eac        0x4 CMakeFiles/Test_4.dir/C_/Users/nahue/.pico-sdk/sdk/2.2.0/src/rp2_common/pico_runtime/runtime.c.obj
                0x10006eac                __pre_init_first_per_core_initializer
 .preinit_array.ZZZZZ.00051
                0x10006eb0        0x4 CMakeFiles/Test_4.dir/C_/Users/nahue/.pico-sdk/sdk/2.2.0/src/rp2_common/pico_runtime_init/runtime_init.c.obj
                0x10006eb0                __pre_init_runtime_init_per_core_bootrom_reset
 .preinit_array.ZZZZZ.00200
                0x10006eb4        0x4 CMakeFiles/Test_4.dir/C_/Users/nahue/.pico-sdk/sdk/2.2.0/src/rp2_common/pico_runtime_init/runtime_init.c.obj
                0x10006eb4                __pre_init_runtime_init_per_core_enable_coprocessors
 .preinit_array.ZZZZZ.01000
                0x10006eb8        0x4 CMakeFiles/Test_4.dir/C_/Users/nahue/.pico-sdk/sdk/2.2.0/src/rp2_common/hardware_sync_spin_lock/sync_spin_lock.c.obj
                0x10006eb8                __pre_init_spinlock_set_extexclall
 .preinit_array.ZZZZZ.01200
                0x10006ebc        0x4 CMakeFiles/Test_4.dir/C_/Users/nahue/.pico-sdk/sdk/2.2.0/src/rp2_common/hardware_irq/irq.c.obj
                0x10006ebc                __pre_init_runtime_init_per_core_irq_priorities
 *(.preinit_array)
                0x10006ec0                        PROVIDE (__preinit_array_end = .)
                0x10006ec0                        . = ALIGN (0x4)
                0x10006ec0                        PROVIDE (__init_array_start = .)
 *(SORT_BY_NAME(.init_array.*))
 .init_array.01000
                0x10006ec0        0x4 CMakeFiles/Test_4.dir/C_/Users/nahue/.pico-sdk/sdk/2.2.0/src/rp2_common/pico_unique_id/unique_id.c.obj
 *(.init_array)
 .init_array    0x10006ec4        0x4 C:/Users/nahue/.pico-sdk/toolchain/14_2_Rel1/bin/../lib/gcc/arm-none-eabi/14.2.1/thumb/v8-m.main+fp/softfp/crtbegin.o
                0x10006ec8                        PROVIDE (__init_array_end = .)
                0x10006ec8                        . = ALIGN (0x4)
                [!provide]                        PROVIDE (__fini_array_start = .)
 *(SORT_BY_NAME(.fini_array.*))
 *(.fini_array)
                [!provide]                        PROVIDE (__fini_array_end = .)
 *(.eh_frame*)
 .eh_frame      0x10006ec8        0x0 C:/Users/nahue/.pico-sdk/toolchain/14_2_Rel1/bin/../lib/gcc/arm-none-eabi/14.2.1/thumb/v8-m.main+fp/softfp/crtbegin.o
                0x10006ec8                        . = ALIGN (0x4)

.glue_7         0x10006ec8        0x0
 .glue_7        0x10006ec8        0x0 linker stubs

.glue_7t        0x10006ec8        0x0
 .glue_7t       0x10006ec8        0x0 linker stubs

.vfp11_veneer   0x10006ec8        0x0
 .vfp11_veneer  0x10006ec8        0x0 linker stubs

.v4_bx          0x10006ec8        0x0
 .v4_bx         0x10006ec8        0x0 linker stubs

.iplt           0x10006ec8        0x0
 .iplt          0x10006ec8        0x0 C:/Users/nahue/.pico-sdk/toolchain/14_2_Rel1/bin/../lib/gcc/arm-none-eabi/14.2.1/thumb/v8-m.main+fp/softfp/crtbegin.o

.boot2          0x10006ec8        0x0
                0x10006ec8                        __boot2_start__ = .
 *(.boot2)
                0x10006ec8                        __boot2_end__ = .
                0x00000001                        ASSERT (((__boot2_end__ - __boot2_start__) <= 0x100), ERROR: Pico second stage bootloader must be no more than 256 bytes in size)

.rodata         0x10006ec8      0xe98
 *(EXCLUDE_FILE(*libm.a: *libc.a:*lib_a-mem*.o *libgcc.a:) .rodata*)
 .rodata.mostrar_scratchpad.str1.4
                0x10006ec8      0xc08 CMakeFiles/Test_4.dir/Test_4.c.obj
                                0x258 (size before relaxing)
 .rodata.leer_y_mostrar_temperatura.str1.4
                0x10007ad0       0xb7 CMakeFiles/Test_4.dir/Test_4.c.obj
 .rodata.main.str1.4
                0x10007ad0      0x787 CMakeFiles/Test_4.dir/Test_4.c.obj
 .rodata.panic.str1.4
                0x10007ad0       0x12 CMakeFiles/Test_4.dir/C_/Users/nahue/.pico-sdk/sdk/2.2.0/src/rp2_common/pico_platform_panic/panic.c.obj
 .rodata.spin_lock_claim_unused.str1.4
                0x10007ad0       0x1b CMakeFiles/Test_4.dir/C_/Users/nahue/.pico-sdk/sdk/2.2.0/src/rp2_common/hardware_sync/sync.c.obj
 .rodata.user_irq_claim_unused.str1.4
                0x10007ad0       0x1b CMakeFiles/Test_4.dir/C_/Users/nahue/.pico-sdk/sdk/2.2.0/src/rp2_common/hardware_irq/irq.c.obj
 .rodata.at_the_end_of_time
                0x10007ad0        0x8 CMakeFiles/Test_4.dir/C_/Users/nahue/.pico-sdk/sdk/2.2.0/src/common/pico_time/time.c.obj
                0x10007ad0                at_the_end_of_time
 .rodata.timer_hardware_alarm_claim.str1.4
                0x10007ad8       0x22 CMakeFiles/Test_4.dir/C_/Users/nahue/.pico-sdk/sdk/2.2.0/src/rp2_common/hardware_timer/timer.c.obj
 .rodata.hard_assertion_failure.str1.4
                0x10007ad8        0xc CMakeFiles/Test_4.dir/C_/Users/nahue/.pico-sdk/sdk/2.2.0/src/rp2_common/pico_runtime/runtime.c.obj
 .rodata.str1.4
                0x10007ad8       0x40 CMakeFiles/Test_4.dir/C_/Users/nahue/.pico-sdk/sdk/2.2.0/src/rp2_common/pico_standard_binary_info/standard_binary_info.c.obj
 .rodata.__bi_84
                0x10007ad8        0xc CMakeFiles/Test_4.dir/C_/Users/nahue/.pico-sdk/sdk/2.2.0/src/rp2_common/pico_standard_binary_info/standard_binary_info.c.obj
 .rodata.__bi_78
                0x10007ae4        0xc CMakeFiles/Test_4.dir/C_/Users/nahue/.pico-sdk/sdk/2.2.0/src/rp2_common/pico_standard_binary_info/standard_binary_info.c.obj
 .rodata.__bi_60
                0x10007af0        0xc CMakeFiles/Test_4.dir/C_/Users/nahue/.pico-sdk/sdk/2.2.0/src/rp2_common/pico_standard_binary_info/standard_binary_info.c.obj
 .rodata.__bi_54
                0x10007afc        0xc CMakeFiles/Test_4.dir/C_/Users/nahue/.pico-sdk/sdk/2.2.0/src/rp2_common/pico_standard_binary_info/standard_binary_info.c.obj
 .rodata.__bi_48
                0x10007b08        0xc CMakeFiles/Test_4.dir/C_/Users/nahue/.pico-sdk/sdk/2.2.0/src/rp2_common/pico_standard_binary_info/standard_binary_info.c.obj
 .rodata.__bi_42
                0x10007b14        0xc CMakeFiles/Test_4.dir/C_/Users/nahue/.pico-sdk/sdk/2.2.0/src/rp2_common/pico_standard_binary_info/standard_binary_info.c.obj
 .rodata.__bi_34
                0x10007b20        0xc CMakeFiles/Test_4.dir/C_/Users/nahue/.pico-sdk/sdk/2.2.0/src/rp2_common/pico_standard_binary_info/standard_binary_info.c.obj
 .rodata.__bi_26
                0x10007b2c        0xc CMakeFiles/Test_4.dir/C_/Users/nahue/.pico-sdk/sdk/2.2.0/src/rp2_common/pico_standard_binary_info/standard_binary_info.c.obj
 .rodata._ftoa.str1.4
                0x10007b38       0x15 CMakeFiles/Test_4.dir/C_/Users/nahue/.pico-sdk/sdk/2.2.0/src/rp2_common/pico_printf/printf.c.obj
 .rodata.pow10.0
                0x10007b38       0x50 CMakeFiles/Test_4.dir/C_/Users/nahue/.pico-sdk/sdk/2.2.0/src/rp2_common/pico_printf/printf.c.obj
 .rodata.crlf_str.0
                0x10007b88        0x2 CMakeFiles/Test_4.dir/C_/Users/nahue/.pico-sdk/sdk/2.2.0/src/rp2_common/pico_stdio/stdio.c.obj
 .rodata.str1.4
                0x10007b8a       0x2c CMakeFiles/Test_4.dir/C_/Users/nahue/.pico-sdk/sdk/2.2.0/src/rp2_common/pico_stdio_uart/stdio_uart.c.obj
 *fill*         0x10007b8a        0x2 
 .rodata.__bi_45.4
                0x10007b8c        0xc CMakeFiles/Test_4.dir/C_/Users/nahue/.pico-sdk/sdk/2.2.0/src/rp2_common/pico_stdio_uart/stdio_uart.c.obj
 .rodata.__bi_49.5
                0x10007b98        0x8 CMakeFiles/Test_4.dir/C_/Users/nahue/.pico-sdk/sdk/2.2.0/src/rp2_common/pico_stdio_uart/stdio_uart.c.obj
 .rodata.__bi_50.6
                0x10007ba0        0x8 CMakeFiles/Test_4.dir/C_/Users/nahue/.pico-sdk/sdk/2.2.0/src/rp2_common/pico_stdio_uart/stdio_uart.c.obj
 .rodata._resetd_driver
                0x10007ba8       0x20 CMakeFiles/Test_4.dir/C_/Users/nahue/.pico-sdk/sdk/2.2.0/src/rp2_common/pico_stdio_usb/reset_interface.c.obj
 .rodata.desc_ms_os_20
                0x10007bc8       0xa6 CMakeFiles/Test_4.dir/C_/Users/nahue/.pico-sdk/sdk/2.2.0/src/rp2_common/pico_stdio_usb/reset_interface.c.obj
 *fill*         0x10007c6e        0x2 
 .rodata.desc_bos
                0x10007c70       0x21 CMakeFiles/Test_4.dir/C_/Users/nahue/.pico-sdk/sdk/2.2.0/src/rp2_common/pico_stdio_usb/reset_interface.c.obj
                0x10007c70                desc_bos
 .rodata.str1.4
                0x10007c91       0x13 CMakeFiles/Test_4.dir/C_/Users/nahue/.pico-sdk/sdk/2.2.0/src/rp2_common/pico_stdio_usb/stdio_usb.c.obj
 *fill*         0x10007c91        0x3 
 .rodata.__bi_202.0
                0x10007c94        0xc CMakeFiles/Test_4.dir/C_/Users/nahue/.pico-sdk/sdk/2.2.0/src/rp2_common/pico_stdio_usb/stdio_usb.c.obj
 .rodata.str1.4
                0x10007ca0       0x2a CMakeFiles/Test_4.dir/C_/Users/nahue/.pico-sdk/sdk/2.2.0/src/rp2_common/pico_stdio_usb/stdio_usb_descriptors.c.obj
 .rodata.usbd_desc_str
                0x10007ca0       0x18 CMakeFiles/Test_4.dir/C_/Users/nahue/.pico-sdk/sdk/2.2.0/src/rp2_common/pico_stdio_usb/stdio_usb_descriptors.c.obj
 .rodata.usbd_desc_cfg
                0x10007cb8       0x54 CMakeFiles/Test_4.dir/C_/Users/nahue/.pico-sdk/sdk/2.2.0/src/rp2_common/pico_stdio_usb/stdio_usb_descriptors.c.obj
 .rodata.usbd_desc_device
                0x10007d0c       0x12 CMakeFiles/Test_4.dir/C_/Users/nahue/.pico-sdk/sdk/2.2.0/src/rp2_common/pico_stdio_usb/stdio_usb_descriptors.c.obj
 .rodata.str1.4
                0x10007d1e       0x14 CMakeFiles/Test_4.dir/C_/Users/nahue/.pico-sdk/sdk/2.2.0/lib/tinyusb/src/portable/raspberrypi/rp2040/dcd_rp2040.c.obj
 .rodata.str1.4
                0x10007d1e       0x48 CMakeFiles/Test_4.dir/C_/Users/nahue/.pico-sdk/sdk/2.2.0/lib/tinyusb/src/portable/raspberrypi/rp2040/rp2040_usb.c.obj
 *fill*         0x10007d1e        0x2 
 .rodata._usbd_driver
                0x10007d20       0x40 CMakeFiles/Test_4.dir/C_/Users/nahue/.pico-sdk/sdk/2.2.0/lib/tinyusb/src/device/usbd.c.obj
 *(.srodata*)
                0x10007d60                        . = ALIGN (0x4)
 *(SORT_BY_ALIGNMENT(SORT_BY_NAME(.flashdata*)))
                0x10007d60                        . = ALIGN (0x4)

.ARM.extab
 *(.ARM.extab* .gnu.linkonce.armextab.*)
                0x10007d60                        __exidx_start = .

.ARM.exidx      0x10007d60        0x8
 *(.ARM.exidx* .gnu.linkonce.armexidx.*)
 .ARM.exidx     0x10007d60        0x8 C:/Users/nahue/.pico-sdk/toolchain/14_2_Rel1/bin/../lib/gcc/arm-none-eabi/14.2.1/thumb/v8-m.main+fp/softfp\libg.a(libc_a-memcpy.o)
 .ARM.exidx.text.__udivmoddi4
                0x10007d68        0x0 C:/Users/nahue/.pico-sdk/toolchain/14_2_Rel1/bin/../lib/gcc/arm-none-eabi/14.2.1/thumb/v8-m.main+fp/softfp\libgcc.a(_udivmoddi4.o)
                                  0x8 (size before relaxing)
                0x10007d68                        __exidx_end = .
                0x10007d68                        . = ALIGN (0x4)
                0x10007d68                        __binary_info_start = .

.binary_info    0x10007d68       0x30
 *(.binary_info.keep.*)
 .binary_info.keep.__bi_ptr84
                0x10007d68        0x4 CMakeFiles/Test_4.dir/C_/Users/nahue/.pico-sdk/sdk/2.2.0/src/rp2_common/pico_standard_binary_info/standard_binary_info.c.obj
 .binary_info.keep.__bi_ptr78
                0x10007d6c        0x4 CMakeFiles/Test_4.dir/C_/Users/nahue/.pico-sdk/sdk/2.2.0/src/rp2_common/pico_standard_binary_info/standard_binary_info.c.obj
 .binary_info.keep.__bi_ptr60
                0x10007d70        0x4 CMakeFiles/Test_4.dir/C_/Users/nahue/.pico-sdk/sdk/2.2.0/src/rp2_common/pico_standard_binary_info/standard_binary_info.c.obj
 .binary_info.keep.__bi_ptr54
                0x10007d74        0x4 CMakeFiles/Test_4.dir/C_/Users/nahue/.pico-sdk/sdk/2.2.0/src/rp2_common/pico_standard_binary_info/standard_binary_info.c.obj
 .binary_info.keep.__bi_ptr48
                0x10007d78        0x4 CMakeFiles/Test_4.dir/C_/Users/nahue/.pico-sdk/sdk/2.2.0/src/rp2_common/pico_standard_binary_info/standard_binary_info.c.obj
 .binary_info.keep.__bi_ptr42
                0x10007d7c        0x4 CMakeFiles/Test_4.dir/C_/Users/nahue/.pico-sdk/sdk/2.2.0/src/rp2_common/pico_standard_binary_info/standard_binary_info.c.obj
 .binary_info.keep.__bi_ptr34
                0x10007d80        0x4 CMakeFiles/Test_4.dir/C_/Users/nahue/.pico-sdk/sdk/2.2.0/src/rp2_common/pico_standard_binary_info/standard_binary_info.c.obj
 .binary_info.keep.__bi_ptr26
                0x10007d84        0x4 CMakeFiles/Test_4.dir/C_/Users/nahue/.pico-sdk/sdk/2.2.0/src/rp2_common/pico_standard_binary_info/standard_binary_info.c.obj
 *(.binary_info.*)
 .binary_info.__bi_ptr50
                0x10007d88        0x4 CMakeFiles/Test_4.dir/C_/Users/nahue/.pico-sdk/sdk/2.2.0/src/rp2_common/pico_stdio_uart/stdio_uart.c.obj
 .binary_info.__bi_ptr49
                0x10007d8c        0x4 CMakeFiles/Test_4.dir/C_/Users/nahue/.pico-sdk/sdk/2.2.0/src/rp2_common/pico_stdio_uart/stdio_uart.c.obj
 .binary_info.__bi_ptr45
                0x10007d90        0x4 CMakeFiles/Test_4.dir/C_/Users/nahue/.pico-sdk/sdk/2.2.0/src/rp2_common/pico_stdio_uart/stdio_uart.c.obj
 .binary_info.__bi_ptr202
                0x10007d94        0x4 CMakeFiles/Test_4.dir/C_/Users/nahue/.pico-sdk/sdk/2.2.0/src/rp2_common/pico_stdio_usb/stdio_usb.c.obj
                0x10007d98                        __binary_info_end = .
                0x10007d98                        . = ALIGN (0x4)

.ram_vector_table
                0x20000000      0x110
 *(.ram_vector_table)
 .ram_vector_table
                0x20000000      0x110 CMakeFiles/Test_4.dir/C_/Users/nahue/.pico-sdk/sdk/2.2.0/src/rp2_common/pico_runtime_init/runtime_init.c.obj
                0x20000000                ram_vector_table

.uninitialized_data
                0x20000110        0x0
                0x20000110                        . = ALIGN (0x4)
 *(.uninitialized_data*)

.data           0x20000110     0x14bc load address 0x10007d98
                0x20000110                        __data_start__ = .
 *(vtable)
 *(.time_critical*)
 .time_critical.mutex_try_enter
                0x20000110       0x50 CMakeFiles/Test_4.dir/C_/Users/nahue/.pico-sdk/sdk/2.2.0/src/common/pico_sync/mutex.c.obj
                0x20000110                mutex_try_enter
 .time_critical.mutex_enter_block_until
                0x20000160       0x6c CMakeFiles/Test_4.dir/C_/Users/nahue/.pico-sdk/sdk/2.2.0/src/common/pico_sync/mutex.c.obj
                0x20000160                mutex_enter_block_until
 .time_critical.mutex_try_enter_block_until
                0x200001cc       0x68 CMakeFiles/Test_4.dir/C_/Users/nahue/.pico-sdk/sdk/2.2.0/src/common/pico_sync/mutex.c.obj
                0x200001cc                mutex_try_enter_block_until
 .time_critical.mutex_enter_timeout_ms
                0x20000234       0x38 CMakeFiles/Test_4.dir/C_/Users/nahue/.pico-sdk/sdk/2.2.0/src/common/pico_sync/mutex.c.obj
                0x20000234                mutex_enter_timeout_ms
 .time_critical.mutex_exit
                0x2000026c       0x3c CMakeFiles/Test_4.dir/C_/Users/nahue/.pico-sdk/sdk/2.2.0/src/common/pico_sync/mutex.c.obj
                0x2000026c                mutex_exit
 .time_critical.reset_non_control_endpoints
                0x200002a8       0x64 CMakeFiles/Test_4.dir/C_/Users/nahue/.pico-sdk/sdk/2.2.0/lib/tinyusb/src/portable/raspberrypi/rp2040/dcd_rp2040.c.obj
 .time_critical.hw_handle_buff_status
                0x2000030c       0x90 CMakeFiles/Test_4.dir/C_/Users/nahue/.pico-sdk/sdk/2.2.0/lib/tinyusb/src/portable/raspberrypi/rp2040/dcd_rp2040.c.obj
 .time_critical.dcd_rp2040_irq
                0x2000039c      0x530 CMakeFiles/Test_4.dir/C_/Users/nahue/.pico-sdk/sdk/2.2.0/lib/tinyusb/src/portable/raspberrypi/rp2040/dcd_rp2040.c.obj
 .time_critical.prepare_ep_buffer
                0x200008cc       0xc0 CMakeFiles/Test_4.dir/C_/Users/nahue/.pico-sdk/sdk/2.2.0/lib/tinyusb/src/portable/raspberrypi/rp2040/rp2040_usb.c.obj
 .time_critical.sync_ep_buffer
                0x2000098c       0xb4 CMakeFiles/Test_4.dir/C_/Users/nahue/.pico-sdk/sdk/2.2.0/lib/tinyusb/src/portable/raspberrypi/rp2040/rp2040_usb.c.obj
 .time_critical._hw_endpoint_xfer_sync
                0x20000a40       0x2c CMakeFiles/Test_4.dir/C_/Users/nahue/.pico-sdk/sdk/2.2.0/lib/tinyusb/src/portable/raspberrypi/rp2040/rp2040_usb.c.obj
 .time_critical.e15_is_bulkin_ep
                0x20000a6c       0x28 CMakeFiles/Test_4.dir/C_/Users/nahue/.pico-sdk/sdk/2.2.0/lib/tinyusb/src/portable/raspberrypi/rp2040/rp2040_usb.c.obj
 .time_critical.e15_is_critical_frame_period
                0x20000a94       0x28 CMakeFiles/Test_4.dir/C_/Users/nahue/.pico-sdk/sdk/2.2.0/lib/tinyusb/src/portable/raspberrypi/rp2040/rp2040_usb.c.obj
 .time_critical.hw_endpoint_reset_transfer
                0x20000abc        0xc CMakeFiles/Test_4.dir/C_/Users/nahue/.pico-sdk/sdk/2.2.0/lib/tinyusb/src/portable/raspberrypi/rp2040/rp2040_usb.c.obj
                0x20000abc                hw_endpoint_reset_transfer
 .time_critical._hw_endpoint_buffer_control_update32
                0x20000ac8       0x44 CMakeFiles/Test_4.dir/C_/Users/nahue/.pico-sdk/sdk/2.2.0/lib/tinyusb/src/portable/raspberrypi/rp2040/rp2040_usb.c.obj
                0x20000ac8                _hw_endpoint_buffer_control_update32
 .time_critical.hw_endpoint_start_next_buffer
                0x20000b0c       0x64 CMakeFiles/Test_4.dir/C_/Users/nahue/.pico-sdk/sdk/2.2.0/lib/tinyusb/src/portable/raspberrypi/rp2040/rp2040_usb.c.obj
                0x20000b0c                hw_endpoint_start_next_buffer
 .time_critical.hw_endpoint_xfer_continue
                0x20000b70       0x3c CMakeFiles/Test_4.dir/C_/Users/nahue/.pico-sdk/sdk/2.2.0/lib/tinyusb/src/portable/raspberrypi/rp2040/rp2040_usb.c.obj
                0x20000b70                hw_endpoint_xfer_continue
 .time_critical.tinyusb
                0x20000bac      0x224 CMakeFiles/Test_4.dir/C_/Users/nahue/.pico-sdk/sdk/2.2.0/lib/tinyusb/src/device/usbd.c.obj
                0x20000bac                dcd_event_handler
 *(.text*)
 .text          0x20000dd0      0x378 C:/Users/nahue/.pico-sdk/toolchain/14_2_Rel1/bin/../lib/gcc/arm-none-eabi/14.2.1/thumb/v8-m.main+fp/softfp\libgcc.a(_arm_addsubdf3.o)
                0x20000dd0                __aeabi_drsub
                0x20000dd8                __aeabi_dsub
                0x20000dd8                __subdf3
                0x20000ddc                __aeabi_dadd
                0x20000ddc                __adddf3
                0x20001054                __floatunsidf
                0x20001054                __aeabi_ui2d
                0x20001074                __floatsidf
                0x20001074                __aeabi_i2d
                0x20001098                __aeabi_f2d
                0x20001098                __extendsfdf2
                0x200010dc                __floatundidf
                0x200010dc                __aeabi_ul2d
                0x200010ec                __floatdidf
                0x200010ec                __aeabi_l2d
 .text          0x20001148       0x30 C:/Users/nahue/.pico-sdk/toolchain/14_2_Rel1/bin/../lib/gcc/arm-none-eabi/14.2.1/thumb/v8-m.main+fp/softfp\libgcc.a(_aeabi_uldivmod.o)
                0x20001148                __aeabi_uldivmod
 .text.__udivmoddi4
                0x20001178      0x34c C:/Users/nahue/.pico-sdk/toolchain/14_2_Rel1/bin/../lib/gcc/arm-none-eabi/14.2.1/thumb/v8-m.main+fp/softfp\libgcc.a(_udivmoddi4.o)
                0x20001178                __udivmoddi4
 .text          0x200014c4        0x4 C:/Users/nahue/.pico-sdk/toolchain/14_2_Rel1/bin/../lib/gcc/arm-none-eabi/14.2.1/thumb/v8-m.main+fp/softfp\libgcc.a(_dvmd_tls.o)
                0x200014c4                __aeabi_idiv0
                0x200014c4                __aeabi_ldiv0
 .text.__stub   0x200014c8       0x30 linker stubs
                0x200014f8                        . = ALIGN (0x4)
 *(.rodata*)
                0x200014f8                        . = ALIGN (0x4)
 *(.data*)
 .data.striped_spin_lock_num
                0x200014f8        0x1 CMakeFiles/Test_4.dir/C_/Users/nahue/.pico-sdk/sdk/2.2.0/src/rp2_common/hardware_sync/sync.c.obj
 *fill*         0x200014f9        0x3 
 .data          0x200014fc       0x48 CMakeFiles/Test_4.dir/C_/Users/nahue/.pico-sdk/sdk/2.2.0/src/rp2_common/hardware_irq/irq_handler_chain.S.obj
                0x200014fc                irq_handler_chain_slots
                0x2000152c                irq_handler_chain_first_slot
                0x20001536                irq_handler_chain_remove_tail
 .data.default_alarm_pool
                0x20001544       0x18 CMakeFiles/Test_4.dir/C_/Users/nahue/.pico-sdk/sdk/2.2.0/src/common/pico_time/time.c.obj
 .data.stdio_uart
                0x2000155c       0x18 CMakeFiles/Test_4.dir/C_/Users/nahue/.pico-sdk/sdk/2.2.0/src/rp2_common/pico_stdio_uart/stdio_uart.c.obj
                0x2000155c                stdio_uart
 .data.stdio_usb
                0x20001574       0x18 CMakeFiles/Test_4.dir/C_/Users/nahue/.pico-sdk/sdk/2.2.0/src/rp2_common/pico_stdio_usb/stdio_usb.c.obj
                0x20001574                stdio_usb
 .data._usbd_qdef
                0x2000158c       0x1c CMakeFiles/Test_4.dir/C_/Users/nahue/.pico-sdk/sdk/2.2.0/lib/tinyusb/src/device/usbd.c.obj
                0x2000158c                _usbd_qdef
 .data._usbd_rhport
                0x200015a8        0x1 CMakeFiles/Test_4.dir/C_/Users/nahue/.pico-sdk/sdk/2.2.0/lib/tinyusb/src/device/usbd.c.obj
 *fill*         0x200015a9        0x3 
 .data.mode_overdrive
                0x200015ac        0xc one_wire/libone_wire.a(OneWire.c.obj)
 .data.mode_standar
                0x200015b8        0xc one_wire/libone_wire.a(OneWire.c.obj)
 *(.sdata*)
                0x200015c4                        . = ALIGN (0x4)
 *(.after_data.*)
                0x200015c4                        . = ALIGN (0x4)
                0x200015c4                        PROVIDE (__mutex_array_start = .)
 *(SORT_BY_NAME(.mutex_array.*))
 *(.mutex_array)
 .mutex_array   0x200015c4        0x8 CMakeFiles/Test_4.dir/C_/Users/nahue/.pico-sdk/sdk/2.2.0/src/rp2_common/pico_stdio/stdio.c.obj
                0x200015cc                        PROVIDE (__mutex_array_end = .)
 *(.jcr)
                0x200015cc                        . = ALIGN (0x4)

.tm_clone_table
                0x200015cc        0x0 load address 0x10009254
 .tm_clone_table
                0x200015cc        0x0 C:/Users/nahue/.pico-sdk/toolchain/14_2_Rel1/bin/../lib/gcc/arm-none-eabi/14.2.1/thumb/v8-m.main+fp/softfp/crtbegin.o
 .tm_clone_table
                0x200015cc        0x0 C:/Users/nahue/.pico-sdk/toolchain/14_2_Rel1/bin/../lib/gcc/arm-none-eabi/14.2.1/thumb/v8-m.main+fp/softfp/crtend.o

.igot.plt       0x200015cc        0x0 load address 0x10009254
 .igot.plt      0x200015cc        0x0 C:/Users/nahue/.pico-sdk/toolchain/14_2_Rel1/bin/../lib/gcc/arm-none-eabi/14.2.1/thumb/v8-m.main+fp/softfp/crtbegin.o

.tdata          0x200015cc        0x0 load address 0x10009254
                0x200015cc                        . = ALIGN (0x4)
 *(.tdata .tdata.* .gnu.linkonce.td.*)
                0x200015cc                        __tdata_end = .
                0x200015cc                        PROVIDE (__data_end__ = .)
                0x10007d98                        __etext = LOADADDR (.data)

.tbss           0x200015cc        0x0 load address 0x10009254
                0x200015cc                        . = ALIGN (0x4)
                0x200015cc                        __bss_start__ = .
                0x200015cc                        __tls_base = .
 *(.tbss .tbss.* .gnu.linkonce.tb.*)
 *(.tcommon)
                0x200015cc                        __tls_end = .

.bss            0x200015d0      0xc58 load address 0x10009254
                0x200015d0                        . = ALIGN (0x4)
                0x200015d0                        __tbss_end = .
 *(SORT_BY_ALIGNMENT(SORT_BY_NAME(.bss*)))
 .bss.bus       0x200015d0       0x20 CMakeFiles/Test_4.dir/Test_4.c.obj
 .bss.default_alarm_pool_entries
                0x200015f0      0x180 CMakeFiles/Test_4.dir/C_/Users/nahue/.pico-sdk/sdk/2.2.0/src/common/pico_time/time.c.obj
 .bss.last_avail_time.1
                0x20001770        0x8 CMakeFiles/Test_4.dir/C_/Users/nahue/.pico-sdk/sdk/2.2.0/src/rp2_common/pico_stdio_usb/stdio_usb.c.obj
 .bss._app_driver
                0x20001778        0x4 CMakeFiles/Test_4.dir/C_/Users/nahue/.pico-sdk/sdk/2.2.0/lib/tinyusb/src/device/usbd.c.obj
 .bss._cdcd_epbuf
                0x2000177c       0x80 CMakeFiles/Test_4.dir/C_/Users/nahue/.pico-sdk/sdk/2.2.0/lib/tinyusb/src/class/cdc/cdc_device.c.obj
 .bss._cdcd_fifo_cfg
                0x200017fc        0x1 CMakeFiles/Test_4.dir/C_/Users/nahue/.pico-sdk/sdk/2.2.0/lib/tinyusb/src/class/cdc/cdc_device.c.obj
 *fill*         0x200017fd        0x3 
 .bss._cdcd_itf
                0x20001800       0xc8 CMakeFiles/Test_4.dir/C_/Users/nahue/.pico-sdk/sdk/2.2.0/lib/tinyusb/src/class/cdc/cdc_device.c.obj
 .bss._ctrl_epbuf
                0x200018c8       0x40 CMakeFiles/Test_4.dir/C_/Users/nahue/.pico-sdk/sdk/2.2.0/lib/tinyusb/src/device/usbd_control.c.obj
 .bss._ctrl_xfer
                0x20001908       0x14 CMakeFiles/Test_4.dir/C_/Users/nahue/.pico-sdk/sdk/2.2.0/lib/tinyusb/src/device/usbd_control.c.obj
 .bss._sw_spin_locks
                0x2000191c       0x20 CMakeFiles/Test_4.dir/C_/Users/nahue/.pico-sdk/sdk/2.2.0/src/rp2_common/hardware_sync_spin_lock/sync_spin_lock.c.obj
                0x2000191c                _sw_spin_locks
 .bss._tusb_rhport_role
                0x2000193c        0x2 CMakeFiles/Test_4.dir/C_/Users/nahue/.pico-sdk/sdk/2.2.0/lib/tinyusb/src/tusb.c.obj
                0x2000193c                _tusb_rhport_role
 *fill*         0x2000193e        0x2 
 .bss._ubsd_mutexdef
                0x20001940        0x8 CMakeFiles/Test_4.dir/C_/Users/nahue/.pico-sdk/sdk/2.2.0/lib/tinyusb/src/device/usbd.c.obj
 .bss._usbd_dev
                0x20001948       0x54 CMakeFiles/Test_4.dir/C_/Users/nahue/.pico-sdk/sdk/2.2.0/lib/tinyusb/src/device/usbd.c.obj
 .bss._usbd_mutex
                0x2000199c        0x4 CMakeFiles/Test_4.dir/C_/Users/nahue/.pico-sdk/sdk/2.2.0/lib/tinyusb/src/device/usbd.c.obj
 .bss._usbd_q   0x200019a0        0x4 CMakeFiles/Test_4.dir/C_/Users/nahue/.pico-sdk/sdk/2.2.0/lib/tinyusb/src/device/usbd.c.obj
 .bss._usbd_qdef_buf
                0x200019a4       0xc0 CMakeFiles/Test_4.dir/C_/Users/nahue/.pico-sdk/sdk/2.2.0/lib/tinyusb/src/device/usbd.c.obj
                0x200019a4                _usbd_qdef_buf
 .bss._vendord_epbuf
                0x20001a64       0x80 CMakeFiles/Test_4.dir/C_/Users/nahue/.pico-sdk/sdk/2.2.0/lib/tinyusb/src/class/vendor/vendor_device.c.obj
 .bss._vendord_itf
                0x20001ae4      0x24c CMakeFiles/Test_4.dir/C_/Users/nahue/.pico-sdk/sdk/2.2.0/lib/tinyusb/src/class/vendor/vendor_device.c.obj
 .bss.chars_available_callback
                0x20001d30        0x4 CMakeFiles/Test_4.dir/C_/Users/nahue/.pico-sdk/sdk/2.2.0/src/rp2_common/pico_stdio_uart/stdio_uart.c.obj
 .bss.chars_available_callback
                0x20001d34        0x4 CMakeFiles/Test_4.dir/C_/Users/nahue/.pico-sdk/sdk/2.2.0/src/rp2_common/pico_stdio_usb/stdio_usb.c.obj
 .bss.chars_available_param
                0x20001d38        0x4 CMakeFiles/Test_4.dir/C_/Users/nahue/.pico-sdk/sdk/2.2.0/src/rp2_common/pico_stdio_uart/stdio_uart.c.obj
 .bss.chars_available_param
                0x20001d3c        0x4 CMakeFiles/Test_4.dir/C_/Users/nahue/.pico-sdk/sdk/2.2.0/src/rp2_common/pico_stdio_usb/stdio_usb.c.obj
 .bss.claimed   0x20001d40        0x4 CMakeFiles/Test_4.dir/C_/Users/nahue/.pico-sdk/sdk/2.2.0/src/rp2_common/hardware_sync/sync.c.obj
 .bss.claimed   0x20001d44        0x2 CMakeFiles/Test_4.dir/C_/Users/nahue/.pico-sdk/sdk/2.2.0/src/rp2_common/hardware_timer/timer.c.obj
 *fill*         0x20001d46        0x2 
 .bss.configured_freq
                0x20001d48       0x28 CMakeFiles/Test_4.dir/C_/Users/nahue/.pico-sdk/sdk/2.2.0/src/rp2_common/hardware_clocks/clocks.c.obj
 .bss.desc_str.0
                0x20001d70       0x28 CMakeFiles/Test_4.dir/C_/Users/nahue/.pico-sdk/sdk/2.2.0/src/rp2_common/pico_stdio_usb/stdio_usb_descriptors.c.obj
 .bss.drivers   0x20001d98        0x4 CMakeFiles/Test_4.dir/C_/Users/nahue/.pico-sdk/sdk/2.2.0/src/rp2_common/pico_stdio/stdio.c.obj
 .bss.e15_last_sof
                0x20001d9c        0x4 CMakeFiles/Test_4.dir/C_/Users/nahue/.pico-sdk/sdk/2.2.0/lib/tinyusb/src/portable/raspberrypi/rp2040/rp2040_usb.c.obj
                0x20001d9c                e15_last_sof
 .bss.filter    0x20001da0        0x4 CMakeFiles/Test_4.dir/C_/Users/nahue/.pico-sdk/sdk/2.2.0/src/rp2_common/pico_stdio/stdio.c.obj
 .bss.hw_endpoints
                0x20001da4      0x400 CMakeFiles/Test_4.dir/C_/Users/nahue/.pico-sdk/sdk/2.2.0/lib/tinyusb/src/portable/raspberrypi/rp2040/dcd_rp2040.c.obj
 .bss.lazy_vsnprintf
                0x200021a4        0x4 CMakeFiles/Test_4.dir/C_/Users/nahue/.pico-sdk/sdk/2.2.0/src/rp2_common/pico_printf/printf.c.obj
 .bss.load_value
                0x200021a8        0x4 CMakeFiles/Test_4.dir/C_/Users/nahue/.pico-sdk/sdk/2.2.0/src/rp2_common/hardware_watchdog/watchdog.c.obj
 .bss.next_buffer_ptr
                0x200021ac        0x4 CMakeFiles/Test_4.dir/C_/Users/nahue/.pico-sdk/sdk/2.2.0/lib/tinyusb/src/portable/raspberrypi/rp2040/dcd_rp2040.c.obj
 .bss.object.0  0x200021b0       0x18 C:/Users/nahue/.pico-sdk/toolchain/14_2_Rel1/bin/../lib/gcc/arm-none-eabi/14.2.1/thumb/v8-m.main+fp/softfp/crtbegin.o
 .bss.one_shot_timer_crit_sec
                0x200021c8        0x8 CMakeFiles/Test_4.dir/C_/Users/nahue/.pico-sdk/sdk/2.2.0/src/rp2_common/pico_stdio_usb/stdio_usb.c.obj
 .bss.pools     0x200021d0       0x20 CMakeFiles/Test_4.dir/C_/Users/nahue/.pico-sdk/sdk/2.2.0/src/common/pico_time/time.c.obj
 .bss.retrieved_id
                0x200021f0        0x8 CMakeFiles/Test_4.dir/C_/Users/nahue/.pico-sdk/sdk/2.2.0/src/rp2_common/pico_unique_id/unique_id.c.obj
 .bss.sleep_notifier
                0x200021f8        0x4 CMakeFiles/Test_4.dir/C_/Users/nahue/.pico-sdk/sdk/2.2.0/src/common/pico_time/time.c.obj
 .bss.stdio_usb_mutex
                0x200021fc        0x8 CMakeFiles/Test_4.dir/C_/Users/nahue/.pico-sdk/sdk/2.2.0/src/rp2_common/pico_stdio_usb/stdio_usb.c.obj
 .bss.uart_char_to_line_feed
                0x20002204        0x4 CMakeFiles/Test_4.dir/C_/Users/nahue/.pico-sdk/sdk/2.2.0/src/rp2_common/hardware_uart/uart.c.obj
                0x20002204                uart_char_to_line_feed
 .bss.uart_instance
                0x20002208        0x4 CMakeFiles/Test_4.dir/C_/Users/nahue/.pico-sdk/sdk/2.2.0/src/rp2_common/pico_stdio_uart/stdio_uart.c.obj
 .bss.usbd_serial_str
                0x2000220c       0x11 CMakeFiles/Test_4.dir/C_/Users/nahue/.pico-sdk/sdk/2.2.0/src/rp2_common/pico_stdio_usb/stdio_usb_descriptors.c.obj
 .bss._app_driver_count
                0x2000221d        0x1 CMakeFiles/Test_4.dir/C_/Users/nahue/.pico-sdk/sdk/2.2.0/lib/tinyusb/src/device/usbd.c.obj
 .bss._sof_enable
                0x2000221e        0x1 CMakeFiles/Test_4.dir/C_/Users/nahue/.pico-sdk/sdk/2.2.0/lib/tinyusb/src/portable/raspberrypi/rp2040/dcd_rp2040.c.obj
 .bss._usbd_queued_setup
                0x2000221f        0x1 CMakeFiles/Test_4.dir/C_/Users/nahue/.pico-sdk/sdk/2.2.0/lib/tinyusb/src/device/usbd.c.obj
 .bss.irq_handler_chain_free_slot_head
                0x20002220        0x1 CMakeFiles/Test_4.dir/C_/Users/nahue/.pico-sdk/sdk/2.2.0/src/rp2_common/hardware_irq/irq.c.obj
 .bss.itf_num   0x20002221        0x1 CMakeFiles/Test_4.dir/C_/Users/nahue/.pico-sdk/sdk/2.2.0/src/rp2_common/pico_stdio_usb/reset_interface.c.obj
 .bss.low_priority_irq_num
                0x20002222        0x1 CMakeFiles/Test_4.dir/C_/Users/nahue/.pico-sdk/sdk/2.2.0/src/rp2_common/pico_stdio_usb/stdio_usb.c.obj
 .bss.one_shot_timer_pending
                0x20002223        0x1 CMakeFiles/Test_4.dir/C_/Users/nahue/.pico-sdk/sdk/2.2.0/src/rp2_common/pico_stdio_usb/stdio_usb.c.obj
 .bss.user_irq_claimed
                0x20002224        0x1 CMakeFiles/Test_4.dir/C_/Users/nahue/.pico-sdk/sdk/2.2.0/src/rp2_common/hardware_irq/irq.c.obj
 *(COMMON)
                [!provide]                        PROVIDE (__global_pointer$ = (. + 0x800))
 *(.sbss*)
                0x20002228                        . = ALIGN (0x4)
 *fill*         0x20002225        0x3 
                0x20002228                        __bss_end__ = .

.heap           0x20002228      0x800 load address 0x10009254
                0x20002228                        __end__ = .
                0x20002228                        end = __end__
 *(.heap*)
 .heap          0x20002228      0x800 CMakeFiles/Test_4.dir/C_/Users/nahue/.pico-sdk/sdk/2.2.0/src/rp2_common/pico_crt0/crt0.S.obj
                0x20080000                        __HeapLimit = (ORIGIN (RAM) + LENGTH (RAM))

.scratch_x      0x20080000        0x0 load address 0x10009254
                0x20080000                        __scratch_x_start__ = .
 *(.scratch_x.*)
                0x20080000                        . = ALIGN (0x4)
                0x20080000                        __scratch_x_end__ = .
                0x10009254                        __scratch_x_source__ = LOADADDR (.scratch_x)

.scratch_y      0x20081000        0x0 load address 0x10009254
                0x20081000                        __scratch_y_start__ = .
 *(.scratch_y.*)
                0x20081000                        . = ALIGN (0x4)
                0x20081000                        __scratch_y_end__ = .
                0x10009254                        __scratch_y_source__ = LOADADDR (.scratch_y)

.stack1_dummy
 *(.stack1*)

.stack_dummy    0x20081000      0x800
 *(.stack*)
 .stack         0x20081000      0x800 CMakeFiles/Test_4.dir/C_/Users/nahue/.pico-sdk/sdk/2.2.0/src/rp2_common/pico_crt0/crt0.S.obj

.flash_end      0x10009254       0x14
 *(.embedded_end_block*)
 .embedded_end_block
                0x10009254       0x14 CMakeFiles/Test_4.dir/C_/Users/nahue/.pico-sdk/sdk/2.2.0/src/rp2_common/pico_crt0/crt0.S.obj
                0x10009268                        PROVIDE (__flash_binary_end = .)
                0x20080000                        __StackLimit = (ORIGIN (RAM) + LENGTH (RAM))
                0x20081000                        __StackOneTop = (ORIGIN (SCRATCH_X) + LENGTH (SCRATCH_X))
                0x20082000                        __StackTop = (ORIGIN (SCRATCH_Y) + LENGTH (SCRATCH_Y))
                0x20081000                        __StackOneBottom = (__StackOneTop - SIZEOF (.stack1_dummy))
                0x20081800                        __StackBottom = (__StackTop - SIZEOF (.stack_dummy))
                0x20082000                        PROVIDE (__stack = __StackTop)
                [!provide]                        PROVIDE (__heap_start = __end__)
                [!provide]                        PROVIDE (__heap_end = __HeapLimit)
                [!provide]                        PROVIDE (__tls_align = MAX (ALIGNOF (.tdata), ALIGNOF (.tbss)))
                [!provide]                        PROVIDE (__tls_size_align = (((__tls_size + __tls_align) - 0x1) & ~ ((__tls_align - 0x1))))
                [!provide]                        PROVIDE (__arm32_tls_tcb_offset = MAX (0x8, __tls_align))
                [!provide]                        PROVIDE (_end = __end__)
                [!provide]                        PROVIDE (__llvm_libc_heap_limit = __HeapLimit)
                0x00000001                        ASSERT ((__StackLimit >= __HeapLimit), region RAM overflowed)
                0x00000001                        ASSERT (((__binary_info_header_end - __logical_binary_start) <= 0x400), Binary info must be in first 1024 bytes of the binary)
                0x00000001                        ASSERT (((__embedded_block_end - __logical_binary_start) <= 0x1000), Embedded block must be in first 4096 bytes of the binary)
LOAD CMakeFiles/Test_4.dir/Test_4.c.obj
LOAD CMakeFiles/Test_4.dir/C_/Users/nahue/.pico-sdk/sdk/2.2.0/src/rp2_common/pico_stdlib/stdlib.c.obj
LOAD CMakeFiles/Test_4.dir/C_/Users/nahue/.pico-sdk/sdk/2.2.0/src/rp2_common/hardware_gpio/gpio.c.obj
LOAD CMakeFiles/Test_4.dir/C_/Users/nahue/.pico-sdk/sdk/2.2.0/src/rp2350/pico_platform/platform.c.obj
LOAD CMakeFiles/Test_4.dir/C_/Users/nahue/.pico-sdk/sdk/2.2.0/src/rp2_common/pico_platform_common/common.c.obj
LOAD CMakeFiles/Test_4.dir/C_/Users/nahue/.pico-sdk/sdk/2.2.0/src/rp2_common/pico_platform_panic/panic.c.obj
LOAD CMakeFiles/Test_4.dir/C_/Users/nahue/.pico-sdk/sdk/2.2.0/src/common/hardware_claim/claim.c.obj
LOAD CMakeFiles/Test_4.dir/C_/Users/nahue/.pico-sdk/sdk/2.2.0/src/rp2_common/hardware_sync/sync.c.obj
LOAD CMakeFiles/Test_4.dir/C_/Users/nahue/.pico-sdk/sdk/2.2.0/src/rp2_common/hardware_sync_spin_lock/sync_spin_lock.c.obj
LOAD CMakeFiles/Test_4.dir/C_/Users/nahue/.pico-sdk/sdk/2.2.0/src/rp2_common/hardware_irq/irq.c.obj
LOAD CMakeFiles/Test_4.dir/C_/Users/nahue/.pico-sdk/sdk/2.2.0/src/rp2_common/hardware_irq/irq_handler_chain.S.obj
LOAD CMakeFiles/Test_4.dir/C_/Users/nahue/.pico-sdk/sdk/2.2.0/src/common/pico_sync/sem.c.obj