Archive member included to satisfy reference by file (symbol)

one_wire/libone_wire.a(OneWire.c.obj)
                              CMakeFiles/Test_1.dir/Test_1.c.obj (OneWire_Init)
ds18b20/libds18b20.a(ds18b20.c.obj)
                              CMakeFiles/Test_1.dir/Test_1.c.obj (DS18B20_Init)
C:/Users/nahue/.pico-sdk/toolchain/14_2_Rel1/bin/../lib/gcc/arm-none-eabi/14.2.1/thumb/v8-m.main+fp/softfp\libm.a(libm_a-wf_sqrt.o)
                              CMakeFiles/Test_1.dir/C_/Users/nahue/.pico-sdk/sdk/2.2.0/src/rp2_common/pico_float/float_math.c.obj (sqrtf)
C:/Users/nahue/.pico-sdk/toolchain/14_2_Rel1/bin/../lib/gcc/arm-none-eabi/14.2.1/thumb/v8-m.main+fp/softfp\libm.a(libm_a-ef_sqrt.o)
                              C:/Users/nahue/.pico-sdk/toolchain/14_2_Rel1/bin/../lib/gcc/arm-none-eabi/14.2.1/thumb/v8-m.main+fp/softfp\libm.a(libm_a-wf_sqrt.o) (__ieee754_sqrtf)
C:/Users/nahue/.pico-sdk/toolchain/14_2_Rel1/bin/../lib/gcc/arm-none-eabi/14.2.1/thumb/v8-m.main+fp/softfp\libgcc.a(_arm_addsubdf3.o)
                              CMakeFiles/Test_1.dir/Test_1.c.obj (__aeabi_f2d)
C:/Users/nahue/.pico-sdk/toolchain/14_2_Rel1/bin/../lib/gcc/arm-none-eabi/14.2.1/thumb/v8-m.main+fp/softfp\libgcc.a(_aeabi_ldivmod.o)
                              CMakeFiles/Test_1.dir/C_/Users/nahue/.pico-sdk/sdk/2.2.0/src/common/pico_time/time.c.obj (__aeabi_ldivmod)
C:/Users/nahue/.pico-sdk/toolchain/14_2_Rel1/bin/../lib/gcc/arm-none-eabi/14.2.1/thumb/v8-m.main+fp/softfp\libgcc.a(_aeabi_uldivmod.o)
                              CMakeFiles/Test_1.dir/C_/Users/nahue/.pico-sdk/sdk/2.2.0/src/rp2_common/hardware_clocks/clocks.c.obj (__aeabi_uldivmod)
C:/Users/nahue/.pico-sdk/toolchain/14_2_Rel1/bin/../lib/gcc/arm-none-eabi/14.2.1/thumb/v8-m.main+fp/softfp\libgcc.a(_udivmoddi4.o)
                              C:/Users/nahue/.pico-sdk/toolchain/14_2_Rel1/bin/../lib/gcc/arm-none-eabi/14.2.1/thumb/v8-m.main+fp/softfp\libgcc.a(_aeabi_ldivmod.o) (__udivmoddi4)
C:/Users/nahue/.pico-sdk/toolchain/14_2_Rel1/bin/../lib/gcc/arm-none-eabi/14.2.1/thumb/v8-m.main+fp/softfp\libgcc.a(_dvmd_tls.o)
                              C:/Users/nahue/.pico-sdk/toolchain/14_2_Rel1/bin/../lib/gcc/arm-none-eabi/14.2.1/thumb/v8-m.main+fp/softfp\libgcc.a(_aeabi_ldivmod.o) (__aeabi_ldiv0)
C:/Users/nahue/.pico-sdk/toolchain/14_2_Rel1/bin/../lib/gcc/arm-none-eabi/14.2.1/thumb/v8-m.main+fp/softfp\libg.a(libc_a-calloc.o)
                              CMakeFiles/Test_1.dir/C_/Users/nahue/.pico-sdk/sdk/2.2.0/src/rp2_common/pico_malloc/malloc.c.obj (calloc)
C:/Users/nahue/.pico-sdk/toolchain/14_2_Rel1/bin/../lib/gcc/arm-none-eabi/14.2.1/thumb/v8-m.main+fp/softfp\libg.a(libc_a-callocr.o)
                              C:/Users/nahue/.pico-sdk/toolchain/14_2_Rel1/bin/../lib/gcc/arm-none-eabi/14.2.1/thumb/v8-m.main+fp/softfp\libg.a(libc_a-calloc.o) (_calloc_r)
C:/Users/nahue/.pico-sdk/toolchain/14_2_Rel1/bin/../lib/gcc/arm-none-eabi/14.2.1/thumb/v8-m.main+fp/softfp\libg.a(libc_a-malloc.o)
                              CMakeFiles/Test_1.dir/C_/Users/nahue/.pico-sdk/sdk/2.2.0/src/rp2_common/pico_malloc/malloc.c.obj (malloc)
C:/Users/nahue/.pico-sdk/toolchain/14_2_Rel1/bin/../lib/gcc/arm-none-eabi/14.2.1/thumb/v8-m.main+fp/softfp\libg.a(libc_a-mallocr.o)
                              C:/Users/nahue/.pico-sdk/toolchain/14_2_Rel1/bin/../lib/gcc/arm-none-eabi/14.2.1/thumb/v8-m.main+fp/softfp\libg.a(libc_a-callocr.o) (_malloc_r)
C:/Users/nahue/.pico-sdk/toolchain/14_2_Rel1/bin/../lib/gcc/arm-none-eabi/14.2.1/thumb/v8-m.main+fp/softfp\libg.a(libc_a-mlock.o)
                              C:/Users/nahue/.pico-sdk/toolchain/14_2_Rel1/bin/../lib/gcc/arm-none-eabi/14.2.1/thumb/v8-m.main+fp/softfp\libg.a(libc_a-mallocr.o) (__malloc_lock)
C:/Users/nahue/.pico-sdk/toolchain/14_2_Rel1/bin/../lib/gcc/arm-none-eabi/14.2.1/thumb/v8-m.main+fp/softfp\libg.a(libc_a-realloc.o)
                              CMakeFiles/Test_1.dir/C_/Users/nahue/.pico-sdk/sdk/2.2.0/src/rp2_common/pico_malloc/malloc.c.obj (realloc)
C:/Users/nahue/.pico-sdk/toolchain/14_2_Rel1/bin/../lib/gcc/arm-none-eabi/14.2.1/thumb/v8-m.main+fp/softfp\libg.a(libc_a-reallocr.o)
                              C:/Users/nahue/.pico-sdk/toolchain/14_2_Rel1/bin/../lib/gcc/arm-none-eabi/14.2.1/thumb/v8-m.main+fp/softfp\libg.a(libc_a-realloc.o) (_realloc_r)
C:/Users/nahue/.pico-sdk/toolchain/14_2_Rel1/bin/../lib/gcc/arm-none-eabi/14.2.1/thumb/v8-m.main+fp/softfp\libg.a(libc_a-memcmp.o)
                              CMakeFiles/Test_1.dir/C_/Users/nahue/.pico-sdk/sdk/2.2.0/src/rp2_common/pico_atomic/atomic.c.obj (memcmp)
C:/Users/nahue/.pico-sdk/toolchain/14_2_Rel1/bin/../lib/gcc/arm-none-eabi/14.2.1/thumb/v8-m.main+fp/softfp\libg.a(libc_a-memmove.o)
                              C:/Users/nahue/.pico-sdk/toolchain/14_2_Rel1/bin/../lib/gcc/arm-none-eabi/14.2.1/thumb/v8-m.main+fp/softfp\libg.a(libc_a-reallocr.o) (memmove)
C:/Users/nahue/.pico-sdk/toolchain/14_2_Rel1/bin/../lib/gcc/arm-none-eabi/14.2.1/thumb/v8-m.main+fp/softfp\libg.a(libc_a-memset.o)
[...]
Memory Configuration

Name             Origin             Length             Attributes
FLASH            0x10000000         0x00400000         xr
RAM              0x20000000         0x00080000         xrw
SCRATCH_X        0x20080000         0x00001000         xrw
SCRATCH_Y        0x20081000         0x00001000         xrw
*default*        0x00000000         0xffffffff

Linker script and memory map

LOAD C:/Users/nahue/.pico-sdk/toolchain/14_2_Rel1/bin/../lib/gcc/arm-none-eabi/14.2.1/thumb/v8-m.main+fp/softfp/crti.o
LOAD C:/Users/nahue/.pico-sdk/toolchain/14_2_Rel1/bin/../lib/gcc/arm-none-eabi/14.2.1/thumb/v8-m.main+fp/softfp/crtbegin.o
LOAD C:/Users/nahue/.pico-sdk/toolchain/14_2_Rel1/bin/../lib/gcc/arm-none-eabi/14.2.1/thumb/v8-m.main+fp/softfp/crt0.o

.flash_begin    0x10000000        0x0
                0x10000000                        __flash_binary_start = .

.text           0x10000000     0x6990
                0x10000000                        __logical_binary_start = .
 *(.vectors)
 .vectors       0x10000000      0x124 CMakeFiles/Test_1.dir/C_/Users/nahue/.pico-sdk/sdk/2.2.0/src/rp2_common/pico_crt0/crt0.S.obj
                0x10000000                __VECTOR_TABLE
                0x10000000                __vectors
                0x10000110                __unhandled_user_irq
                0x10000110                isr_irq49
                0x10000110                isr_irq13
                0x10000110                isr_irq43
                0x10000110                isr_irq45
                0x10000110                isr_irq27
                0x10000110                isr_irq32
                0x10000110                isr_irq31
                0x10000110                isr_irq12
                0x10000110                isr_irq5
                0x10000110                isr_irq11
                0x10000110                isr_irq3
                0x10000110                isr_irq23
                0x10000110                isr_usagefault
                0x10000110                isr_irq48
                0x10000110                isr_irq30
                0x10000110                isr_irq18
                0x10000110                isr_irq50
                0x10000110                isr_irq33
                0x10000110                isr_irq40
                0x10000110                isr_irq28
                0x10000110                isr_irq19
                0x10000110                isr_irq36
                0x10000110                isr_irq41
                0x10000110                isr_irq0
                0x10000110                isr_irq6
                0x10000110                isr_irq26
                0x10000110                isr_irq29
                0x10000110                isr_memmanage
                0x10000110                isr_irq37
                0x10000110                isr_irq42
                0x10000110                isr_irq22
                0x10000110                isr_irq35
                0x10000110                isr_irq17
                0x10000110                isr_irq38
                0x10000110                isr_irq14
                0x10000110                __vectors_end
                0x10000110                __default_isrs_start
                0x10000110                isr_irq2
                0x10000110                isr_irq10
                0x10000110                isr_irq8
                0x10000110                isr_debugmonitor
                0x10000110                isr_irq24
                0x10000110                isr_irq46
                0x10000110                isr_irq1
                0x10000110                isr_irq47
                0x10000110                isr_irq51
                0x10000110                isr_irq7
                0x10000110                isr_irq21
                0x10000110                isr_irq39
                0x10000110                isr_irq20
                0x10000110                isr_irq15
                0x10000110                isr_irq25
                0x10000110                isr_irq34
                0x10000110                isr_irq44
                0x10000110                isr_securefault
                0x10000110                isr_irq4
                0x10000110                isr_busfault
                0x10000110                isr_irq16
                0x10000110                isr_irq9
                0x10000116                unhandled_user_irq_num_in_r0
                0x10000118                isr_invalid
                0x1000011a                isr_nmi
                0x1000011c                isr_hardfault
                0x1000011e                isr_svcall
                0x10000120                isr_pendsv
                0x10000122                isr_systick
                0x10000124                __default_isrs_end
 *(.binary_info_header)
 .binary_info_header
                0x10000124       0x14 CMakeFiles/Test_1.dir/C_/Users/nahue/.pico-sdk/sdk/2.2.0/src/rp2_common/pico_crt0/crt0.S.obj
                0x10000138                        __binary_info_header_end = .
 *(.embedded_block)
 .embedded_block
                0x10000138       0x14 CMakeFiles/Test_1.dir/C_/Users/nahue/.pico-sdk/sdk/2.2.0/src/rp2_common/pico_crt0/crt0.S.obj
                0x1000014c                        __embedded_block_end = .
 *(.reset)
 .reset         0x1000014c       0x98 CMakeFiles/Test_1.dir/C_/Users/nahue/.pico-sdk/sdk/2.2.0/src/rp2_common/pico_crt0/crt0.S.obj
                0x1000014c                _entry_point
 *(.init)
 .init          0x100001e4        0x4 C:/Users/nahue/.pico-sdk/toolchain/14_2_Rel1/bin/../lib/gcc/arm-none-eabi/14.2.1/thumb/v8-m.main+fp/softfp/crti.o
                0x100001e4                _init
 SORT_BY_NAME(REVERSE(*libgcc.a:cmse_nonsecure_call.o))()
 *(EXCLUDE_FILE(*libm.a: *libc.a:*lib_a-mem*.o *libgcc.a:) .text*)
 .text.register_tm_clones
                0x100001e8       0x28 C:/Users/nahue/.pico-sdk/toolchain/14_2_Rel1/bin/../lib/gcc/arm-none-eabi/14.2.1/thumb/v8-m.main+fp/softfp/crtbegin.o
 .text.frame_dummy
                0x10000210       0x24 C:/Users/nahue/.pico-sdk/toolchain/14_2_Rel1/bin/../lib/gcc/arm-none-eabi/14.2.1/thumb/v8-m.main+fp/softfp/crtbegin.o
 .text.pin_mode_output
                0x10000234        0xc CMakeFiles/Test_1.dir/Test_1.c.obj
 .text.pin_mode_input
                0x10000240        0xc CMakeFiles/Test_1.dir/Test_1.c.obj
 .text.pin_write_high
                0x1000024c        0xc CMakeFiles/Test_1.dir/Test_1.c.obj
 .text.pin_write_low
                0x10000258        0xc CMakeFiles/Test_1.dir/Test_1.c.obj
 .text.pin_read
                0x10000264        0xc CMakeFiles/Test_1.dir/Test_1.c.obj
 .text.delay_us
                0x10000270        0x8 CMakeFiles/Test_1.dir/Test_1.c.obj
 .text.startup.main
                0x10000278      0x1d0 CMakeFiles/Test_1.dir/Test_1.c.obj
                0x10000278                main
 .text.gpio_set_function
                0x10000448       0x3c CMakeFiles/Test_1.dir/C_/Users/nahue/.pico-sdk/sdk/2.2.0/src/rp2_common/hardware_gpio/gpio.c.obj
                0x10000448                gpio_set_function
 .text.gpio_init
                0x10000484       0x48 CMakeFiles/Test_1.dir/C_/Users/nahue/.pico-sdk/sdk/2.2.0/src/rp2_common/hardware_gpio/gpio.c.obj
                0x10000484                gpio_init
 .text.panic    0x100004cc       0x30 CMakeFiles/Test_1.dir/C_/Users/nahue/.pico-sdk/sdk/2.2.0/src/rp2_common/pico_platform_panic/panic.c.obj
                0x100004cc                panic
 .text.hw_claim_or_assert
                0x100004fc       0x58 CMakeFiles/Test_1.dir/C_/Users/nahue/.pico-sdk/sdk/2.2.0/src/common/hardware_claim/claim.c.obj
                0x100004fc                hw_claim_or_assert
 .text.hw_claim_unused_from_range
                0x10000554       0x80 CMakeFiles/Test_1.dir/C_/Users/nahue/.pico-sdk/sdk/2.2.0/src/common/hardware_claim/claim.c.obj
                0x10000554                hw_claim_unused_from_range
 .text.next_striped_spin_lock_num
                0x100005d4       0x18 CMakeFiles/Test_1.dir/C_/Users/nahue/.pico-sdk/sdk/2.2.0/src/rp2_common/hardware_sync/sync.c.obj
                0x100005d4                next_striped_spin_lock_num
 .text.spin_lock_claim_unused
                0x100005ec       0x20 CMakeFiles/Test_1.dir/C_/Users/nahue/.pico-sdk/sdk/2.2.0/src/rp2_common/hardware_sync/sync.c.obj
                0x100005ec                spin_lock_claim_unused
 .text.spinlock_set_extexclall
                0x1000060c       0x10 CMakeFiles/Test_1.dir/C_/Users/nahue/.pico-sdk/sdk/2.2.0/src/rp2_common/hardware_sync_spin_lock/sync_spin_lock.c.obj
 .text.spin_locks_reset
                0x1000061c       0x18 CMakeFiles/Test_1.dir/C_/Users/nahue/.pico-sdk/sdk/2.2.0/src/rp2_common/hardware_sync_spin_lock/sync_spin_lock.c.obj
                0x1000061c                spin_locks_reset
 .text.runtime_init_per_core_irq_priorities
                0x10000634       0x40 CMakeFiles/Test_1.dir/C_/Users/nahue/.pico-sdk/sdk/2.2.0/src/rp2_common/hardware_irq/irq.c.obj
                0x10000634                runtime_init_per_core_irq_priorities
 .text.irq_set_enabled
                0x10000674       0x2c CMakeFiles/Test_1.dir/C_/Users/nahue/.pico-sdk/sdk/2.2.0/src/rp2_common/hardware_irq/irq.c.obj
                0x10000674                irq_set_enabled
 .text.irq_is_enabled
                0x100006a0       0x20 CMakeFiles/Test_1.dir/C_/Users/nahue/.pico-sdk/sdk/2.2.0/src/rp2_common/hardware_irq/irq.c.obj
                0x100006a0                irq_is_enabled
 .text.irq_set_pending
                0x100006c0       0x18 CMakeFiles/Test_1.dir/C_/Users/nahue/.pico-sdk/sdk/2.2.0/src/rp2_common/hardware_irq/irq.c.obj
                0x100006c0                irq_set_pending
 .text.irq_has_shared_handler
                0x100006d8       0x20 CMakeFiles/Test_1.dir/C_/Users/nahue/.pico-sdk/sdk/2.2.0/src/rp2_common/hardware_irq/irq.c.obj
                0x100006d8                irq_has_shared_handler
 .text.irq_set_exclusive_handler
                0x100006f8       0x60 CMakeFiles/Test_1.dir/C_/Users/nahue/.pico-sdk/sdk/2.2.0/src/rp2_common/hardware_irq/irq.c.obj
                0x100006f8                irq_set_exclusive_handler
 .text.irq_add_shared_handler
                0x10000758      0x1e8 CMakeFiles/Test_1.dir/C_/Users/nahue/.pico-sdk/sdk/2.2.0/src/rp2_common/hardware_irq/irq.c.obj
                0x10000758                irq_add_shared_handler
 .text.irq_remove_handler
                0x10000940      0x1f4 CMakeFiles/Test_1.dir/C_/Users/nahue/.pico-sdk/sdk/2.2.0/src/rp2_common/hardware_irq/irq.c.obj
                0x10000940                irq_remove_handler
 .text.irq_add_tail_to_free_list
                0x10000b34       0xbc CMakeFiles/Test_1.dir/C_/Users/nahue/.pico-sdk/sdk/2.2.0/src/rp2_common/hardware_irq/irq.c.obj
                0x10000b34                irq_add_tail_to_free_list
 .text.user_irq_claim_unused
                0x10000bf0       0x28 CMakeFiles/Test_1.dir/C_/Users/nahue/.pico-sdk/sdk/2.2.0/src/rp2_common/hardware_irq/irq.c.obj
                0x10000bf0                user_irq_claim_unused
 .text.lock_init
                0x10000c18        0xc CMakeFiles/Test_1.dir/C_/Users/nahue/.pico-sdk/sdk/2.2.0/src/common/pico_sync/lock_core.c.obj
                0x10000c18                lock_init
 .text.runtime_init_mutex
                0x10000c24       0x4c CMakeFiles/Test_1.dir/C_/Users/nahue/.pico-sdk/sdk/2.2.0/src/common/pico_sync/mutex.c.obj
                0x10000c24                runtime_init_mutex
 .text.mutex_init
                0x10000c70       0x1c CMakeFiles/Test_1.dir/C_/Users/nahue/.pico-sdk/sdk/2.2.0/src/common/pico_sync/mutex.c.obj
                0x10000c70                mutex_init
 .text.critical_section_init
                0x10000c8c       0x1c CMakeFiles/Test_1.dir/C_/Users/nahue/.pico-sdk/sdk/2.2.0/src/common/pico_sync/critical_section.c.obj
                0x10000c8c                critical_section_init
 .text.critical_section_init_with_lock_num
                0x10000ca8       0x10 CMakeFiles/Test_1.dir/C_/Users/nahue/.pico-sdk/sdk/2.2.0/src/common/pico_sync/critical_section.c.obj
                0x10000ca8                critical_section_init_with_lock_num
 .text.sleep_until_callback
                0x10000cb8       0x3c CMakeFiles/Test_1.dir/C_/Users/nahue/.pico-sdk/sdk/2.2.0/src/common/pico_time/time.c.obj
 *fill*         0x10000cf4        0x4 
 .text.alarm_pool_irq_handler
                0x10000cf8      0x2f0 CMakeFiles/Test_1.dir/C_/Users/nahue/.pico-sdk/sdk/2.2.0/src/common/pico_time/time.c.obj
 .text.runtime_init_default_alarm_pool
                0x10000fe8      0x100 CMakeFiles/Test_1.dir/C_/Users/nahue/.pico-sdk/sdk/2.2.0/src/common/pico_time/time.c.obj
                0x10000fe8                runtime_init_default_alarm_pool
 .text.alarm_pool_get_default
                0x100010e8        0x8 CMakeFiles/Test_1.dir/C_/Users/nahue/.pico-sdk/sdk/2.2.0/src/common/pico_time/time.c.obj
                0x100010e8                alarm_pool_get_default
 .text.alarm_pool_add_alarm_at
                0x100010f0       0xdc CMakeFiles/Test_1.dir/C_/Users/nahue/.pico-sdk/sdk/2.2.0/src/common/pico_time/time.c.obj
                0x100010f0                alarm_pool_add_alarm_at
 .text.alarm_pool_add_alarm_at_force_in_context
                0x100011cc       0xc8 CMakeFiles/Test_1.dir/C_/Users/nahue/.pico-sdk/sdk/2.2.0/src/common/pico_time/time.c.obj
                0x100011cc                alarm_pool_add_alarm_at_force_in_context
 .text.alarm_pool_cancel_alarm
                0x10001294       0x80 CMakeFiles/Test_1.dir/C_/Users/nahue/.pico-sdk/sdk/2.2.0/src/common/pico_time/time.c.obj
                0x10001294                alarm_pool_cancel_alarm
 .text.alarm_pool_core_num
                0x10001314        0x4 CMakeFiles/Test_1.dir/C_/Users/nahue/.pico-sdk/sdk/2.2.0/src/common/pico_time/time.c.obj
                0x10001314                alarm_pool_core_num
 .text.sleep_us
                0x10001318       0xd8 CMakeFiles/Test_1.dir/C_/Users/nahue/.pico-sdk/sdk/2.2.0/src/common/pico_time/time.c.obj
                0x10001318                sleep_us
 .text.sleep_ms
                0x100013f0       0xdc CMakeFiles/Test_1.dir/C_/Users/nahue/.pico-sdk/sdk/2.2.0/src/common/pico_time/time.c.obj
                0x100013f0                sleep_ms
 .text.best_effort_wfe_or_timeout
                0x100014cc       0xd4 CMakeFiles/Test_1.dir/C_/Users/nahue/.pico-sdk/sdk/2.2.0/src/common/pico_time/time.c.obj
                0x100014cc                best_effort_wfe_or_timeout
 .text.timer_hardware_alarm_claim
                0x100015a0       0x24 CMakeFiles/Test_1.dir/C_/Users/nahue/.pico-sdk/sdk/2.2.0/src/rp2_common/hardware_timer/timer.c.obj
                0x100015a0                timer_hardware_alarm_claim
 .text.timer_time_us_64
                0x100015c4       0x10 CMakeFiles/Test_1.dir/C_/Users/nahue/.pico-sdk/sdk/2.2.0/src/rp2_common/hardware_timer/timer.c.obj
                0x100015c4                timer_time_us_64
 .text.time_us_64
                0x100015d4       0x14 CMakeFiles/Test_1.dir/C_/Users/nahue/.pico-sdk/sdk/2.2.0/src/rp2_common/hardware_timer/timer.c.obj
                0x100015d4                time_us_64
 .text.busy_wait_us
                0x100015e8       0x5c CMakeFiles/Test_1.dir/C_/Users/nahue/.pico-sdk/sdk/2.2.0/src/rp2_common/hardware_timer/timer.c.obj
                0x100015e8                busy_wait_us
 .text.busy_wait_until
                0x10001644       0x24 CMakeFiles/Test_1.dir/C_/Users/nahue/.pico-sdk/sdk/2.2.0/src/rp2_common/hardware_timer/timer.c.obj
                0x10001644                busy_wait_until
 .text.uart_init
                0x10001668      0x104 CMakeFiles/Test_1.dir/C_/Users/nahue/.pico-sdk/sdk/2.2.0/src/rp2_common/hardware_uart/uart.c.obj
                0x10001668                uart_init
 .text.clock_configure_undivided
                0x1000176c       0xd0 CMakeFiles/Test_1.dir/C_/Users/nahue/.pico-sdk/sdk/2.2.0/src/rp2_common/hardware_clocks/clocks.c.obj
                0x1000176c                clock_configure_undivided
 .text.clock_get_hz
                0x1000183c        0xc CMakeFiles/Test_1.dir/C_/Users/nahue/.pico-sdk/sdk/2.2.0/src/rp2_common/hardware_clocks/clocks.c.obj
                0x1000183c                clock_get_hz
 .text.pll_init
                0x10001848       0x8c CMakeFiles/Test_1.dir/C_/Users/nahue/.pico-sdk/sdk/2.2.0/src/rp2_common/hardware_pll/pll.c.obj
                0x10001848                pll_init
 .text.watchdog_reboot
                0x100018d4       0x98 CMakeFiles/Test_1.dir/C_/Users/nahue/.pico-sdk/sdk/2.2.0/src/rp2_common/hardware_watchdog/watchdog.c.obj
                0x100018d4                watchdog_reboot
 .text.tick_start
                0x1000196c       0x18 CMakeFiles/Test_1.dir/C_/Users/nahue/.pico-sdk/sdk/2.2.0/src/rp2_common/hardware_ticks/ticks.c.obj
                0x1000196c                tick_start
 .text.rom_reboot.constprop.0.isra.0
                0x10001984       0x34 CMakeFiles/Test_1.dir/C_/Users/nahue/.pico-sdk/sdk/2.2.0/src/rp2_common/pico_bootrom/bootrom.c.obj
 .text.rom_func_lookup
                0x100019b8       0x18 CMakeFiles/Test_1.dir/C_/Users/nahue/.pico-sdk/sdk/2.2.0/src/rp2_common/pico_bootrom/bootrom.c.obj
                0x100019b8                rom_func_lookup
 .text.rom_reset_usb_boot_extra
                0x100019d0       0x1c CMakeFiles/Test_1.dir/C_/Users/nahue/.pico-sdk/sdk/2.2.0/src/rp2_common/pico_bootrom/bootrom.c.obj
                0x100019d0                rom_reset_usb_boot_extra
 .text.runtime_init_bootrom_locking_enable
                0x100019ec       0x14 CMakeFiles/Test_1.dir/C_/Users/nahue/.pico-sdk/sdk/2.2.0/src/rp2_common/pico_bootrom/bootrom_lock.c.obj
                0x100019ec                runtime_init_bootrom_locking_enable
 .text.runtime_init_boot_locks_reset
                0x10001a00       0x1c CMakeFiles/Test_1.dir/C_/Users/nahue/.pico-sdk/sdk/2.2.0/src/rp2_common/hardware_boot_lock/boot_lock.c.obj
                0x10001a00                runtime_init_boot_locks_reset
 .text.xosc_init
                0x10001a1c       0x30 CMakeFiles/Test_1.dir/C_/Users/nahue/.pico-sdk/sdk/2.2.0/src/rp2_common/hardware_xosc/xosc.c.obj
                0x10001a1c                xosc_init
 .text.first_per_core_initializer
                0x10001a4c        0x4 CMakeFiles/Test_1.dir/C_/Users/nahue/.pico-sdk/sdk/2.2.0/src/rp2_common/pico_runtime/runtime.c.obj
 .text.hard_assertion_failure
                0x10001a50        0xc CMakeFiles/Test_1.dir/C_/Users/nahue/.pico-sdk/sdk/2.2.0/src/rp2_common/pico_runtime/runtime.c.obj
                0x10001a50                hard_assertion_failure
 .text.runtime_run_initializers
                0x10001a5c       0x20 CMakeFiles/Test_1.dir/C_/Users/nahue/.pico-sdk/sdk/2.2.0/src/rp2_common/pico_runtime/runtime.c.obj
                0x10001a5c                runtime_run_initializers
 .text.runtime_init_early_resets
                0x10001a7c       0x34 CMakeFiles/Test_1.dir/C_/Users/nahue/.pico-sdk/sdk/2.2.0/src/rp2_common/pico_runtime_init/runtime_init.c.obj
                0x10001a7c                runtime_init_early_resets
 .text.runtime_init_usb_power_down
                0x10001ab0       0x1c CMakeFiles/Test_1.dir/C_/Users/nahue/.pico-sdk/sdk/2.2.0/src/rp2_common/pico_runtime_init/runtime_init.c.obj
                0x10001ab0                runtime_init_usb_power_down
 .text.runtime_init_per_core_enable_coprocessors
                0x10001acc       0x1c CMakeFiles/Test_1.dir/C_/Users/nahue/.pico-sdk/sdk/2.2.0/src/rp2_common/pico_runtime_init/runtime_init.c.obj
                0x10001acc                runtime_init_per_core_enable_coprocessors
 .text.runtime_init_post_clock_resets
                0x10001ae8       0x20 CMakeFiles/Test_1.dir/C_/Users/nahue/.pico-sdk/sdk/2.2.0/src/rp2_common/pico_runtime_init/runtime_init.c.obj
                0x10001ae8                runtime_init_post_clock_resets
 .text.runtime_init_bootrom_reset
                0x10001b08       0x14 CMakeFiles/Test_1.dir/C_/Users/nahue/.pico-sdk/sdk/2.2.0/src/rp2_common/pico_runtime_init/runtime_init.c.obj
                0x10001b08                runtime_init_bootrom_reset
 .text.runtime_init_per_core_bootrom_reset
                0x10001b1c       0x14 CMakeFiles/Test_1.dir/C_/Users/nahue/.pico-sdk/sdk/2.2.0/src/rp2_common/pico_runtime_init/runtime_init.c.obj
                0x10001b1c                runtime_init_per_core_bootrom_reset
 .text.runtime_init_spin_locks_reset
                0x10001b30        0x4 CMakeFiles/Test_1.dir/C_/Users/nahue/.pico-sdk/sdk/2.2.0/src/rp2_common/pico_runtime_init/runtime_init.c.obj
                0x10001b30                runtime_init_spin_locks_reset
 .text.runtime_init_install_ram_vector_table
                0x10001b34       0x68 CMakeFiles/Test_1.dir/C_/Users/nahue/.pico-sdk/sdk/2.2.0/src/rp2_common/pico_runtime_init/runtime_init.c.obj
                0x10001b34                runtime_init_install_ram_vector_table
 .text.runtime_init_clocks
                0x10001b9c       0xdc CMakeFiles/Test_1.dir/C_/Users/nahue/.pico-sdk/sdk/2.2.0/src/rp2_common/pico_runtime_init/runtime_init_clocks.c.obj
                0x10001b9c                runtime_init_clocks
 .text.__rp2350_dcp_engaged_state_save_restore
                0x10001c78       0x3a CMakeFiles/Test_1.dir/C_/Users/nahue/.pico-sdk/sdk/2.2.0/src/rp2_common/pico_double/double_aeabi_dcp.S.obj
 *fill*         0x10001cb2        0x2 
 .text.__wrap___aeabi_dadd
                0x10001cb4       0x28 CMakeFiles/Test_1.dir/C_/Users/nahue/.pico-sdk/sdk/2.2.0/src/rp2_common/pico_double/double_aeabi_dcp.S.obj
                0x10001cbc                __wrap___aeabi_dadd
 .text.__wrap___aeabi_dsub
                0x10001cdc       0x28 CMakeFiles/Test_1.dir/C_/Users/nahue/.pico-sdk/sdk/2.2.0/src/rp2_common/pico_double/double_aeabi_dcp.S.obj
                0x10001ce4                __wrap___aeabi_dsub
 .text.__wrap___aeabi_dmul
                0x10001d04       0x4c CMakeFiles/Test_1.dir/C_/Users/nahue/.pico-sdk/sdk/2.2.0/src/rp2_common/pico_double/double_aeabi_dcp.S.obj
                0x10001d0c                __wrap___aeabi_dmul
 .text.__wrap___aeabi_ddiv
                0x10001d50       0x9c CMakeFiles/Test_1.dir/C_/Users/nahue/.pico-sdk/sdk/2.2.0/src/rp2_common/pico_double/double_aeabi_dcp.S.obj
                0x10001d58                __wrap___aeabi_ddiv
 .text.__wrap___aeabi_i2d
                0x10001dec       0x24 CMakeFiles/Test_1.dir/C_/Users/nahue/.pico-sdk/sdk/2.2.0/src/rp2_common/pico_double/double_aeabi_dcp.S.obj
                0x10001df4                int2double
                0x10001df4                __wrap___aeabi_i2d
 .text.__wrap___aeabi_ui2d
                0x10001e10       0x24 CMakeFiles/Test_1.dir/C_/Users/nahue/.pico-sdk/sdk/2.2.0/src/rp2_common/pico_double/double_aeabi_dcp.S.obj
                0x10001e18                uint2double
                0x10001e18                __wrap___aeabi_ui2d
 .text.__wrap___aeabi_d2iz
                0x10001e34       0x24 CMakeFiles/Test_1.dir/C_/Users/nahue/.pico-sdk/sdk/2.2.0/src/rp2_common/pico_double/double_aeabi_dcp.S.obj
                0x10001e3c                double2int_z
                0x10001e3c                __wrap___aeabi_d2iz
 .text.__wrap___aeabi_d2uiz
                0x10001e58       0x24 CMakeFiles/Test_1.dir/C_/Users/nahue/.pico-sdk/sdk/2.2.0/src/rp2_common/pico_double/double_aeabi_dcp.S.obj
                0x10001e60                double2uint
                0x10001e60                __wrap___aeabi_d2uiz
                0x10001e60                double2uint_z
 .text.__wrap___aeabi_dcmpun
                0x10001e7c       0x24 CMakeFiles/Test_1.dir/C_/Users/nahue/.pico-sdk/sdk/2.2.0/src/rp2_common/pico_double/double_aeabi_dcp.S.obj
                0x10001e84                __wrap___aeabi_dcmpun
 .text.__wrap___aeabi_dcmplt
                0x10001ea0       0x28 CMakeFiles/Test_1.dir/C_/Users/nahue/.pico-sdk/sdk/2.2.0/src/rp2_common/pico_double/double_aeabi_dcp.S.obj
                0x10001ea8                __wrap___aeabi_dcmplt
 .text.__wrap___aeabi_dcmple
                0x10001ec8       0x28 CMakeFiles/Test_1.dir/C_/Users/nahue/.pico-sdk/sdk/2.2.0/src/rp2_common/pico_double/double_aeabi_dcp.S.obj
                0x10001ed0                __wrap___aeabi_dcmple
 .text.__wrap___aeabi_dcmpge
                0x10001ef0       0x28 CMakeFiles/Test_1.dir/C_/Users/nahue/.pico-sdk/sdk/2.2.0/src/rp2_common/pico_double/double_aeabi_dcp.S.obj
                0x10001ef8                __wrap___aeabi_dcmpge
 .text.__wrap___aeabi_dcmpgt
                0x10001f18       0x28 CMakeFiles/Test_1.dir/C_/Users/nahue/.pico-sdk/sdk/2.2.0/src/rp2_common/pico_double/double_aeabi_dcp.S.obj
                0x10001f20                __wrap___aeabi_dcmpgt
 .text._out_null
                0x10001f40        0x4 CMakeFiles/Test_1.dir/C_/Users/nahue/.pico-sdk/sdk/2.2.0/src/rp2_common/pico_printf/printf.c.obj
 .text._out_rev
                0x10001f44       0x9c CMakeFiles/Test_1.dir/C_/Users/nahue/.pico-sdk/sdk/2.2.0/src/rp2_common/pico_printf/printf.c.obj
 .text._ntoa_format
                0x10001fe0      0x1d4 CMakeFiles/Test_1.dir/C_/Users/nahue/.pico-sdk/sdk/2.2.0/src/rp2_common/pico_printf/printf.c.obj
 .text._out_char
                0x100021b4        0x8 CMakeFiles/Test_1.dir/C_/Users/nahue/.pico-sdk/sdk/2.2.0/src/rp2_common/pico_printf/printf.c.obj
 .text._out_fct
                0x100021bc        0xc CMakeFiles/Test_1.dir/C_/Users/nahue/.pico-sdk/sdk/2.2.0/src/rp2_common/pico_printf/printf.c.obj
 .text._ftoa    0x100021c8      0x4bc CMakeFiles/Test_1.dir/C_/Users/nahue/.pico-sdk/sdk/2.2.0/src/rp2_common/pico_printf/printf.c.obj
 *fill*         0x10002684        0x4 
 .text._etoa    0x10002688      0x574 CMakeFiles/Test_1.dir/C_/Users/nahue/.pico-sdk/sdk/2.2.0/src/rp2_common/pico_printf/printf.c.obj
 .text._vsnprintf
                0x10002bfc      0x9e4 CMakeFiles/Test_1.dir/C_/Users/nahue/.pico-sdk/sdk/2.2.0/src/rp2_common/pico_printf/printf.c.obj
 .text.vfctprintf
                0x100035e0       0x28 CMakeFiles/Test_1.dir/C_/Users/nahue/.pico-sdk/sdk/2.2.0/src/rp2_common/pico_printf/printf.c.obj
                0x100035e0                vfctprintf
 .text.weak_raw_vprintf
                0x10003608       0x30 CMakeFiles/Test_1.dir/C_/Users/nahue/.pico-sdk/sdk/2.2.0/src/rp2_common/pico_printf/printf.c.obj
                0x10003608                weak_raw_vprintf
 .text._exit    0x10003638        0x4 CMakeFiles/Test_1.dir/C_/Users/nahue/.pico-sdk/sdk/2.2.0/src/rp2_common/pico_clib_interface/newlib_interface.c.obj
                0x10003638                _exit
 .text.exit     0x1000363c        0x8 CMakeFiles/Test_1.dir/C_/Users/nahue/.pico-sdk/sdk/2.2.0/src/rp2_common/pico_clib_interface/newlib_interface.c.obj
                0x1000363c                exit
 .text.runtime_init
                0x10003644       0x24 CMakeFiles/Test_1.dir/C_/Users/nahue/.pico-sdk/sdk/2.2.0/src/rp2_common/pico_clib_interface/newlib_interface.c.obj
                0x10003644                runtime_init
 .text.stdio_out_chars_no_crlf
                0x10003668        0x8 CMakeFiles/Test_1.dir/C_/Users/nahue/.pico-sdk/sdk/2.2.0/src/rp2_common/pico_stdio/stdio.c.obj
 .text.stdio_out_chars_crlf
                0x10003670       0xb0 CMakeFiles/Test_1.dir/C_/Users/nahue/.pico-sdk/sdk/2.2.0/src/rp2_common/pico_stdio/stdio.c.obj
 .text.stdio_buffered_printer
                0x10003720       0x60 CMakeFiles/Test_1.dir/C_/Users/nahue/.pico-sdk/sdk/2.2.0/src/rp2_common/pico_stdio/stdio.c.obj
 .text.stdio_put_string
                0x10003780       0xec CMakeFiles/Test_1.dir/C_/Users/nahue/.pico-sdk/sdk/2.2.0/src/rp2_common/pico_stdio/stdio.c.obj
                0x10003780                stdio_put_string
 .text.stdio_set_driver_enabled
                0x1000386c       0x28 CMakeFiles/Test_1.dir/C_/Users/nahue/.pico-sdk/sdk/2.2.0/src/rp2_common/pico_stdio/stdio.c.obj
                0x1000386c                stdio_set_driver_enabled
 .text.stdio_init_all
                0x10003894       0x10 CMakeFiles/Test_1.dir/C_/Users/nahue/.pico-sdk/sdk/2.2.0/src/rp2_common/pico_stdio/stdio.c.obj
                0x10003894                stdio_init_all
 .text.__wrap_putchar
                0x100038a4       0x84 CMakeFiles/Test_1.dir/C_/Users/nahue/.pico-sdk/sdk/2.2.0/src/rp2_common/pico_stdio/stdio.c.obj
                0x100038a4                __wrap_putchar
                0x100038a4                stdio_putchar
 .text.__wrap_puts
                0x10003928       0x3c CMakeFiles/Test_1.dir/C_/Users/nahue/.pico-sdk/sdk/2.2.0/src/rp2_common/pico_stdio/stdio.c.obj
                0x10003928                stdio_puts
                0x10003928                __wrap_puts
 .text.__wrap_vprintf
                0x10003964       0xc4 CMakeFiles/Test_1.dir/C_/Users/nahue/.pico-sdk/sdk/2.2.0/src/rp2_common/pico_stdio/stdio.c.obj
                0x10003964                stdio_vprintf
                0x10003964                __wrap_vprintf
 .text.__wrap_printf
                0x10003a28       0x1c CMakeFiles/Test_1.dir/C_/Users/nahue/.pico-sdk/sdk/2.2.0/src/rp2_common/pico_stdio/stdio.c.obj
                0x10003a28                __wrap_printf
                0x10003a28                stdio_printf
 .text.stdio_uart_out_chars
                0x10003a44       0x50 CMakeFiles/Test_1.dir/C_/Users/nahue/.pico-sdk/sdk/2.2.0/src/rp2_common/pico_stdio_uart/stdio_uart.c.obj
 .text.stdio_uart_in_chars
                0x10003a94       0x94 CMakeFiles/Test_1.dir/C_/Users/nahue/.pico-sdk/sdk/2.2.0/src/rp2_common/pico_stdio_uart/stdio_uart.c.obj
                0x10003a94                stdio_uart_in_chars
 .text.on_uart_rx
                0x10003b28       0x24 CMakeFiles/Test_1.dir/C_/Users/nahue/.pico-sdk/sdk/2.2.0/src/rp2_common/pico_stdio_uart/stdio_uart.c.obj
 .text.stdio_uart_out_flush
                0x10003b4c       0x10 CMakeFiles/Test_1.dir/C_/Users/nahue/.pico-sdk/sdk/2.2.0/src/rp2_common/pico_stdio_uart/stdio_uart.c.obj
 .text.stdio_uart_set_chars_available_callback
                0x10003b5c       0x88 CMakeFiles/Test_1.dir/C_/Users/nahue/.pico-sdk/sdk/2.2.0/src/rp2_common/pico_stdio_uart/stdio_uart.c.obj
 .text.stdio_uart_init
                0x10003be4       0x54 CMakeFiles/Test_1.dir/C_/Users/nahue/.pico-sdk/sdk/2.2.0/src/rp2_common/pico_stdio_uart/stdio_uart.c.obj
                0x10003be4                stdio_uart_init
 .text.resetd_init
                0x10003c38        0x4 CMakeFiles/Test_1.dir/C_/Users/nahue/.pico-sdk/sdk/2.2.0/src/rp2_common/pico_stdio_usb/reset_interface.c.obj
 .text.resetd_reset
                0x10003c3c        0xc CMakeFiles/Test_1.dir/C_/Users/nahue/.pico-sdk/sdk/2.2.0/src/rp2_common/pico_stdio_usb/reset_interface.c.obj
 .text.resetd_open
                0x10003c48       0x28 CMakeFiles/Test_1.dir/C_/Users/nahue/.pico-sdk/sdk/2.2.0/src/rp2_common/pico_stdio_usb/reset_interface.c.obj
 .text.resetd_xfer_cb
                0x10003c70        0x4 CMakeFiles/Test_1.dir/C_/Users/nahue/.pico-sdk/sdk/2.2.0/src/rp2_common/pico_stdio_usb/reset_interface.c.obj
 .text.resetd_control_xfer_cb
                0x10003c74       0x50 CMakeFiles/Test_1.dir/C_/Users/nahue/.pico-sdk/sdk/2.2.0/src/rp2_common/pico_stdio_usb/reset_interface.c.obj
 .text.tud_descriptor_bos_cb
                0x10003cc4        0x8 CMakeFiles/Test_1.dir/C_/Users/nahue/.pico-sdk/sdk/2.2.0/src/rp2_common/pico_stdio_usb/reset_interface.c.obj
                0x10003cc4                tud_descriptor_bos_cb
 .text.tud_vendor_control_xfer_cb
                0x10003ccc       0x28 CMakeFiles/Test_1.dir/C_/Users/nahue/.pico-sdk/sdk/2.2.0/src/rp2_common/pico_stdio_usb/reset_interface.c.obj
                0x10003ccc                tud_vendor_control_xfer_cb
 .text.usbd_app_driver_get_cb
                0x10003cf4       0x10 CMakeFiles/Test_1.dir/C_/Users/nahue/.pico-sdk/sdk/2.2.0/src/rp2_common/pico_stdio_usb/reset_interface.c.obj
                0x10003cf4                usbd_app_driver_get_cb
 .text.tud_cdc_line_coding_cb
                0x10003d04       0x18 CMakeFiles/Test_1.dir/C_/Users/nahue/.pico-sdk/sdk/2.2.0/src/rp2_common/pico_stdio_usb/reset_interface.c.obj
                0x10003d04                tud_cdc_line_coding_cb
 .text.stdio_usb_set_chars_available_callback
                0x10003d1c       0x14 CMakeFiles/Test_1.dir/C_/Users/nahue/.pico-sdk/sdk/2.2.0/src/rp2_common/pico_stdio_usb/stdio_usb.c.obj
                0x10003d1c                stdio_usb_set_chars_available_callback
 .text.timer_task
                0x10003d30       0x70 CMakeFiles/Test_1.dir/C_/Users/nahue/.pico-sdk/sdk/2.2.0/src/rp2_common/pico_stdio_usb/stdio_usb.c.obj
 .text.usb_irq  0x10003da0        0xc CMakeFiles/Test_1.dir/C_/Users/nahue/.pico-sdk/sdk/2.2.0/src/rp2_common/pico_stdio_usb/stdio_usb.c.obj
 .text.stdio_usb_in_chars
                0x10003dac       0x88 CMakeFiles/Test_1.dir/C_/Users/nahue/.pico-sdk/sdk/2.2.0/src/rp2_common/pico_stdio_usb/stdio_usb.c.obj
                0x10003dac                stdio_usb_in_chars
 .text.stdio_usb_out_flush
                0x10003e34       0x54 CMakeFiles/Test_1.dir/C_/Users/nahue/.pico-sdk/sdk/2.2.0/src/rp2_common/pico_stdio_usb/stdio_usb.c.obj
 .text.stdio_usb_out_chars
                0x10003e88       0xf4 CMakeFiles/Test_1.dir/C_/Users/nahue/.pico-sdk/sdk/2.2.0/src/rp2_common/pico_stdio_usb/stdio_usb.c.obj
 .text.low_priority_worker_irq
                0x10003f7c       0xd8 CMakeFiles/Test_1.dir/C_/Users/nahue/.pico-sdk/sdk/2.2.0/src/rp2_common/pico_stdio_usb/stdio_usb.c.obj
 .text.stdio_usb_init
                0x10004054       0xe8 CMakeFiles/Test_1.dir/C_/Users/nahue/.pico-sdk/sdk/2.2.0/src/rp2_common/pico_stdio_usb/stdio_usb.c.obj
                0x10004054                stdio_usb_init
 .text.tud_descriptor_device_cb
                0x1000413c        0x8 CMakeFiles/Test_1.dir/C_/Users/nahue/.pico-sdk/sdk/2.2.0/src/rp2_common/pico_stdio_usb/stdio_usb_descriptors.c.obj
                0x1000413c                tud_descriptor_device_cb
 .text.tud_descriptor_configuration_cb
                0x10004144        0x8 CMakeFiles/Test_1.dir/C_/Users/nahue/.pico-sdk/sdk/2.2.0/src/rp2_common/pico_stdio_usb/stdio_usb_descriptors.c.obj
                0x10004144                tud_descriptor_configuration_cb
 .text.tud_descriptor_string_cb
                0x1000414c       0x70 CMakeFiles/Test_1.dir/C_/Users/nahue/.pico-sdk/sdk/2.2.0/src/rp2_common/pico_stdio_usb/stdio_usb_descriptors.c.obj
                0x1000414c                tud_descriptor_string_cb
 .text.startup._retrieve_unique_id_on_boot
                0x100041bc       0x30 CMakeFiles/Test_1.dir/C_/Users/nahue/.pico-sdk/sdk/2.2.0/src/rp2_common/pico_unique_id/unique_id.c.obj
 .text.pico_get_unique_board_id_string
                0x100041ec      0x184 CMakeFiles/Test_1.dir/C_/Users/nahue/.pico-sdk/sdk/2.2.0/src/rp2_common/pico_unique_id/unique_id.c.obj
                0x100041ec                pico_get_unique_board_id_string
 .text.dcd_init
                0x10004370       0x8c CMakeFiles/Test_1.dir/C_/Users/nahue/.pico-sdk/sdk/2.2.0/lib/tinyusb/src/portable/raspberrypi/rp2040/dcd_rp2040.c.obj
                0x10004370                dcd_init
 .text.dcd_int_enable
                0x100043fc        0x8 CMakeFiles/Test_1.dir/C_/Users/nahue/.pico-sdk/sdk/2.2.0/lib/tinyusb/src/portable/raspberrypi/rp2040/dcd_rp2040.c.obj
                0x100043fc                dcd_int_enable
 .text.dcd_set_address
                0x10004404       0x10 CMakeFiles/Test_1.dir/C_/Users/nahue/.pico-sdk/sdk/2.2.0/lib/tinyusb/src/portable/raspberrypi/rp2040/dcd_rp2040.c.obj
                0x10004404                dcd_set_address
 .text.dcd_sof_enable
                0x10004414       0x1c CMakeFiles/Test_1.dir/C_/Users/nahue/.pico-sdk/sdk/2.2.0/lib/tinyusb/src/portable/raspberrypi/rp2040/dcd_rp2040.c.obj
                0x10004414                dcd_sof_enable
 .text.dcd_edpt0_status_complete
                0x10004430       0x1c CMakeFiles/Test_1.dir/C_/Users/nahue/.pico-sdk/sdk/2.2.0/lib/tinyusb/src/portable/raspberrypi/rp2040/dcd_rp2040.c.obj
                0x10004430                dcd_edpt0_status_complete
 .text.dcd_edpt_open
                0x1000444c      0x104 CMakeFiles/Test_1.dir/C_/Users/nahue/.pico-sdk/sdk/2.2.0/lib/tinyusb/src/portable/raspberrypi/rp2040/dcd_rp2040.c.obj
                0x1000444c                dcd_edpt_open
 .text.dcd_edpt_close_all
                0x10004550        0x4 CMakeFiles/Test_1.dir/C_/Users/nahue/.pico-sdk/sdk/2.2.0/lib/tinyusb/src/portable/raspberrypi/rp2040/dcd_rp2040.c.obj
                0x10004550                dcd_edpt_close_all
 .text.dcd_edpt_xfer
                0x10004554       0x28 CMakeFiles/Test_1.dir/C_/Users/nahue/.pico-sdk/sdk/2.2.0/lib/tinyusb/src/portable/raspberrypi/rp2040/dcd_rp2040.c.obj
                0x10004554                dcd_edpt_xfer
 .text.dcd_edpt_stall
                0x1000457c       0x30 CMakeFiles/Test_1.dir/C_/Users/nahue/.pico-sdk/sdk/2.2.0/lib/tinyusb/src/portable/raspberrypi/rp2040/dcd_rp2040.c.obj
                0x1000457c                dcd_edpt_stall
 .text.dcd_edpt_clear_stall
                0x100045ac       0x24 CMakeFiles/Test_1.dir/C_/Users/nahue/.pico-sdk/sdk/2.2.0/lib/tinyusb/src/portable/raspberrypi/rp2040/dcd_rp2040.c.obj
                0x100045ac                dcd_edpt_clear_stall
 .text.rp2040_usb_init
                0x100045d0       0x40 CMakeFiles/Test_1.dir/C_/Users/nahue/.pico-sdk/sdk/2.2.0/lib/tinyusb/src/portable/raspberrypi/rp2040/rp2040_usb.c.obj
                0x100045d0                rp2040_usb_init
 .text.hw_endpoint_xfer_start
                0x10004610       0x40 CMakeFiles/Test_1.dir/C_/Users/nahue/.pico-sdk/sdk/2.2.0/lib/tinyusb/src/portable/raspberrypi/rp2040/rp2040_usb.c.obj
                0x10004610                hw_endpoint_xfer_start
 .text.configuration_reset
                0x10004650       0x8c CMakeFiles/Test_1.dir/C_/Users/nahue/.pico-sdk/sdk/2.2.0/lib/tinyusb/src/device/usbd.c.obj
 .text.tud_event_hook_cb
                0x100046dc        0x4 CMakeFiles/Test_1.dir/C_/Users/nahue/.pico-sdk/sdk/2.2.0/lib/tinyusb/src/device/usbd.c.obj
                0x100046dc                tud_event_hook_cb
 .text.tud_sof_cb
                0x100046e0        0x4 CMakeFiles/Test_1.dir/C_/Users/nahue/.pico-sdk/sdk/2.2.0/lib/tinyusb/src/device/usbd.c.obj
                0x100046e0                tud_sof_cb
 .text.tud_descriptor_device_qualifier_cb
                0x100046e4        0x4 CMakeFiles/Test_1.dir/C_/Users/nahue/.pico-sdk/sdk/2.2.0/lib/tinyusb/src/device/usbd.c.obj
                0x100046e4                tud_descriptor_device_qualifier_cb
 .text.tud_descriptor_other_speed_configuration_cb
                0x100046e8        0x4 CMakeFiles/Test_1.dir/C_/Users/nahue/.pico-sdk/sdk/2.2.0/lib/tinyusb/src/device/usbd.c.obj
                0x100046e8                tud_descriptor_other_speed_configuration_cb
 .text.tud_mount_cb
                0x100046ec        0x4 CMakeFiles/Test_1.dir/C_/Users/nahue/.pico-sdk/sdk/2.2.0/lib/tinyusb/src/device/usbd.c.obj
                0x100046ec                tud_mount_cb
 .text.tud_umount_cb
                0x100046f0        0x4 CMakeFiles/Test_1.dir/C_/Users/nahue/.pico-sdk/sdk/2.2.0/lib/tinyusb/src/device/usbd.c.obj
                0x100046f0                tud_umount_cb
 .text.tud_suspend_cb
                0x100046f4        0x4 CMakeFiles/Test_1.dir/C_/Users/nahue/.pico-sdk/sdk/2.2.0/lib/tinyusb/src/device/usbd.c.obj
                0x100046f4                tud_suspend_cb
 .text.tud_resume_cb
                0x100046f8        0x4 CMakeFiles/Test_1.dir/C_/Users/nahue/.pico-sdk/sdk/2.2.0/lib/tinyusb/src/device/usbd.c.obj
                0x100046f8                tud_resume_cb
 .text.tud_mounted
                0x100046fc       0x10 CMakeFiles/Test_1.dir/C_/Users/nahue/.pico-sdk/sdk/2.2.0/lib/tinyusb/src/device/usbd.c.obj
                0x100046fc                tud_mounted
 .text.tud_suspended
                0x1000470c       0x10 CMakeFiles/Test_1.dir/C_/Users/nahue/.pico-sdk/sdk/2.2.0/lib/tinyusb/src/device/usbd.c.obj
                0x1000470c                tud_suspended
 .text.tud_rhport_init
                0x1000471c       0xf4 CMakeFiles/Test_1.dir/C_/Users/nahue/.pico-sdk/sdk/2.2.0/lib/tinyusb/src/device/usbd.c.obj
                0x1000471c                tud_rhport_init
 .text.tud_task_ext
                0x10004810      0x784 CMakeFiles/Test_1.dir/C_/Users/nahue/.pico-sdk/sdk/2.2.0/lib/tinyusb/src/device/usbd.c.obj
                0x10004810                tud_task_ext
 .text.usbd_open_edpt_pair
                0x10004f94       0x9c CMakeFiles/Test_1.dir/C_/Users/nahue/.pico-sdk/sdk/2.2.0/lib/tinyusb/src/device/usbd.c.obj
                0x10004f94                usbd_open_edpt_pair
 .text.usbd_edpt_open
                0x10005030       0x44 CMakeFiles/Test_1.dir/C_/Users/nahue/.pico-sdk/sdk/2.2.0/lib/tinyusb/src/device/usbd.c.obj
                0x10005030                usbd_edpt_open
 .text.usbd_edpt_claim
                0x10005074       0x24 CMakeFiles/Test_1.dir/C_/Users/nahue/.pico-sdk/sdk/2.2.0/lib/tinyusb/src/device/usbd.c.obj
                0x10005074                usbd_edpt_claim
 .text.usbd_edpt_release
                0x10005098       0x24 CMakeFiles/Test_1.dir/C_/Users/nahue/.pico-sdk/sdk/2.2.0/lib/tinyusb/src/device/usbd.c.obj
                0x10005098                usbd_edpt_release
 .text.usbd_edpt_xfer
                0x100050bc       0x70 CMakeFiles/Test_1.dir/C_/Users/nahue/.pico-sdk/sdk/2.2.0/lib/tinyusb/src/device/usbd.c.obj
                0x100050bc                usbd_edpt_xfer
 .text.tud_control_status
                0x1000512c       0x34 CMakeFiles/Test_1.dir/C_/Users/nahue/.pico-sdk/sdk/2.2.0/lib/tinyusb/src/device/usbd_control.c.obj
                0x1000512c                tud_control_status
 .text.tud_control_xfer
                0x10005160       0xb0 CMakeFiles/Test_1.dir/C_/Users/nahue/.pico-sdk/sdk/2.2.0/lib/tinyusb/src/device/usbd_control.c.obj
                0x10005160                tud_control_xfer
 .text.usbd_control_reset
                0x10005210       0x14 CMakeFiles/Test_1.dir/C_/Users/nahue/.pico-sdk/sdk/2.2.0/lib/tinyusb/src/device/usbd_control.c.obj
                0x10005210                usbd_control_reset
 .text.usbd_control_set_complete_callback
                0x10005224        0xc CMakeFiles/Test_1.dir/C_/Users/nahue/.pico-sdk/sdk/2.2.0/lib/tinyusb/src/device/usbd_control.c.obj
                0x10005224                usbd_control_set_complete_callback
 .text.usbd_control_set_request
                0x10005230       0x1c CMakeFiles/Test_1.dir/C_/Users/nahue/.pico-sdk/sdk/2.2.0/lib/tinyusb/src/device/usbd_control.c.obj
                0x10005230                usbd_control_set_request
 .text.usbd_control_xfer_cb
                0x1000524c      0x100 CMakeFiles/Test_1.dir/C_/Users/nahue/.pico-sdk/sdk/2.2.0/lib/tinyusb/src/device/usbd_control.c.obj
                0x1000524c                usbd_control_xfer_cb
 .text._prep_out_transaction.isra.0
                0x1000534c       0x74 CMakeFiles/Test_1.dir/C_/Users/nahue/.pico-sdk/sdk/2.2.0/lib/tinyusb/src/class/cdc/cdc_device.c.obj
 .text.tud_cdc_n_connected
                0x100053c0       0x2c CMakeFiles/Test_1.dir/C_/Users/nahue/.pico-sdk/sdk/2.2.0/lib/tinyusb/src/class/cdc/cdc_device.c.obj
                0x100053c0                tud_cdc_n_connected
 .text.tud_cdc_n_available
                0x100053ec       0x14 CMakeFiles/Test_1.dir/C_/Users/nahue/.pico-sdk/sdk/2.2.0/lib/tinyusb/src/class/cdc/cdc_device.c.obj
                0x100053ec                tud_cdc_n_available
 .text.tud_cdc_n_read
                0x10005400       0x90 CMakeFiles/Test_1.dir/C_/Users/nahue/.pico-sdk/sdk/2.2.0/lib/tinyusb/src/class/cdc/cdc_device.c.obj
                0x10005400                tud_cdc_n_read
 .text.tud_cdc_n_write_flush
                0x10005490       0x8c CMakeFiles/Test_1.dir/C_/Users/nahue/.pico-sdk/sdk/2.2.0/lib/tinyusb/src/class/cdc/cdc_device.c.obj
                0x10005490                tud_cdc_n_write_flush
 .text.tud_cdc_n_write
                0x1000551c       0x40 CMakeFiles/Test_1.dir/C_/Users/nahue/.pico-sdk/sdk/2.2.0/lib/tinyusb/src/class/cdc/cdc_device.c.obj
                0x1000551c                tud_cdc_n_write
 .text.tud_cdc_n_write_available
                0x1000555c       0x14 CMakeFiles/Test_1.dir/C_/Users/nahue/.pico-sdk/sdk/2.2.0/lib/tinyusb/src/class/cdc/cdc_device.c.obj
                0x1000555c                tud_cdc_n_write_available
 .text.cdcd_init
                0x10005570       0x70 CMakeFiles/Test_1.dir/C_/Users/nahue/.pico-sdk/sdk/2.2.0/lib/tinyusb/src/class/cdc/cdc_device.c.obj
                0x10005570                cdcd_init
 .text.cdcd_deinit
                0x100055e0       0x30 CMakeFiles/Test_1.dir/C_/Users/nahue/.pico-sdk/sdk/2.2.0/lib/tinyusb/src/class/cdc/cdc_device.c.obj
                0x100055e0                cdcd_deinit
 .text.cdcd_reset
                0x10005610       0x4c CMakeFiles/Test_1.dir/C_/Users/nahue/.pico-sdk/sdk/2.2.0/lib/tinyusb/src/class/cdc/cdc_device.c.obj
                0x10005610                cdcd_reset
 .text.cdcd_open
                0x1000565c       0xc0 CMakeFiles/Test_1.dir/C_/Users/nahue/.pico-sdk/sdk/2.2.0/lib/tinyusb/src/class/cdc/cdc_device.c.obj
                0x1000565c                cdcd_open
 .text.cdcd_control_xfer_cb
                0x1000571c       0xc0 CMakeFiles/Test_1.dir/C_/Users/nahue/.pico-sdk/sdk/2.2.0/lib/tinyusb/src/class/cdc/cdc_device.c.obj
                0x1000571c                cdcd_control_xfer_cb
 .text.cdcd_xfer_cb
                0x100057dc       0xf8 CMakeFiles/Test_1.dir/C_/Users/nahue/.pico-sdk/sdk/2.2.0/lib/tinyusb/src/class/cdc/cdc_device.c.obj
                0x100057dc                cdcd_xfer_cb
 .text.vendord_init
                0x100058d4       0x5c CMakeFiles/Test_1.dir/C_/Users/nahue/.pico-sdk/sdk/2.2.0/lib/tinyusb/src/class/vendor/vendor_device.c.obj
                0x100058d4                vendord_init
 .text.vendord_deinit
                0x10005930       0x1c CMakeFiles/Test_1.dir/C_/Users/nahue/.pico-sdk/sdk/2.2.0/lib/tinyusb/src/class/vendor/vendor_device.c.obj
                0x10005930                vendord_deinit
 .text.vendord_reset
                0x1000594c       0x24 CMakeFiles/Test_1.dir/C_/Users/nahue/.pico-sdk/sdk/2.2.0/lib/tinyusb/src/class/vendor/vendor_device.c.obj
                0x1000594c                vendord_reset
 .text.vendord_open
                0x10005970       0xf4 CMakeFiles/Test_1.dir/C_/Users/nahue/.pico-sdk/sdk/2.2.0/lib/tinyusb/src/class/vendor/vendor_device.c.obj
                0x10005970                vendord_open
 .text.vendord_xfer_cb
                0x10005a64       0x88 CMakeFiles/Test_1.dir/C_/Users/nahue/.pico-sdk/sdk/2.2.0/lib/tinyusb/src/class/vendor/vendor_device.c.obj
                0x10005a64                vendord_xfer_cb
 .text.tusb_rhport_init
                0x10005aec       0x64 CMakeFiles/Test_1.dir/C_/Users/nahue/.pico-sdk/sdk/2.2.0/lib/tinyusb/src/tusb.c.obj
                0x10005aec                tusb_rhport_init
 .text.tu_edpt_claim
                0x10005b50       0x54 CMakeFiles/Test_1.dir/C_/Users/nahue/.pico-sdk/sdk/2.2.0/lib/tinyusb/src/tusb.c.obj
                0x10005b50                tu_edpt_claim
 .text.tu_edpt_release
                0x10005ba4       0x38 CMakeFiles/Test_1.dir/C_/Users/nahue/.pico-sdk/sdk/2.2.0/lib/tinyusb/src/tusb.c.obj
                0x10005ba4                tu_edpt_release
 .text.tu_edpt_validate
                0x10005bdc       0x60 CMakeFiles/Test_1.dir/C_/Users/nahue/.pico-sdk/sdk/2.2.0/lib/tinyusb/src/tusb.c.obj
                0x10005bdc                tu_edpt_validate
 .text.tu_edpt_bind_driver
                0x10005c3c       0x58 CMakeFiles/Test_1.dir/C_/Users/nahue/.pico-sdk/sdk/2.2.0/lib/tinyusb/src/tusb.c.obj
                0x10005c3c                tu_edpt_bind_driver
 .text.tu_edpt_stream_init
                0x10005c94       0x58 CMakeFiles/Test_1.dir/C_/Users/nahue/.pico-sdk/sdk/2.2.0/lib/tinyusb/src/tusb.c.obj
                0x10005c94                tu_edpt_stream_init
 .text.tu_edpt_stream_deinit
                0x10005cec        0x4 CMakeFiles/Test_1.dir/C_/Users/nahue/.pico-sdk/sdk/2.2.0/lib/tinyusb/src/tusb.c.obj
                0x10005cec                tu_edpt_stream_deinit
 .text.tu_edpt_stream_write_zlp_if_needed
                0x10005cf0       0x68 CMakeFiles/Test_1.dir/C_/Users/nahue/.pico-sdk/sdk/2.2.0/lib/tinyusb/src/tusb.c.obj
                0x10005cf0                tu_edpt_stream_write_zlp_if_needed
 .text.tu_edpt_stream_write_xfer
                0x10005d58       0x70 CMakeFiles/Test_1.dir/C_/Users/nahue/.pico-sdk/sdk/2.2.0/lib/tinyusb/src/tusb.c.obj
                0x10005d58                tu_edpt_stream_write_xfer
 .text.tu_edpt_stream_read_xfer
                0x10005dc8       0xc8 CMakeFiles/Test_1.dir/C_/Users/nahue/.pico-sdk/sdk/2.2.0/lib/tinyusb/src/tusb.c.obj
                0x10005dc8                tu_edpt_stream_read_xfer
 .text.tu_fifo_config
                0x10005e90       0x60 CMakeFiles/Test_1.dir/C_/Users/nahue/.pico-sdk/sdk/2.2.0/lib/tinyusb/src/common/tusb_fifo.c.obj
                0x10005e90                tu_fifo_config
 .text.tu_fifo_count
                0x10005ef0       0x20 CMakeFiles/Test_1.dir/C_/Users/nahue/.pico-sdk/sdk/2.2.0/lib/tinyusb/src/common/tusb_fifo.c.obj
                0x10005ef0                tu_fifo_count
 .text.tu_fifo_empty
                0x10005f10       0x14 CMakeFiles/Test_1.dir/C_/Users/nahue/.pico-sdk/sdk/2.2.0/lib/tinyusb/src/common/tusb_fifo.c.obj
                0x10005f10                tu_fifo_empty
 .text.tu_fifo_remaining
                0x10005f24       0x24 CMakeFiles/Test_1.dir/C_/Users/nahue/.pico-sdk/sdk/2.2.0/lib/tinyusb/src/common/tusb_fifo.c.obj
                0x10005f24                tu_fifo_remaining
 .text.tu_fifo_read
                0x10005f48       0x94 CMakeFiles/Test_1.dir/C_/Users/nahue/.pico-sdk/sdk/2.2.0/lib/tinyusb/src/common/tusb_fifo.c.obj
                0x10005f48                tu_fifo_read
 .text.tu_fifo_read_n
                0x10005fdc       0xd8 CMakeFiles/Test_1.dir/C_/Users/nahue/.pico-sdk/sdk/2.2.0/lib/tinyusb/src/common/tusb_fifo.c.obj
                0x10005fdc                tu_fifo_read_n
 .text.tu_fifo_write
                0x100060b4       0xa4 CMakeFiles/Test_1.dir/C_/Users/nahue/.pico-sdk/sdk/2.2.0/lib/tinyusb/src/common/tusb_fifo.c.obj
                0x100060b4                tu_fifo_write
 .text.tu_fifo_write_n
                0x10006158      0x15c CMakeFiles/Test_1.dir/C_/Users/nahue/.pico-sdk/sdk/2.2.0/lib/tinyusb/src/common/tusb_fifo.c.obj
                0x10006158                tu_fifo_write_n
 .text.tu_fifo_clear
                0x100062b4       0x38 CMakeFiles/Test_1.dir/C_/Users/nahue/.pico-sdk/sdk/2.2.0/lib/tinyusb/src/common/tusb_fifo.c.obj
                0x100062b4                tu_fifo_clear
 .text.tu_fifo_set_overwritable
                0x100062ec       0x3c CMakeFiles/Test_1.dir/C_/Users/nahue/.pico-sdk/sdk/2.2.0/lib/tinyusb/src/common/tusb_fifo.c.obj
                0x100062ec                tu_fifo_set_overwritable
 .text.OneWire_Init
                0x10006328       0x30 one_wire/libone_wire.a(OneWire.c.obj)
                0x10006328                OneWire_Init
 .text.OneWire_Reset
                0x10006358       0x44 one_wire/libone_wire.a(OneWire.c.obj)
                0x10006358                OneWire_Reset
 .text.OneWire_Write_Bit
                0x1000639c       0x4c one_wire/libone_wire.a(OneWire.c.obj)
                0x1000639c                OneWire_Write_Bit
 .text.OneWire_Write_Byte
                0x100063e8       0x6c one_wire/libone_wire.a(OneWire.c.obj)
                0x100063e8                OneWire_Write_Byte
 .text.OneWire_Read_Byte
                0x10006454       0x74 one_wire/libone_wire.a(OneWire.c.obj)
                0x10006454                OneWire_Read_Byte
 .text.OneWire_Command_ROM_SKIP
                0x100064c8       0x68 one_wire/libone_wire.a(OneWire.c.obj)
                0x100064c8                OneWire_Command_ROM_SKIP
 .text.OneWire_Command_ROM_MATCH
                0x10006530       0x9c one_wire/libone_wire.a(OneWire.c.obj)
                0x10006530                OneWire_Command_ROM_MATCH
 .text.DS18B20_Init
                0x100065cc       0x9c ds18b20/libds18b20.a(ds18b20.c.obj)
                0x100065cc                DS18B20_Init
 .text.DS18B20_Read_Temperature
                0x10006668       0x9c ds18b20/libds18b20.a(ds18b20.c.obj)
                0x10006668                DS18B20_Read_Temperature
 .text.memset   0x10006704       0x9c C:/Users/nahue/.pico-sdk/toolchain/14_2_Rel1/bin/../lib/gcc/arm-none-eabi/14.2.1/thumb/v8-m.main+fp/softfp\libg.a(libc_a-memset.o)
                0x10006704                memset
 .text          0x100067a0       0xec C:/Users/nahue/.pico-sdk/toolchain/14_2_Rel1/bin/../lib/gcc/arm-none-eabi/14.2.1/thumb/v8-m.main+fp/softfp\libg.a(libc_a-memcpy.o)
                0x100067a0                memcpy
 .text.strlen   0x1000688c       0x5c C:/Users/nahue/.pico-sdk/toolchain/14_2_Rel1/bin/../lib/gcc/arm-none-eabi/14.2.1/thumb/v8-m.main+fp/softfp\libg.a(libc_a-strlen-stub.o)
                0x1000688c                strlen
 *(.fini)
 .fini          0x100068e8        0x4 C:/Users/nahue/.pico-sdk/toolchain/14_2_Rel1/bin/../lib/gcc/arm-none-eabi/14.2.1/thumb/v8-m.main+fp/softfp/crti.o
                0x100068e8                _fini
 *fill*         0x100068ec        0x4 
 .fini.__stub   0x100068f0       0x58 linker stubs
 *crtbegin.o(.ctors)
 *crtbegin?.o(.ctors)
 *(EXCLUDE_FILE(*crtend.o *crtend?.o) .ctors)
 *(SORT_BY_NAME(.ctors.*))
 *(.ctors)
 *crtbegin.o(.dtors)
 *crtbegin?.o(.dtors)
 *(EXCLUDE_FILE(*crtend.o *crtend?.o) .dtors)
 *(SORT_BY_NAME(.dtors.*))
 *(.dtors)
                0x10006948                        . = ALIGN (0x4)
                0x10006948                        PROVIDE (__preinit_array_start = .)
 *(SORT_BY_NAME(.preinit_array.*))
 .preinit_array.00050
                0x10006948        0x4 CMakeFiles/Test_1.dir/C_/Users/nahue/.pico-sdk/sdk/2.2.0/src/rp2_common/pico_runtime_init/runtime_init.c.obj
                0x10006948                __pre_init_runtime_init_bootrom_reset
 .preinit_array.00100
                0x1000694c        0x4 CMakeFiles/Test_1.dir/C_/Users/nahue/.pico-sdk/sdk/2.2.0/src/rp2_common/pico_runtime_init/runtime_init.c.obj
                0x1000694c                __pre_init_runtime_init_early_resets
 .preinit_array.00101
                0x10006950        0x4 CMakeFiles/Test_1.dir/C_/Users/nahue/.pico-sdk/sdk/2.2.0/src/rp2_common/pico_runtime_init/runtime_init.c.obj
                0x10006950                __pre_init_runtime_init_usb_power_down
 .preinit_array.00500
                0x10006954        0x4 CMakeFiles/Test_1.dir/C_/Users/nahue/.pico-sdk/sdk/2.2.0/src/rp2_common/pico_runtime_init/runtime_init.c.obj
                0x10006954                __pre_init_runtime_init_clocks
 .preinit_array.00600
                0x10006958        0x4 CMakeFiles/Test_1.dir/C_/Users/nahue/.pico-sdk/sdk/2.2.0/src/rp2_common/pico_runtime_init/runtime_init.c.obj
                0x10006958                __pre_init_runtime_init_post_clock_resets
 .preinit_array.01000
                0x1000695c        0x4 CMakeFiles/Test_1.dir/C_/Users/nahue/.pico-sdk/sdk/2.2.0/src/rp2_common/hardware_boot_lock/boot_lock.c.obj
                0x1000695c                __pre_init_runtime_init_boot_locks_reset
 .preinit_array.01000
                0x10006960        0x4 CMakeFiles/Test_1.dir/C_/Users/nahue/.pico-sdk/sdk/2.2.0/src/rp2_common/pico_runtime_init/runtime_init.c.obj
                0x10006960                __pre_init_runtime_init_spin_locks_reset
 .preinit_array.01010
                0x10006964        0x4 CMakeFiles/Test_1.dir/C_/Users/nahue/.pico-sdk/sdk/2.2.0/src/rp2_common/pico_bootrom/bootrom_lock.c.obj
                0x10006964                __pre_init_runtime_init_bootrom_locking_enable
 .preinit_array.01100
                0x10006968        0x4 CMakeFiles/Test_1.dir/C_/Users/nahue/.pico-sdk/sdk/2.2.0/src/common/pico_sync/mutex.c.obj
                0x10006968                __pre_init_runtime_init_mutex
 .preinit_array.10080
                0x1000696c        0x4 CMakeFiles/Test_1.dir/C_/Users/nahue/.pico-sdk/sdk/2.2.0/src/rp2_common/pico_runtime_init/runtime_init.c.obj
                0x1000696c                __pre_init_runtime_init_install_ram_vector_table
 .preinit_array.11000
                0x10006970        0x4 CMakeFiles/Test_1.dir/C_/Users/nahue/.pico-sdk/sdk/2.2.0/src/common/pico_time/time.c.obj
                0x10006970                __pre_init_runtime_init_default_alarm_pool
 .preinit_array.YYYYY
                0x10006974        0x4 CMakeFiles/Test_1.dir/C_/Users/nahue/.pico-sdk/sdk/2.2.0/src/rp2_common/pico_runtime/runtime.c.obj
                0x10006974                __pre_init_first_per_core_initializer
 .preinit_array.ZZZZZ.00051
                0x10006978        0x4 CMakeFiles/Test_1.dir/C_/Users/nahue/.pico-sdk/sdk/2.2.0/src/rp2_common/pico_runtime_init/runtime_init.c.obj
                0x10006978                __pre_init_runtime_init_per_core_bootrom_reset
 .preinit_array.ZZZZZ.00200
                0x1000697c        0x4 CMakeFiles/Test_1.dir/C_/Users/nahue/.pico-sdk/sdk/2.2.0/src/rp2_common/pico_runtime_init/runtime_init.c.obj
                0x1000697c                __pre_init_runtime_init_per_core_enable_coprocessors
 .preinit_array.ZZZZZ.01000
                0x10006980        0x4 CMakeFiles/Test_1.dir/C_/Users/nahue/.pico-sdk/sdk/2.2.0/src/rp2_common/hardware_sync_spin_lock/sync_spin_lock.c.obj
                0x10006980                __pre_init_spinlock_set_extexclall
 .preinit_array.ZZZZZ.01200
                0x10006984        0x4 CMakeFiles/Test_1.dir/C_/Users/nahue/.pico-sdk/sdk/2.2.0/src/rp2_common/hardware_irq/irq.c.obj
                0x10006984                __pre_init_runtime_init_per_core_irq_priorities
 *(.preinit_array)
                0x10006988                        PROVIDE (__preinit_array_end = .)
                0x10006988                        . = ALIGN (0x4)
                0x10006988                        PROVIDE (__init_array_start = .)
 *(SORT_BY_NAME(.init_array.*))
 .init_array.01000
                0x10006988        0x4 CMakeFiles/Test_1.dir/C_/Users/nahue/.pico-sdk/sdk/2.2.0/src/rp2_common/pico_unique_id/unique_id.c.obj
 *(.init_array)
 .init_array    0x1000698c        0x4 C:/Users/nahue/.pico-sdk/toolchain/14_2_Rel1/bin/../lib/gcc/arm-none-eabi/14.2.1/thumb/v8-m.main+fp/softfp/crtbegin.o
                0x10006990                        PROVIDE (__init_array_end = .)
                0x10006990                        . = ALIGN (0x4)
                [!provide]                        PROVIDE (__fini_array_start = .)
 *(SORT_BY_NAME(.fini_array.*))
 *(.fini_array)
                [!provide]                        PROVIDE (__fini_array_end = .)
 *(.eh_frame*)
 .eh_frame      0x10006990        0x0 C:/Users/nahue/.pico-sdk/toolchain/14_2_Rel1/bin/../lib/gcc/arm-none-eabi/14.2.1/thumb/v8-m.main+fp/softfp/crtbegin.o
                0x10006990                        . = ALIGN (0x4)

.glue_7         0x10006990        0x0
 .glue_7        0x10006990        0x0 linker stubs

.glue_7t        0x10006990        0x0
 .glue_7t       0x10006990        0x0 linker stubs

.vfp11_veneer   0x10006990        0x0
 .vfp11_veneer  0x10006990        0x0 linker stubs

.v4_bx          0x10006990        0x0
 .v4_bx         0x10006990        0x0 linker stubs

.iplt           0x10006990        0x0
 .iplt          0x10006990        0x0 C:/Users/nahue/.pico-sdk/toolchain/14_2_Rel1/bin/../lib/gcc/arm-none-eabi/14.2.1/thumb/v8-m.main+fp/softfp/crtbegin.o

.boot2          0x10006990        0x0
                0x10006990                        __boot2_start__ = .
 *(.boot2)
                0x10006990                        __boot2_end__ = .
                0x00000001                        ASSERT (((__boot2_end__ - __boot2_start__) <= 0x100), ERROR: Pico second stage bootloader must be no more than 256 bytes in size)

.rodata         0x10006990      0x778
 *(EXCLUDE_FILE(*libm.a: *libc.a:*lib_a-mem*.o *libgcc.a:) .rodata*)
 .rodata.main.str1.4
                0x10006990      0x4ec CMakeFiles/Test_1.dir/Test_1.c.obj
                                0x353 (size before relaxing)
 .rodata        0x10006e7c        0x3 CMakeFiles/Test_1.dir/Test_1.c.obj
 .rodata.panic.str1.4
                0x10006e7f       0x12 CMakeFiles/Test_1.dir/C_/Users/nahue/.pico-sdk/sdk/2.2.0/src/rp2_common/pico_platform_panic/panic.c.obj
 .rodata.spin_lock_claim_unused.str1.4
                0x10006e7f       0x1b CMakeFiles/Test_1.dir/C_/Users/nahue/.pico-sdk/sdk/2.2.0/src/rp2_common/hardware_sync/sync.c.obj
 .rodata.user_irq_claim_unused.str1.4
                0x10006e7f       0x1b CMakeFiles/Test_1.dir/C_/Users/nahue/.pico-sdk/sdk/2.2.0/src/rp2_common/hardware_irq/irq.c.obj
 .rodata.timer_hardware_alarm_claim.str1.4
                0x10006e7f       0x22 CMakeFiles/Test_1.dir/C_/Users/nahue/.pico-sdk/sdk/2.2.0/src/rp2_common/hardware_timer/timer.c.obj
 .rodata.hard_assertion_failure.str1.4
                0x10006e7f        0xc CMakeFiles/Test_1.dir/C_/Users/nahue/.pico-sdk/sdk/2.2.0/src/rp2_common/pico_runtime/runtime.c.obj
 .rodata.str1.4
                0x10006e7f       0x40 CMakeFiles/Test_1.dir/C_/Users/nahue/.pico-sdk/sdk/2.2.0/src/rp2_common/pico_standard_binary_info/standard_binary_info.c.obj
 *fill*         0x10006e7f        0x1 
 .rodata.__bi_84
                0x10006e80        0xc CMakeFiles/Test_1.dir/C_/Users/nahue/.pico-sdk/sdk/2.2.0/src/rp2_common/pico_standard_binary_info/standard_binary_info.c.obj
 .rodata.__bi_78
                0x10006e8c        0xc CMakeFiles/Test_1.dir/C_/Users/nahue/.pico-sdk/sdk/2.2.0/src/rp2_common/pico_standard_binary_info/standard_binary_info.c.obj
 .rodata.__bi_60
                0x10006e98        0xc CMakeFiles/Test_1.dir/C_/Users/nahue/.pico-sdk/sdk/2.2.0/src/rp2_common/pico_standard_binary_info/standard_binary_info.c.obj
 .rodata.__bi_54
                0x10006ea4        0xc CMakeFiles/Test_1.dir/C_/Users/nahue/.pico-sdk/sdk/2.2.0/src/rp2_common/pico_standard_binary_info/standard_binary_info.c.obj
 .rodata.__bi_48
                0x10006eb0        0xc CMakeFiles/Test_1.dir/C_/Users/nahue/.pico-sdk/sdk/2.2.0/src/rp2_common/pico_standard_binary_info/standard_binary_info.c.obj
 .rodata.__bi_42
                0x10006ebc        0xc CMakeFiles/Test_1.dir/C_/Users/nahue/.pico-sdk/sdk/2.2.0/src/rp2_common/pico_standard_binary_info/standard_binary_info.c.obj
 .rodata.__bi_34
                0x10006ec8        0xc CMakeFiles/Test_1.dir/C_/Users/nahue/.pico-sdk/sdk/2.2.0/src/rp2_common/pico_standard_binary_info/standard_binary_info.c.obj
 .rodata.__bi_26
                0x10006ed4        0xc CMakeFiles/Test_1.dir/C_/Users/nahue/.pico-sdk/sdk/2.2.0/src/rp2_common/pico_standard_binary_info/standard_binary_info.c.obj
 .rodata._ftoa.str1.4
                0x10006ee0       0x15 CMakeFiles/Test_1.dir/C_/Users/nahue/.pico-sdk/sdk/2.2.0/src/rp2_common/pico_printf/printf.c.obj
 .rodata.pow10.0
                0x10006ee0       0x50 CMakeFiles/Test_1.dir/C_/Users/nahue/.pico-sdk/sdk/2.2.0/src/rp2_common/pico_printf/printf.c.obj
 .rodata.crlf_str.0
                0x10006f30        0x2 CMakeFiles/Test_1.dir/C_/Users/nahue/.pico-sdk/sdk/2.2.0/src/rp2_common/pico_stdio/stdio.c.obj
 .rodata.str1.4
                0x10006f32       0x2c CMakeFiles/Test_1.dir/C_/Users/nahue/.pico-sdk/sdk/2.2.0/src/rp2_common/pico_stdio_uart/stdio_uart.c.obj
 *fill*         0x10006f32        0x2 
 .rodata.__bi_45.4
                0x10006f34        0xc CMakeFiles/Test_1.dir/C_/Users/nahue/.pico-sdk/sdk/2.2.0/src/rp2_common/pico_stdio_uart/stdio_uart.c.obj
 .rodata.__bi_49.5
                0x10006f40        0x8 CMakeFiles/Test_1.dir/C_/Users/nahue/.pico-sdk/sdk/2.2.0/src/rp2_common/pico_stdio_uart/stdio_uart.c.obj
 .rodata.__bi_50.6
                0x10006f48        0x8 CMakeFiles/Test_1.dir/C_/Users/nahue/.pico-sdk/sdk/2.2.0/src/rp2_common/pico_stdio_uart/stdio_uart.c.obj
 .rodata._resetd_driver
                0x10006f50       0x20 CMakeFiles/Test_1.dir/C_/Users/nahue/.pico-sdk/sdk/2.2.0/src/rp2_common/pico_stdio_usb/reset_interface.c.obj
 .rodata.desc_ms_os_20
                0x10006f70       0xa6 CMakeFiles/Test_1.dir/C_/Users/nahue/.pico-sdk/sdk/2.2.0/src/rp2_common/pico_stdio_usb/reset_interface.c.obj
 *fill*         0x10007016        0x2 
 .rodata.desc_bos
                0x10007018       0x21 CMakeFiles/Test_1.dir/C_/Users/nahue/.pico-sdk/sdk/2.2.0/src/rp2_common/pico_stdio_usb/reset_interface.c.obj
                0x10007018                desc_bos
 .rodata.str1.4
                0x10007039       0x13 CMakeFiles/Test_1.dir/C_/Users/nahue/.pico-sdk/sdk/2.2.0/src/rp2_common/pico_stdio_usb/stdio_usb.c.obj
 *fill*         0x10007039        0x3 
 .rodata.__bi_202.0
                0x1000703c        0xc CMakeFiles/Test_1.dir/C_/Users/nahue/.pico-sdk/sdk/2.2.0/src/rp2_common/pico_stdio_usb/stdio_usb.c.obj
 .rodata.str1.4
                0x10007048       0x2a CMakeFiles/Test_1.dir/C_/Users/nahue/.pico-sdk/sdk/2.2.0/src/rp2_common/pico_stdio_usb/stdio_usb_descriptors.c.obj
 .rodata.usbd_desc_str
                0x10007048       0x18 CMakeFiles/Test_1.dir/C_/Users/nahue/.pico-sdk/sdk/2.2.0/src/rp2_common/pico_stdio_usb/stdio_usb_descriptors.c.obj
 .rodata.usbd_desc_cfg
                0x10007060       0x54 CMakeFiles/Test_1.dir/C_/Users/nahue/.pico-sdk/sdk/2.2.0/src/rp2_common/pico_stdio_usb/stdio_usb_descriptors.c.obj
 .rodata.usbd_desc_device
                0x100070b4       0x12 CMakeFiles/Test_1.dir/C_/Users/nahue/.pico-sdk/sdk/2.2.0/src/rp2_common/pico_stdio_usb/stdio_usb_descriptors.c.obj
 .rodata.str1.4
                0x100070c6       0x14 CMakeFiles/Test_1.dir/C_/Users/nahue/.pico-sdk/sdk/2.2.0/lib/tinyusb/src/portable/raspberrypi/rp2040/dcd_rp2040.c.obj
 .rodata.str1.4
                0x100070c6       0x48 CMakeFiles/Test_1.dir/C_/Users/nahue/.pico-sdk/sdk/2.2.0/lib/tinyusb/src/portable/raspberrypi/rp2040/rp2040_usb.c.obj
 *fill*         0x100070c6        0x2 
 .rodata._usbd_driver
                0x100070c8       0x40 CMakeFiles/Test_1.dir/C_/Users/nahue/.pico-sdk/sdk/2.2.0/lib/tinyusb/src/device/usbd.c.obj
 *(.srodata*)
                0x10007108                        . = ALIGN (0x4)
 *(SORT_BY_ALIGNMENT(SORT_BY_NAME(.flashdata*)))
                0x10007108                        . = ALIGN (0x4)

.ARM.extab
 *(.ARM.extab* .gnu.linkonce.armextab.*)
                0x10007108                        __exidx_start = .

.ARM.exidx      0x10007108        0x8
 *(.ARM.exidx* .gnu.linkonce.armexidx.*)
 .ARM.exidx     0x10007108        0x8 C:/Users/nahue/.pico-sdk/toolchain/14_2_Rel1/bin/../lib/gcc/arm-none-eabi/14.2.1/thumb/v8-m.main+fp/softfp\libg.a(libc_a-memcpy.o)
 .ARM.exidx.text.__udivmoddi4
                0x10007110        0x0 C:/Users/nahue/.pico-sdk/toolchain/14_2_Rel1/bin/../lib/gcc/arm-none-eabi/14.2.1/thumb/v8-m.main+fp/softfp\libgcc.a(_udivmoddi4.o)
                                  0x8 (size before relaxing)
                0x10007110                        __exidx_end = .
                0x10007110                        . = ALIGN (0x4)
                0x10007110                        __binary_info_start = .

.binary_info    0x10007110       0x30
 *(.binary_info.keep.*)
 .binary_info.keep.__bi_ptr84
                0x10007110        0x4 CMakeFiles/Test_1.dir/C_/Users/nahue/.pico-sdk/sdk/2.2.0/src/rp2_common/pico_standard_binary_info/standard_binary_info.c.obj
 .binary_info.keep.__bi_ptr78
                0x10007114        0x4 CMakeFiles/Test_1.dir/C_/Users/nahue/.pico-sdk/sdk/2.2.0/src/rp2_common/pico_standard_binary_info/standard_binary_info.c.obj
 .binary_info.keep.__bi_ptr60
                0x10007118        0x4 CMakeFiles/Test_1.dir/C_/Users/nahue/.pico-sdk/sdk/2.2.0/src/rp2_common/pico_standard_binary_info/standard_binary_info.c.obj
 .binary_info.keep.__bi_ptr54
                0x1000711c        0x4 CMakeFiles/Test_1.dir/C_/Users/nahue/.pico-sdk/sdk/2.2.0/src/rp2_common/pico_standard_binary_info/standard_binary_info.c.obj
 .binary_info.keep.__bi_ptr48
                0x10007120        0x4 CMakeFiles/Test_1.dir/C_/Users/nahue/.pico-sdk/sdk/2.2.0/src/rp2_common/pico_standard_binary_info/standard_binary_info.c.obj
 .binary_info.keep.__bi_ptr42
                0x10007124        0x4 CMakeFiles/Test_1.dir/C_/Users/nahue/.pico-sdk/sdk/2.2.0/src/rp2_common/pico_standard_binary_info/standard_binary_info.c.obj
 .binary_info.keep.__bi_ptr34
                0x10007128        0x4 CMakeFiles/Test_1.dir/C_/Users/nahue/.pico-sdk/sdk/2.2.0/src/rp2_common/pico_standard_binary_info/standard_binary_info.c.obj
 .binary_info.keep.__bi_ptr26
                0x1000712c        0x4 CMakeFiles/Test_1.dir/C_/Users/nahue/.pico-sdk/sdk/2.2.0/src/rp2_common/pico_standard_binary_info/standard_binary_info.c.obj
 *(.binary_info.*)
 .binary_info.__bi_ptr50
                0x10007130        0x4 CMakeFiles/Test_1.dir/C_/Users/nahue/.pico-sdk/sdk/2.2.0/src/rp2_common/pico_stdio_uart/stdio_uart.c.obj
 .binary_info.__bi_ptr49
                0x10007134        0x4 CMakeFiles/Test_1.dir/C_/Users/nahue/.pico-sdk/sdk/2.2.0/src/rp2_common/pico_stdio_uart/stdio_uart.c.obj
 .binary_info.__bi_ptr45
                0x10007138        0x4 CMakeFiles/Test_1.dir/C_/Users/nahue/.pico-sdk/sdk/2.2.0/src/rp2_common/pico_stdio_uart/stdio_uart.c.obj
 .binary_info.__bi_ptr202
                0x1000713c        0x4 CMakeFiles/Test_1.dir/C_/Users/nahue/.pico-sdk/sdk/2.2.0/src/rp2_common/pico_stdio_usb/stdio_usb.c.obj
                0x10007140                        __binary_info_end = .
                0x10007140                        . = ALIGN (0x4)

.ram_vector_table
                0x20000000      0x110
 *(.ram_vector_table)
 .ram_vector_table
                0x20000000      0x110 CMakeFiles/Test_1.dir/C_/Users/nahue/.pico-sdk/sdk/2.2.0/src/rp2_common/pico_runtime_init/runtime_init.c.obj
                0x20000000                ram_vector_table

.uninitialized_data
                0x20000110        0x0
                0x20000110                        . = ALIGN (0x4)
 *(.uninitialized_data*)

.data           0x20000110     0x14bc load address 0x10007140
                0x20000110                        __data_start__ = .
 *(vtable)
 *(.time_critical*)
 .time_critical.mutex_try_enter
                0x20000110       0x50 CMakeFiles/Test_1.dir/C_/Users/nahue/.pico-sdk/sdk/2.2.0/src/common/pico_sync/mutex.c.obj
                0x20000110                mutex_try_enter
 .time_critical.mutex_enter_block_until
                0x20000160       0x6c CMakeFiles/Test_1.dir/C_/Users/nahue/.pico-sdk/sdk/2.2.0/src/common/pico_sync/mutex.c.obj
                0x20000160                mutex_enter_block_until
 .time_critical.mutex_try_enter_block_until
                0x200001cc       0x68 CMakeFiles/Test_1.dir/C_/Users/nahue/.pico-sdk/sdk/2.2.0/src/common/pico_sync/mutex.c.obj
                0x200001cc                mutex_try_enter_block_until
 .time_critical.mutex_enter_timeout_ms
                0x20000234       0x38 CMakeFiles/Test_1.dir/C_/Users/nahue/.pico-sdk/sdk/2.2.0/src/common/pico_sync/mutex.c.obj
                0x20000234                mutex_enter_timeout_ms
 .time_critical.mutex_exit
                0x2000026c       0x3c CMakeFiles/Test_1.dir/C_/Users/nahue/.pico-sdk/sdk/2.2.0/src/common/pico_sync/mutex.c.obj
                0x2000026c                mutex_exit
 .time_critical.reset_non_control_endpoints
                0x200002a8       0x64 CMakeFiles/Test_1.dir/C_/Users/nahue/.pico-sdk/sdk/2.2.0/lib/tinyusb/src/portable/raspberrypi/rp2040/dcd_rp2040.c.obj
 .time_critical.hw_handle_buff_status
                0x2000030c       0x90 CMakeFiles/Test_1.dir/C_/Users/nahue/.pico-sdk/sdk/2.2.0/lib/tinyusb/src/portable/raspberrypi/rp2040/dcd_rp2040.c.obj
 .time_critical.dcd_rp2040_irq
                0x2000039c      0x530 CMakeFiles/Test_1.dir/C_/Users/nahue/.pico-sdk/sdk/2.2.0/lib/tinyusb/src/portable/raspberrypi/rp2040/dcd_rp2040.c.obj
 .time_critical.prepare_ep_buffer
                0x200008cc       0xc0 CMakeFiles/Test_1.dir/C_/Users/nahue/.pico-sdk/sdk/2.2.0/lib/tinyusb/src/portable/raspberrypi/rp2040/rp2040_usb.c.obj
 .time_critical.sync_ep_buffer
                0x2000098c       0xb4 CMakeFiles/Test_1.dir/C_/Users/nahue/.pico-sdk/sdk/2.2.0/lib/tinyusb/src/portable/raspberrypi/rp2040/rp2040_usb.c.obj
 .time_critical._hw_endpoint_xfer_sync
                0x20000a40       0x2c CMakeFiles/Test_1.dir/C_/Users/nahue/.pico-sdk/sdk/2.2.0/lib/tinyusb/src/portable/raspberrypi/rp2040/rp2040_usb.c.obj
 .time_critical.e15_is_bulkin_ep
                0x20000a6c       0x28 CMakeFiles/Test_1.dir/C_/Users/nahue/.pico-sdk/sdk/2.2.0/lib/tinyusb/src/portable/raspberrypi/rp2040/rp2040_usb.c.obj
 .time_critical.e15_is_critical_frame_period
                0x20000a94       0x28 CMakeFiles/Test_1.dir/C_/Users/nahue/.pico-sdk/sdk/2.2.0/lib/tinyusb/src/portable/raspberrypi/rp2040/rp2040_usb.c.obj
 .time_critical.hw_endpoint_reset_transfer
                0x20000abc        0xc CMakeFiles/Test_1.dir/C_/Users/nahue/.pico-sdk/sdk/2.2.0/lib/tinyusb/src/portable/raspberrypi/rp2040/rp2040_usb.c.obj
                0x20000abc                hw_endpoint_reset_transfer
 .time_critical._hw_endpoint_buffer_control_update32
                0x20000ac8       0x44 CMakeFiles/Test_1.dir/C_/Users/nahue/.pico-sdk/sdk/2.2.0/lib/tinyusb/src/portable/raspberrypi/rp2040/rp2040_usb.c.obj
                0x20000ac8                _hw_endpoint_buffer_control_update32
 .time_critical.hw_endpoint_start_next_buffer
                0x20000b0c       0x64 CMakeFiles/Test_1.dir/C_/Users/nahue/.pico-sdk/sdk/2.2.0/lib/tinyusb/src/portable/raspberrypi/rp2040/rp2040_usb.c.obj
                0x20000b0c                hw_endpoint_start_next_buffer
 .time_critical.hw_endpoint_xfer_continue
                0x20000b70       0x3c CMakeFiles/Test_1.dir/C_/Users/nahue/.pico-sdk/sdk/2.2.0/lib/tinyusb/src/portable/raspberrypi/rp2040/rp2040_usb.c.obj
                0x20000b70                hw_endpoint_xfer_continue
 .time_critical.tinyusb
                0x20000bac      0x224 CMakeFiles/Test_1.dir/C_/Users/nahue/.pico-sdk/sdk/2.2.0/lib/tinyusb/src/device/usbd.c.obj
                0x20000bac                dcd_event_handler
 *(.text*)
 .text          0x20000dd0      0x378 C:/Users/nahue/.pico-sdk/toolchain/14_2_Rel1/bin/../lib/gcc/arm-none-eabi/14.2.1/thumb/v8-m.main+fp/softfp\libgcc.a(_arm_addsubdf3.o)
                0x20000dd0                __aeabi_drsub
                0x20000dd8                __aeabi_dsub
                0x20000dd8                __subdf3
                0x20000ddc                __aeabi_dadd
                0x20000ddc                __adddf3
                0x20001054                __floatunsidf
                0x20001054                __aeabi_ui2d
                0x20001074                __floatsidf
                0x20001074                __aeabi_i2d
                0x20001098                __aeabi_f2d
                0x20001098                __extendsfdf2
                0x200010dc                __floatundidf
                0x200010dc                __aeabi_ul2d
                0x200010ec                __floatdidf
                0x200010ec                __aeabi_l2d
 .text          0x20001148       0x30 C:/Users/nahue/.pico-sdk/toolchain/14_2_Rel1/bin/../lib/gcc/arm-none-eabi/14.2.1/thumb/v8-m.main+fp/softfp\libgcc.a(_aeabi_uldivmod.o)
                0x20001148                __aeabi_uldivmod
 .text.__udivmoddi4
                0x20001178      0x34c C:/Users/nahue/.pico-sdk/toolchain/14_2_Rel1/bin/../lib/gcc/arm-none-eabi/14.2.1/thumb/v8-m.main+fp/softfp\libgcc.a(_udivmoddi4.o)
                0x20001178                __udivmoddi4
 .text          0x200014c4        0x4 C:/Users/nahue/.pico-sdk/toolchain/14_2_Rel1/bin/../lib/gcc/arm-none-eabi/14.2.1/thumb/v8-m.main+fp/softfp\libgcc.a(_dvmd_tls.o)
                0x200014c4                __aeabi_idiv0
                0x200014c4                __aeabi_ldiv0
 .text.__stub   0x200014c8       0x30 linker stubs
                0x200014f8                        . = ALIGN (0x4)
 *(.rodata*)
                0x200014f8                        . = ALIGN (0x4)
 *(.data*)
 .data.striped_spin_lock_num
                0x200014f8        0x1 CMakeFiles/Test_1.dir/C_/Users/nahue/.pico-sdk/sdk/2.2.0/src/rp2_common/hardware_sync/sync.c.obj
 *fill*         0x200014f9        0x3 
 .data          0x200014fc       0x48 CMakeFiles/Test_1.dir/C_/Users/nahue/.pico-sdk/sdk/2.2.0/src/rp2_common/hardware_irq/irq_handler_chain.S.obj
                0x200014fc                irq_handler_chain_slots
                0x2000152c                irq_handler_chain_first_slot
                0x20001536                irq_handler_chain_remove_tail
 .data.default_alarm_pool
                0x20001544       0x18 CMakeFiles/Test_1.dir/C_/Users/nahue/.pico-sdk/sdk/2.2.0/src/common/pico_time/time.c.obj
 .data.stdio_uart
                0x2000155c       0x18 CMakeFiles/Test_1.dir/C_/Users/nahue/.pico-sdk/sdk/2.2.0/src/rp2_common/pico_stdio_uart/stdio_uart.c.obj
                0x2000155c                stdio_uart
 .data.stdio_usb
                0x20001574       0x18 CMakeFiles/Test_1.dir/C_/Users/nahue/.pico-sdk/sdk/2.2.0/src/rp2_common/pico_stdio_usb/stdio_usb.c.obj
                0x20001574                stdio_usb
 .data._usbd_qdef
                0x2000158c       0x1c CMakeFiles/Test_1.dir/C_/Users/nahue/.pico-sdk/sdk/2.2.0/lib/tinyusb/src/device/usbd.c.obj
                0x2000158c                _usbd_qdef
 .data._usbd_rhport
                0x200015a8        0x1 CMakeFiles/Test_1.dir/C_/Users/nahue/.pico-sdk/sdk/2.2.0/lib/tinyusb/src/device/usbd.c.obj
 *fill*         0x200015a9        0x3 
 .data.mode_overdrive
                0x200015ac        0xc one_wire/libone_wire.a(OneWire.c.obj)
 .data.mode_standar
                0x200015b8        0xc one_wire/libone_wire.a(OneWire.c.obj)
 *(.sdata*)
                0x200015c4                        . = ALIGN (0x4)
 *(.after_data.*)
                0x200015c4                        . = ALIGN (0x4)
                0x200015c4                        PROVIDE (__mutex_array_start = .)
 *(SORT_BY_NAME(.mutex_array.*))
 *(.mutex_array)
 .mutex_array   0x200015c4        0x8 CMakeFiles/Test_1.dir/C_/Users/nahue/.pico-sdk/sdk/2.2.0/src/rp2_common/pico_stdio/stdio.c.obj
                0x200015cc                        PROVIDE (__mutex_array_end = .)
 *(.jcr)
                0x200015cc                        . = ALIGN (0x4)

.tm_clone_table
                0x200015cc        0x0 load address 0x100085fc
 .tm_clone_table
                0x200015cc        0x0 C:/Users/nahue/.pico-sdk/toolchain/14_2_Rel1/bin/../lib/gcc/arm-none-eabi/14.2.1/thumb/v8-m.main+fp/softfp/crtbegin.o
 .tm_clone_table
                0x200015cc        0x0 C:/Users/nahue/.pico-sdk/toolchain/14_2_Rel1/bin/../lib/gcc/arm-none-eabi/14.2.1/thumb/v8-m.main+fp/softfp/crtend.o

.igot.plt       0x200015cc        0x0 load address 0x100085fc
 .igot.plt      0x200015cc        0x0 C:/Users/nahue/.pico-sdk/toolchain/14_2_Rel1/bin/../lib/gcc/arm-none-eabi/14.2.1/thumb/v8-m.main+fp/softfp/crtbegin.o

.tdata          0x200015cc        0x0 load address 0x100085fc
                0x200015cc                        . = ALIGN (0x4)
 *(.tdata .tdata.* .gnu.linkonce.td.*)
                0x200015cc                        __tdata_end = .
                0x200015cc                        PROVIDE (__data_end__ = .)
                0x10007140                        __etext = LOADADDR (.data)

.tbss           0x200015cc        0x0 load address 0x100085fc
                0x200015cc                        . = ALIGN (0x4)
                0x200015cc                        __bss_start__ = .
                0x200015cc                        __tls_base = .
 *(.tbss .tbss.* .gnu.linkonce.tb.*)
 *(.tcommon)
                0x200015cc                        __tls_end = .

.bss            0x200015d0      0xc58 load address 0x100085fc
                0x200015d0                        . = ALIGN (0x4)
                0x200015d0                        __tbss_end = .
 *(SORT_BY_ALIGNMENT(SORT_BY_NAME(.bss*)))
 .bss.bus       0x200015d0       0x20 CMakeFiles/Test_1.dir/Test_1.c.obj
 .bss.default_alarm_pool_entries
                0x200015f0      0x180 CMakeFiles/Test_1.dir/C_/Users/nahue/.pico-sdk/sdk/2.2.0/src/common/pico_time/time.c.obj
 .bss.last_avail_time.1
                0x20001770        0x8 CMakeFiles/Test_1.dir/C_/Users/nahue/.pico-sdk/sdk/2.2.0/src/rp2_common/pico_stdio_usb/stdio_usb.c.obj
 .bss._app_driver
                0x20001778        0x4 CMakeFiles/Test_1.dir/C_/Users/nahue/.pico-sdk/sdk/2.2.0/lib/tinyusb/src/device/usbd.c.obj
 .bss._cdcd_epbuf
                0x2000177c       0x80 CMakeFiles/Test_1.dir/C_/Users/nahue/.pico-sdk/sdk/2.2.0/lib/tinyusb/src/class/cdc/cdc_device.c.obj
 .bss._cdcd_fifo_cfg
                0x200017fc        0x1 CMakeFiles/Test_1.dir/C_/Users/nahue/.pico-sdk/sdk/2.2.0/lib/tinyusb/src/class/cdc/cdc_device.c.obj
 *fill*         0x200017fd        0x3 
 .bss._cdcd_itf
                0x20001800       0xc8 CMakeFiles/Test_1.dir/C_/Users/nahue/.pico-sdk/sdk/2.2.0/lib/tinyusb/src/class/cdc/cdc_device.c.obj
 .bss._ctrl_epbuf
                0x200018c8       0x40 CMakeFiles/Test_1.dir/C_/Users/nahue/.pico-sdk/sdk/2.2.0/lib/tinyusb/src/device/usbd_control.c.obj
 .bss._ctrl_xfer
                0x20001908       0x14 CMakeFiles/Test_1.dir/C_/Users/nahue/.pico-sdk/sdk/2.2.0/lib/tinyusb/src/device/usbd_control.c.obj
 .bss._sw_spin_locks
                0x2000191c       0x20 CMakeFiles/Test_1.dir/C_/Users/nahue/.pico-sdk/sdk/2.2.0/src/rp2_common/hardware_sync_spin_lock/sync_spin_lock.c.obj
                0x2000191c                _sw_spin_locks
 .bss._tusb_rhport_role
                0x2000193c        0x2 CMakeFiles/Test_1.dir/C_/Users/nahue/.pico-sdk/sdk/2.2.0/lib/tinyusb/src/tusb.c.obj
                0x2000193c                _tusb_rhport_role
 *fill*         0x2000193e        0x2 
 .bss._ubsd_mutexdef
                0x20001940        0x8 CMakeFiles/Test_1.dir/C_/Users/nahue/.pico-sdk/sdk/2.2.0/lib/tinyusb/src/device/usbd.c.obj
 .bss._usbd_dev
                0x20001948       0x54 CMakeFiles/Test_1.dir/C_/Users/nahue/.pico-sdk/sdk/2.2.0/lib/tinyusb/src/device/usbd.c.obj
 .bss._usbd_mutex
                0x2000199c        0x4 CMakeFiles/Test_1.dir/C_/Users/nahue/.pico-sdk/sdk/2.2.0/lib/tinyusb/src/device/usbd.c.obj
 .bss._usbd_q   0x200019a0        0x4 CMakeFiles/Test_1.dir/C_/Users/nahue/.pico-sdk/sdk/2.2.0/lib/tinyusb/src/device/usbd.c.obj
 .bss._usbd_qdef_buf
                0x200019a4       0xc0 CMakeFiles/Test_1.dir/C_/Users/nahue/.pico-sdk/sdk/2.2.0/lib/tinyusb/src/device/usbd.c.obj
                0x200019a4                _usbd_qdef_buf
 .bss._vendord_epbuf
                0x20001a64       0x80 CMakeFiles/Test_1.dir/C_/Users/nahue/.pico-sdk/sdk/2.2.0/lib/tinyusb/src/class/vendor/vendor_device.c.obj
 .bss._vendord_itf
                0x20001ae4      0x24c CMakeFiles/Test_1.dir/C_/Users/nahue/.pico-sdk/sdk/2.2.0/lib/tinyusb/src/class/vendor/vendor_device.c.obj
 .bss.chars_available_callback
                0x20001d30        0x4 CMakeFiles/Test_1.dir/C_/Users/nahue/.pico-sdk/sdk/2.2.0/src/rp2_common/pico_stdio_uart/stdio_uart.c.obj
 .bss.chars_available_callback
                0x20001d34        0x4 CMakeFiles/Test_1.dir/C_/Users/nahue/.pico-sdk/sdk/2.2.0/src/rp2_common/pico_stdio_usb/stdio_usb.c.obj
 .bss.chars_available_param
                0x20001d38        0x4 CMakeFiles/Test_1.dir/C_/Users/nahue/.pico-sdk/sdk/2.2.0/src/rp2_common/pico_stdio_uart/stdio_uart.c.obj
 .bss.chars_available_param
                0x20001d3c        0x4 CMakeFiles/Test_1.dir/C_/Users/nahue/.pico-sdk/sdk/2.2.0/src/rp2_common/pico_stdio_usb/stdio_usb.c.obj
 .bss.claimed   0x20001d40        0x4 CMakeFiles/Test_1.dir/C_/Users/nahue/.pico-sdk/sdk/2.2.0/src/rp2_common/hardware_sync/sync.c.obj
 .bss.claimed   0x20001d44        0x2 CMakeFiles/Test_1.dir/C_/Users/nahue/.pico-sdk/sdk/2.2.0/src/rp2_common/hardware_timer/timer.c.obj
 *fill*         0x20001d46        0x2 
 .bss.configured_freq
                0x20001d48       0x28 CMakeFiles/Test_1.dir/C_/Users/nahue/.pico-sdk/sdk/2.2.0/src/rp2_common/hardware_clocks/clocks.c.obj
 .bss.desc_str.0
                0x20001d70       0x28 CMakeFiles/Test_1.dir/C_/Users/nahue/.pico-sdk/sdk/2.2.0/src/rp2_common/pico_stdio_usb/stdio_usb_descriptors.c.obj
 .bss.drivers   0x20001d98        0x4 CMakeFiles/Test_1.dir/C_/Users/nahue/.pico-sdk/sdk/2.2.0/src/rp2_common/pico_stdio/stdio.c.obj
 .bss.e15_last_sof
                0x20001d9c        0x4 CMakeFiles/Test_1.dir/C_/Users/nahue/.pico-sdk/sdk/2.2.0/lib/tinyusb/src/portable/raspberrypi/rp2040/rp2040_usb.c.obj
                0x20001d9c                e15_last_sof
 .bss.filter    0x20001da0        0x4 CMakeFiles/Test_1.dir/C_/Users/nahue/.pico-sdk/sdk/2.2.0/src/rp2_common/pico_stdio/stdio.c.obj
 .bss.hw_endpoints
                0x20001da4      0x400 CMakeFiles/Test_1.dir/C_/Users/nahue/.pico-sdk/sdk/2.2.0/lib/tinyusb/src/portable/raspberrypi/rp2040/dcd_rp2040.c.obj
 .bss.lazy_vsnprintf
                0x200021a4        0x4 CMakeFiles/Test_1.dir/C_/Users/nahue/.pico-sdk/sdk/2.2.0/src/rp2_common/pico_printf/printf.c.obj
 .bss.load_value
                0x200021a8        0x4 CMakeFiles/Test_1.dir/C_/Users/nahue/.pico-sdk/sdk/2.2.0/src/rp2_common/hardware_watchdog/watchdog.c.obj
 .bss.next_buffer_ptr
                0x200021ac        0x4 CMakeFiles/Test_1.dir/C_/Users/nahue/.pico-sdk/sdk/2.2.0/lib/tinyusb/src/portable/raspberrypi/rp2040/dcd_rp2040.c.obj
 .bss.object.0  0x200021b0       0x18 C:/Users/nahue/.pico-sdk/toolchain/14_2_Rel1/bin/../lib/gcc/arm-none-eabi/14.2.1/thumb/v8-m.main+fp/softfp/crtbegin.o
 .bss.one_shot_timer_crit_sec
                0x200021c8        0x8 CMakeFiles/Test_1.dir/C_/Users/nahue/.pico-sdk/sdk/2.2.0/src/rp2_common/pico_stdio_usb/stdio_usb.c.obj
 .bss.pools     0x200021d0       0x20 CMakeFiles/Test_1.dir/C_/Users/nahue/.pico-sdk/sdk/2.2.0/src/common/pico_time/time.c.obj
 .bss.retrieved_id
                0x200021f0        0x8 CMakeFiles/Test_1.dir/C_/Users/nahue/.pico-sdk/sdk/2.2.0/src/rp2_common/pico_unique_id/unique_id.c.obj
 .bss.sleep_notifier
                0x200021f8        0x4 CMakeFiles/Test_1.dir/C_/Users/nahue/.pico-sdk/sdk/2.2.0/src/common/pico_time/time.c.obj
 .bss.stdio_usb_mutex
                0x200021fc        0x8 CMakeFiles/Test_1.dir/C_/Users/nahue/.pico-sdk/sdk/2.2.0/src/rp2_common/pico_stdio_usb/stdio_usb.c.obj
 .bss.uart_char_to_line_feed
                0x20002204        0x4 CMakeFiles/Test_1.dir/C_/Users/nahue/.pico-sdk/sdk/2.2.0/src/rp2_common/hardware_uart/uart.c.obj
                0x20002204                uart_char_to_line_feed
 .bss.uart_instance
                0x20002208        0x4 CMakeFiles/Test_1.dir/C_/Users/nahue/.pico-sdk/sdk/2.2.0/src/rp2_common/pico_stdio_uart/stdio_uart.c.obj
 .bss.usbd_serial_str
                0x2000220c       0x11 CMakeFiles/Test_1.dir/C_/Users/nahue/.pico-sdk/sdk/2.2.0/src/rp2_common/pico_stdio_usb/stdio_usb_descriptors.c.obj
 .bss._app_driver_count
                0x2000221d        0x1 CMakeFiles/Test_1.dir/C_/Users/nahue/.pico-sdk/sdk/2.2.0/lib/tinyusb/src/device/usbd.c.obj
 .bss._sof_enable
                0x2000221e        0x1 CMakeFiles/Test_1.dir/C_/Users/nahue/.pico-sdk/sdk/2.2.0/lib/tinyusb/src/portable/raspberrypi/rp2040/dcd_rp2040.c.obj
 .bss._usbd_queued_setup
                0x2000221f        0x1 CMakeFiles/Test_1.dir/C_/Users/nahue/.pico-sdk/sdk/2.2.0/lib/tinyusb/src/device/usbd.c.obj
 .bss.irq_handler_chain_free_slot_head
                0x20002220        0x1 CMakeFiles/Test_1.dir/C_/Users/nahue/.pico-sdk/sdk/2.2.0/src/rp2_common/hardware_irq/irq.c.obj
 .bss.itf_num   0x20002221        0x1 CMakeFiles/Test_1.dir/C_/Users/nahue/.pico-sdk/sdk/2.2.0/src/rp2_common/pico_stdio_usb/reset_interface.c.obj
 .bss.low_priority_irq_num
                0x20002222        0x1 CMakeFiles/Test_1.dir/C_/Users/nahue/.pico-sdk/sdk/2.2.0/src/rp2_common/pico_stdio_usb/stdio_usb.c.obj
 .bss.one_shot_timer_pending
                0x20002223        0x1 CMakeFiles/Test_1.dir/C_/Users/nahue/.pico-sdk/sdk/2.2.0/src/rp2_common/pico_stdio_usb/stdio_usb.c.obj
 .bss.user_irq_claimed
                0x20002224        0x1 CMakeFiles/Test_1.dir/C_/Users/nahue/.pico-sdk/sdk/2.2.0/src/rp2_common/hardware_irq/irq.c.obj
 *(COMMON)
                [!provide]                        PROVIDE (__global_pointer$ = (. + 0x800))
 *(.sbss*)
                0x20002228                        . = ALIGN (0x4)
 *fill*         0x20002225        0x3 
                0x20002228                        __bss_end__ = .

.heap           0x20002228      0x800 load address 0x100085fc
                0x20002228                        __end__ = .
                0x20002228                        end = __end__
 *(.heap*)
 .heap          0x20002228      0x800 CMakeFiles/Test_1.dir/C_/Users/nahue/.pico-sdk/sdk/2.2.0/src/rp2_common/pico_crt0/crt0.S.obj
                0x20080000                        __HeapLimit = (ORIGIN (RAM) + LENGTH (RAM))

.scratch_x      0x20080000        0x0 load address 0x100085fc
                0x20080000                        __scratch_x_start__ = .
 *(.scratch_x.*)
                0x20080000                        . = ALIGN (0x4)
                0x20080000                        __scratch_x_end__ = .
                0x100085fc                        __scratch_x_source__ = LOADADDR (.scratch_x)

.scratch_y      0x20081000        0x0 load address 0x100085fc
                0x20081000                        __scratch_y_start__ = .
 *(.scratch_y.*)
                0x20081000                        . = ALIGN (0x4)
                0x20081000                        __scratch_y_end__ = .
                0x100085fc                        __scratch_y_source__ = LOADADDR (.scratch_y)

.stack1_dummy
 *(.stack1*)

.stack_dummy    0x20081000      0x800
 *(.stack*)
 .stack         0x20081000      0x800 CMakeFiles/Test_1.dir/C_/Users/nahue/.pico-sdk/sdk/2.2.0/src/rp2_common/pico_crt0/crt0.S.obj

.flash_end      0x100085fc       0x14
 *(.embedded_end_block*)
 .embedded_end_block
                0x100085fc       0x14 CMakeFiles/Test_1.dir/C_/Users/nahue/.pico-sdk/sdk/2.2.0/src/rp2_common/pico_crt0/crt0.S.obj
                0x10008610                        PROVIDE (__flash_binary_end = .)
                0x20080000                        __StackLimit = (ORIGIN (RAM) + LENGTH (RAM))
                0x20081000                        __StackOneTop = (ORIGIN (SCRATCH_X) + LENGTH (SCRATCH_X))
                0x20082000                        __StackTop = (ORIGIN (SCRATCH_Y) + LENGTH (SCRATCH_Y))
                0x20081000                        __StackOneBottom = (__StackOneTop - SIZEOF (.stack1_dummy))
                0x20081800                        __StackBottom = (__StackTop - SIZEOF (.stack_dummy))
                0x20082000                        PROVIDE (__stack = __StackTop)
                [!provide]                        PROVIDE (__heap_start = __end__)
                [!provide]                        PROVIDE (__heap_end = __HeapLimit)
                [!provide]                        PROVIDE (__tls_align = MAX (ALIGNOF (.tdata), ALIGNOF (.tbss)))
                [!provide]                        PROVIDE (__tls_size_align = (((__tls_size + __tls_align) - 0x1) & ~ ((__tls_align - 0x1))))
                [!provide]                        PROVIDE (__arm32_tls_tcb_offset = MAX (0x8, __tls_align))
                [!provide]                        PROVIDE (_end = __end__)
                [!provide]                        PROVIDE (__llvm_libc_heap_limit = __HeapLimit)
                0x00000001                        ASSERT ((__StackLimit >= __HeapLimit), region RAM overflowed)
                0x00000001                        ASSERT (((__binary_info_header_end - __logical_binary_start) <= 0x400), Binary info must be in first 1024 bytes of the binary)
                0x00000001                        ASSERT (((__embedded_block_end - __logical_binary_start) <= 0x1000), Embedded block must be in first 4096 bytes of the binary)
LOAD CMakeFiles/Test_1.dir/Test_1.c.obj
LOAD CMakeFiles/Test_1.dir/C_/Users/nahue/.pico-sdk/sdk/2.2.0/src/rp2_common/pico_stdlib/stdlib.c.obj
LOAD CMakeFiles/Test_1.dir/C_/Users/nahue/.pico-sdk/sdk/2.2.0/src/rp2_common/hardware_gpio/gpio.c.obj
LOAD CMakeFiles/Test_1.dir/C_/Users/nahue/.pico-sdk/sdk/2.2.0/src/rp2350/pico_platform/platform.c.obj
LOAD CMakeFiles/Test_1.dir/C_/Users/nahue/.pico-sdk/sdk/2.2.0/src/rp2_common/pico_platform_common/common.c.obj
LOAD CMakeFiles/Test_1.dir/C_/Users/nahue/.pico-sdk/sdk/2.2.0/src/rp2_common/pico_platform_panic/panic.c.obj
LOAD CMakeFiles/Test_1.dir/C_/Users/nahue/.pico-sdk/sdk/2.2.0/src/common/hardware_claim/claim.c.obj
LOAD CMakeFiles/Test_1.dir/C_/Users/nahue/.pico-sdk/sdk/2.2.0/src/rp2_common/hardware_sync/sync.c.obj
LOAD CMakeFiles/Test_1.dir/C_/Users/nahue/.pico-sdk/sdk/2.2.0/src/rp2_common/hardware_sync_spin_lock/sync_spin_lock.c.obj
LOAD CMakeFiles/Test_1.dir/C_/Users/nahue/.pico-sdk/sdk/2.2.0/src/rp2_common/hardware_irq/irq.c.obj
LOAD CMakeFiles/Test_1.dir/C_/Users/nahue/.pico-sdk/sdk/2.2.0/src/rp2_common/hardware_irq/irq_handler_chain.S.obj
LOAD CMakeFiles/Test_1.dir/C_/Users/nahue/.pico-sdk/sdk/2.2.0/src/common/pico_sync/sem.c.obj
LOAD CMakeFiles/Test_1.dir/C_/Users/nahue/.pico-sdk/sdk/2.2.0/src/common/pico_sync/lock_core.c.obj
LOAD CMakeFiles/Test_1.dir/C_/Users/nahue/.pico-sdk/sdk/2.2.0/src/common/pico_sync/mutex.c.obj
LOAD CMakeFiles/Test_1.dir/C_/Users/nahue/.pico-sdk/sdk/2.2.0/src/common/pico_sync/critical_section.c.obj
LOAD CMakeFiles/Test_1.dir/C_/Users/nahue/.pico-sdk/sdk/2.2.0/src/common/pico_time/time.c.obj
LOAD CMakeFiles/Test_1.dir/C_/Users/nahue/.pico-sdk/sdk/2.2.0/src/common/pico_time/timeout_helper.c.obj
LOAD CMakeFiles/Test_1.dir/C_/Users/nahue/.pico-sdk/sdk/2.2.0/src/rp2_common/hardware_timer/timer.c.obj
LOAD CMakeFiles/Test_1.dir/C_/Users/nahue/.pico-sdk/sdk/2.2.0/src/common/pico_util/datetime.c.obj
LOAD CMakeFiles/Test_1.dir/C_/Users/nahue/.pico-sdk/sdk/2.2.0/src/common/pico_util/pheap.c.obj
LOAD CMakeFiles/Test_1.dir/C_/Users/nahue/.pico-sdk/sdk/2.2.0/src/common/pico_util/queue.c.obj
LOAD CMakeFiles/Test_1.dir/C_/Users/nahue/.pico-sdk/sdk/2.2.0/src/rp2_common/hardware_uart/uart.c.obj
LOAD CMakeFiles/Test_1.dir/C_/Users/nahue/.pico-sdk/sdk/2.2.0/src/rp2_common/hardware_clocks/clocks.c.obj
LOAD CMakeFiles/Test_1.dir/C_/Users/nahue/.pico-sdk/sdk/2.2.0/src/rp2_common/hardware_pll/pll.c.obj
LOAD CMakeFiles/Test_1.dir/C_/Users/nahue/.pico-sdk/sdk/2.2.0/src/rp2_common/hardware_vreg/vreg.c.obj